Microchip MPLAB XC8 Compiler V2.10 ()

Linker command line:

-W-3 --edf=/opt/microchip/xc8/v2.10/pic/dat/en_msgs.txt -cs \
  -h+dist/default/production/Lab3.X.production.sym \
  --cmf=dist/default/production/Lab3.X.production.cmf -z -Q18F8722 \
  -o/tmp/xcX3beoGw --defsym=__MPLAB_BUILD=1 \
  -Mdist/default/production/Lab3.X.production.map -E1 -ver=XC8 --acfsm=1493 \
  -ASTACK=01BCh-0F5Fh -pstack=STACK -ACODE=00h-01FFFFh -ACONST=00h-01FFFFh \
  -ASMALLCONST=01000h-010FFhx496 \
  -AMEDIUMCONST=01000h-0FFFFh,011000h-01FFFFh -ACOMRAM=01h-05Fh \
  -AABS1=00h-0F5Fh -ABIGRAM=01h-0F5Fh \
  -ARAM=060h-0FFh,0100h-01FFhx14,0F00h-0F5Fh -ABANK0=060h-0FFh \
  -ABANK1=0100h-01FFh -ABANK2=0200h-02FFh -ABANK3=0300h-03FFh \
  -ABANK4=0400h-04FFh -ABANK5=0500h-05FFh -ABANK6=0600h-06FFh \
  -ABANK7=0700h-07FFh -ABANK8=0800h-08FFh -ABANK9=0900h-09FFh \
  -ABANK10=0A00h-0AFFh -ABANK11=0B00h-0BFFh -ABANK12=0C00h-0CFFh \
  -ABANK13=0D00h-0DFFh -ABANK14=0E00h-0EFFh -ABANK15=0F00h-0F5Fh \
  -ASFR=0F60h-0FFFh -preset_vec=00h,intcode=08h,intcodelo,powerup,init \
  -pramtop=01000h -psmallconst=SMALLCONST -pmediumconst=MEDIUMCONST \
  -pconst=CONST -AFARRAM=00h-00h -ACONFIG=0300000h-030000Dh -pconfig=CONFIG \
  -AIDLOC=0200000h-0200007h -pidloc=IDLOC -AEEDATA=0F00000h-0F003FFh \
  -peeprom_data=EEDATA \
  -prdata=COMRAM,nvrram=COMRAM,nvbit=COMRAM,rbss=COMRAM,rbit=COMRAM \
  -pfarbss=FARRAM,fardata=FARRAM,nvFARRAM=FARRAM \
  -pintsave_regs=BIGRAM,bigbss=BIGRAM,bigdata=BIGRAM -pbss=RAM \
  -pidata=CODE,irdata=CODE,ibigdata=CODE,ifardata=CODE -prparam=COMRAM \
  /tmp/xcXP7QZJz.o dist/default/production/Lab3.X.production.o 

Object code version is 3.11

Machine type is 18F8722

Call graph: (short form)




                Name                               Link     Load   Length Selector   Space Scale
/tmp/xcXP7QZJz.o
                init                                  E        E        4        4       0
                reset_vec                             0        0        4        0       0
                idloc                            200000   200000        8   200000       0
                config                           300000   300000        E   300000       0
dist/default/production/Lab3.X.production.o
                intcode                               8        8        6        4       0
                temp                                 5F       5F        1        1       1
                smallconst                         1000     1000       C8      800       0
                text46                             61F8     61F8       6E      864       0
                intcode_body                       5D38     5D38       A8      864       0
                text44                             5C88     5C88       B0      864       0
                text43                             62CA     62CA       64      864       0
                text42                             6682     6682       1A      864       0
                text41                             63D8     63D8       4C      864       0
                text40                             6528     6528       3A      864       0
                text39                             638C     638C       4C      864       0
                text38                             64EA     64EA       3E      864       0
                text37                             6116     6116       74      864       0
                text36                             6266     6266       64      864       0
                text35                             5BA2     5BA2       E6      864       0
                text34                             55A6     55A6      1A4      864       0
                text33                             618A     618A       6E      864       0
                text32                             64AA     64AA       40      864       0
                text31                             646A     646A       40      864       0
                text30                             48A4     48A4      3B0      864       0
                text29                             6018     6018       88      864       0
                text28                             588C     588C      10A      864       0
                text27                             5F8E     5F8E       8A      864       0
                text26                             5F04     5F04       8A      864       0
                text25                             5E7A     5E7A       8A      864       0
                text24                             5222     5222      1D0      864       0
                text23                             60A0     60A0       76      864       0
                text22                             669C     669C       12      864       0
                text21                             6668     6668       1A      864       0
                text20                             632E     632E       5E      864       0
                text19                             5996     5996      108      864       0
                text18                             4C54     4C54      39A      864       0
                text17                             6562     6562       38      864       0
                text16                             3FBA     3FBA      4C0      864       0
                text15                             6424     6424       46      864       0
                text14                             53F2     53F2      1B4      864       0
                text13                             65D0     65D0       34      864       0
                text12                             447A     447A      42A      864       0
                text11                             4FEE     4FEE      234      864       0
                text10                             5A9E     5A9E      104      864       0
                text9                              6628     6628       22      864       0
                text8                              3AFA     3AFA      4C0      864       0
                text7                              10C8     10C8     2A32      864       0
                text6                              574A     574A      142      864       0
                text5                              66AE     66AE        A      864       0
                text4                              66BE     66BE        6      864       0
                text3                              6604     6604       24      864       0
                text2                              66B8     66B8        6      864       0
                text1                              664A     664A       1E      864       0
                text0                              5DE0     5DE0       9A      864       0
                cstackCOMRAM                          1        1       5E        1       1
                cstackBANK0                          60       60       4F       60       1
                cstackBANK1                         100      100       BC      100       1
                dataBANK0                            D9       D9        5       60       1
                bssBANK0                             AF       AF       2A       60       1
                cinit                              659A     659A       36      864       0
                nvBANK0                              DE       DE        2       60       1
                idataBANK0                         66C4     66C4        5      864       0

TOTAL           Name                               Link     Load   Length     Space
        CLASS   STACK          

        CLASS   CODE           
                intcode                               8        8        6         0
                init                                  E        E        4         0
                reset_vec                             0        0        4         0
                text46                             61F8     61F8       6E         0
                intcode_body                       5D38     5D38       A8         0
                text44                             5C88     5C88       B0         0
                text43                             62CA     62CA       64         0
                text42                             6682     6682       1A         0
                text41                             63D8     63D8       4C         0
                text40                             6528     6528       3A         0
                text39                             638C     638C       4C         0
                text38                             64EA     64EA       3E         0
                text37                             6116     6116       74         0
                text36                             6266     6266       64         0
                text35                             5BA2     5BA2       E6         0
                text34                             55A6     55A6      1A4         0
                text33                             618A     618A       6E         0
                text32                             64AA     64AA       40         0
                text31                             646A     646A       40         0
                text30                             48A4     48A4      3B0         0
                text29                             6018     6018       88         0
                text28                             588C     588C      10A         0
                text27                             5F8E     5F8E       8A         0
                text26                             5F04     5F04       8A         0
                text25                             5E7A     5E7A       8A         0
                text24                             5222     5222      1D0         0
                text23                             60A0     60A0       76         0
                text22                             669C     669C       12         0
                text21                             6668     6668       1A         0
                text20                             632E     632E       5E         0
                text19                             5996     5996      108         0
                text18                             4C54     4C54      39A         0
                text17                             6562     6562       38         0
                text16                             3FBA     3FBA      4C0         0
                text15                             6424     6424       46         0
                text14                             53F2     53F2      1B4         0
                text13                             65D0     65D0       34         0
                text12                             447A     447A      42A         0
                text11                             4FEE     4FEE      234         0
                text10                             5A9E     5A9E      104         0
                text9                              6628     6628       22         0
                text8                              3AFA     3AFA      4C0         0
                text7                              10C8     10C8     2A32         0
                text6                              574A     574A      142         0
                text5                              66AE     66AE        A         0
                text4                              66BE     66BE        6         0
                text3                              6604     6604       24         0
                text2                              66B8     66B8        6         0
                text1                              664A     664A       1E         0
                text0                              5DE0     5DE0       9A         0
                cinit                              659A     659A       36         0
                idataBANK0                         66C4     66C4        5         0

        CLASS   CONST          

        CLASS   SMALLCONST     
                smallconst                         1000     1000       C8         0

        CLASS   MEDIUMCONST    

        CLASS   COMRAM         
                temp                                 5F       5F        1         1
                cstackCOMRAM                          1        1       5E         1

        CLASS   ABS1           

        CLASS   BIGRAM         

        CLASS   RAM            

        CLASS   BANK0          
                cstackBANK0                          60       60       4F         1
                dataBANK0                            D9       D9        5         1
                bssBANK0                             AF       AF       2A         1
                nvBANK0                              DE       DE        2         1

        CLASS   BANK1          
                cstackBANK1                         100      100       BC         1

        CLASS   BANK2          

        CLASS   BANK3          

        CLASS   BANK4          

        CLASS   BANK5          

        CLASS   BANK6          

        CLASS   BANK7          

        CLASS   BANK8          

        CLASS   BANK9          

        CLASS   BANK10         

        CLASS   BANK11         

        CLASS   BANK12         

        CLASS   BANK13         

        CLASS   BANK14         

        CLASS   BANK15         

        CLASS   SFR            

        CLASS   FARRAM         

        CLASS   CONFIG         
                config                           300000   300000        E         0

        CLASS   IDLOC          
                idloc                            200000   200000        8         0

        CLASS   EEDATA         



SEGMENTS        Name                           Load    Length   Top    Selector   Space  Class

                reset_vec                      000000  000004  000004         0       0  CODE    
                cstackCOMRAM                   000001  00005F  000060         1       1  COMRAM  
                intcode                        000008  00000A  000012         4       0  CODE    
                cstackBANK0                    000060  000080  0000E0        60       1  BANK0   
                cstackBANK1                    000100  0000BC  0001BC       100       1  BANK1   
                smallconst                     001000  0000C8  0010C8       800       0  SMALLCON
                text7                          0010C8  005601  0066C9       864       0  CODE    
                idloc                          200000  000008  200008    200000       0  IDLOC   
                config                         300000  00000E  30000E    300000       0  CONFIG  


UNUSED ADDRESS RANGES

        Name                Unused          Largest block    Delta
        BANK0            0000E0-0000FF               20
        BANK1            0001BC-0001FF               44
        BANK10           000A00-000AFF              100
        BANK11           000B00-000BFF              100
        BANK12           000C00-000CFF              100
        BANK13           000D00-000DFF              100
        BANK14           000E00-000EFF              100
        BANK15           000F00-000F5F               60
        BANK2            000200-0002FF              100
        BANK3            000300-0003FF              100
        BANK4            000400-0004FF              100
        BANK5            000500-0005FF              100
        BANK6            000600-0006FF              100
        BANK7            000700-0007FF              100
        BANK8            000800-0008FF              100
        BANK9            000900-0009FF              100
        BIGRAM           0000E0-0000FF               20
                         0001BC-000F5F              DA4
        CODE             000004-000007                4
                         000012-000FFF              FEE
                         0066C9-01FFFF            19937
        CONST            000004-000007                4
                         000012-000FFF              FEE
                         0066C9-01FFFF            19937
        EEDATA           F00000-F003FF              400
        MEDIUMCONST      0066C9-00FFFF             9937
                         011000-01FFFF             F000
        RAM              0000E0-0000FF               20
                         0001BC-000F5F              100
        SFR              000F60-000FFF               A0
        SMALLCONST       0066C9-01FFFF              100
        STACK            0001BC-000F5F              DA4

                                  Symbol Table

?___awmod                    cstackCOMRAM 000001
?___fladd                    cstackCOMRAM 000001
?___fldiv                    cstackCOMRAM 000040
?___flmul                    cstackCOMRAM 000011
?___flneg                    cstackCOMRAM 000001
?___flsub                    cstackCOMRAM 000038
?___fltol                    cstackCOMRAM 000059
?___lwdiv                    cstackCOMRAM 000001
?___lwmod                    cstackCOMRAM 000001
?___xxtofl                   cstackCOMRAM 00002A
?_fabsf                      cstackCOMRAM 000001
?_nanf                       cstackCOMRAM 000001
?_powf                       cstackBANK0  000088
?_scalbnf                    cstackCOMRAM 00002A
?_sqrtf                      cstackCOMRAM 00004C
LCDCursorControl@line        cstackCOMRAM 000008
LCDCursorControl@pos         cstackCOMRAM 000007
LCDCursorControl@position    cstackCOMRAM 00000B
LCDPutChar@ch                cstackCOMRAM 000006
LCDPutInst@ch                cstackCOMRAM 000006
LCDPutStr@ptr                cstackCOMRAM 000007
Port_BBSPIInit@port_dir      cstackCOMRAM 000004
SendByteBBSPI@bitcount       cstackCOMRAM 000002
SendByteBBSPI@input          cstackCOMRAM 000003
SendByteBBSPI@output         cstackCOMRAM 000001
WritePort_BBSPI@a            cstackCOMRAM 000004
WritePort_BBSPI@port_add     cstackCOMRAM 000005
_ADCON1                      (abs)        000FC1
_INTCONbits                  (abs)        000FF2
_ITR                         intcode      000008
_InitBBSPI                   text22       00669C
_LATA                        (abs)        000F89
_LATAbits                    (abs)        000F89
_LATB                        (abs)        000F8A
_LATC                        (abs)        000F8B
_LATCbits                    (abs)        000F8B
_LATD                        (abs)        000F8C
_LATFbits                    (abs)        000F8E
_LCDCursorControl            text40       006528
_LCDCursorControl$550        cstackCOMRAM 000009
_LCDInit                     text20       00632E
_LCDPutChar                  text39       00638C
_LCDPutInst                  text41       0063D8
_LCDPutStr                   text38       0064EA
_OSCCON                      (abs)        000FD3
_PORTAbits                   (abs)        000F80
_PORTBbits                   (abs)        000F81
_Port_BBSPIInit              text21       006668
_RA5flag                     bssBANK0     0000D5
_RB0flag                     bssBANK0     0000D4
_SendByteBBSPI               text43       0062CA
_T0CON                       (abs)        000FD5
_TMR0                        (abs)        000FD6
_TRISA                       (abs)        000F92
_TRISAbits                   (abs)        000F92
_TRISB                       (abs)        000F93
_TRISC                       (abs)        000F94
_TRISCbits                   (abs)        000F94
_TRISD                       (abs)        000F95
_TRISFbits                   (abs)        000F97
_WritePort_BBSPI             text42       006682
__CFG_BOREN$OFF              (abs)        000000
__CFG_FCMEN$OFF              (abs)        000000
__CFG_IESO$OFF               (abs)        000000
__CFG_LVP$OFF                (abs)        000000
__CFG_MCLRE$ON               (abs)        000000
__CFG_OSC$INTIO7             (abs)        000000
__CFG_PWRT$OFF               (abs)        000000
__CFG_WDT$OFF                (abs)        000000
__CFG_XINST$OFF              (abs)        000000
__HRAM                       (abs)        000000
__Habs1                      abs1         000000
__Hbank0                     bank0        000000
__Hbank1                     bank1        000000
__Hbank10                    bank10       000000
__Hbank11                    bank11       000000
__Hbank12                    bank12       000000
__Hbank13                    bank13       000000
__Hbank14                    bank14       000000
__Hbank15                    bank15       000000
__Hbank2                     bank2        000000
__Hbank3                     bank3        000000
__Hbank4                     bank4        000000
__Hbank5                     bank5        000000
__Hbank6                     bank6        000000
__Hbank7                     bank7        000000
__Hbank8                     bank8        000000
__Hbank9                     bank9        000000
__Hbigbss                    bigbss       000000
__Hbigdata                   bigdata      000000
__Hbigram                    bigram       000000
__Hbss                       bss          000000
__HbssBANK0                  bssBANK0     000000
__Hcinit                     cinit        000000
__Hclrtext                   clrtext      000000
__Hcomram                    comram       000000
__Hconfig                    config       30000E
__Hconst                     const        000000
__HcstackBANK0               cstackBANK0  000000
__HcstackBANK1               cstackBANK1  000000
__HcstackCOMRAM              cstackCOMRAM 000000
__Hdata                      data         000000
__HdataBANK0                 dataBANK0    000000
__Heeprom_data               eeprom_data  000000
__Hfarbss                    farbss       000000
__Hfardata                   fardata      000000
__Hibigdata                  ibigdata     000000
__Hidata                     idata        000000
__HidataBANK0                idataBANK0   000000
__Hidloc                     idloc        200008
__Hifardata                  ifardata     000000
__Hinit                      init         000012
__Hintcode                   intcode      00000E
__Hintcode_body              intcode_body 000000
__Hintcodelo                 intcodelo    00000E
__Hintentry                  intentry     000000
__Hintret                    intret       000000
__Hintsave_regs              intsave_regs 000000
__Hirdata                    irdata       000000
__Hmediumconst               mediumconst  000000
__HnvBANK0                   nvBANK0      000000
__HnvFARRAM                  nvFARRAM     000000
__Hnvbit                     nvbit        000000
__Hnvrram                    nvrram       000000
__Hparam                     rparam       000000
__Hpowerup                   powerup      00000E
__Hram                       ram          000000
__Hramtop                    ramtop       001000
__Hrbit                      rbit         000000
__Hrbss                      rbss         000000
__Hrdata                     rdata        000000
__Hreset_vec                 reset_vec    000004
__Hrparam                    rparam       000000
__Hsfr                       sfr          000000
__Hsmallconst                smallconst   0010C8
__Hspace_0                   (abs)        30000E
__Hspace_1                   (abs)        0001BC
__Hspace_2                   (abs)        000000
__Hstack                     stack        000000
__Hstruct                    struct       000000
__Htemp                      temp         000060
__Htext                      text         000000
__Htext0                     text0        000000
__Htext1                     text1        000000
__Htext10                    text10       000000
__Htext11                    text11       000000
__Htext12                    text12       000000
__Htext13                    text13       000000
__Htext14                    text14       000000
__Htext15                    text15       000000
__Htext16                    text16       000000
__Htext17                    text17       000000
__Htext18                    text18       000000
__Htext19                    text19       000000
__Htext2                     text2        000000
__Htext20                    text20       000000
__Htext21                    text21       000000
__Htext22                    text22       000000
__Htext23                    text23       000000
__Htext24                    text24       000000
__Htext25                    text25       000000
__Htext26                    text26       000000
__Htext27                    text27       000000
__Htext28                    text28       000000
__Htext29                    text29       000000
__Htext3                     text3        000000
__Htext30                    text30       000000
__Htext31                    text31       000000
__Htext32                    text32       000000
__Htext33                    text33       000000
__Htext34                    text34       000000
__Htext35                    text35       000000
__Htext36                    text36       000000
__Htext37                    text37       000000
__Htext38                    text38       000000
__Htext39                    text39       000000
__Htext4                     text4        000000
__Htext40                    text40       000000
__Htext41                    text41       000000
__Htext42                    text42       000000
__Htext43                    text43       000000
__Htext44                    text44       000000
__Htext46                    text46       000000
__Htext5                     text5        000000
__Htext6                     text6        000000
__Htext7                     text7        000000
__Htext8                     text8        000000
__Htext9                     text9        000000
__LRAM                       (abs)        000001
__Labs1                      abs1         000000
__Lbank0                     bank0        000000
__Lbank1                     bank1        000000
__Lbank10                    bank10       000000
__Lbank11                    bank11       000000
__Lbank12                    bank12       000000
__Lbank13                    bank13       000000
__Lbank14                    bank14       000000
__Lbank15                    bank15       000000
__Lbank2                     bank2        000000
__Lbank3                     bank3        000000
__Lbank4                     bank4        000000
__Lbank5                     bank5        000000
__Lbank6                     bank6        000000
__Lbank7                     bank7        000000
__Lbank8                     bank8        000000
__Lbank9                     bank9        000000
__Lbigbss                    bigbss       000000
__Lbigdata                   bigdata      000000
__Lbigram                    bigram       000000
__Lbss                       bss          000000
__LbssBANK0                  bssBANK0     000000
__Lcinit                     cinit        000000
__Lclrtext                   clrtext      000000
__Lcomram                    comram       000000
__Lconfig                    config       300000
__Lconst                     const        000000
__LcstackBANK0               cstackBANK0  000000
__LcstackBANK1               cstackBANK1  000000
__LcstackCOMRAM              cstackCOMRAM 000000
__Ldata                      data         000000
__LdataBANK0                 dataBANK0    000000
__Leeprom_data               eeprom_data  000000
__Lfarbss                    farbss       000000
__Lfardata                   fardata      000000
__Libigdata                  ibigdata     000000
__Lidata                     idata        000000
__LidataBANK0                idataBANK0   000000
__Lidloc                     idloc        200000
__Lifardata                  ifardata     000000
__Linit                      init         00000E
__Lintcode                   intcode      000008
__Lintcode_body              intcode_body 000000
__Lintcodelo                 intcodelo    00000E
__Lintentry                  intentry     000000
__Lintret                    intret       000000
__Lintsave_regs              intsave_regs 000000
__Lirdata                    irdata       000000
__Lmediumconst               mediumconst  000000
__LnvBANK0                   nvBANK0      000000
__LnvFARRAM                  nvFARRAM     000000
__Lnvbit                     nvbit        000000
__Lnvrram                    nvrram       000000
__Lparam                     rparam       000000
__Lpowerup                   powerup      00000E
__Lram                       ram          000000
__Lramtop                    ramtop       001000
__Lrbit                      rbit         000000
__Lrbss                      rbss         000000
__Lrdata                     rdata        000000
__Lreset_vec                 reset_vec    000000
__Lrparam                    rparam       000000
__Lsfr                       sfr          000000
__Lsmallconst                smallconst   001000
__Lspace_0                   (abs)        000000
__Lspace_1                   (abs)        000000
__Lspace_2                   (abs)        000000
__Lstack                     stack        000000
__Lstruct                    struct       000000
__Ltemp                      temp         00005F
__Ltext                      text         000000
__Ltext0                     text0        000000
__Ltext1                     text1        000000
__Ltext10                    text10       000000
__Ltext11                    text11       000000
__Ltext12                    text12       000000
__Ltext13                    text13       000000
__Ltext14                    text14       000000
__Ltext15                    text15       000000
__Ltext16                    text16       000000
__Ltext17                    text17       000000
__Ltext18                    text18       000000
__Ltext19                    text19       000000
__Ltext2                     text2        000000
__Ltext20                    text20       000000
__Ltext21                    text21       000000
__Ltext22                    text22       000000
__Ltext23                    text23       000000
__Ltext24                    text24       000000
__Ltext25                    text25       000000
__Ltext26                    text26       000000
__Ltext27                    text27       000000
__Ltext28                    text28       000000
__Ltext29                    text29       000000
__Ltext3                     text3        000000
__Ltext30                    text30       000000
__Ltext31                    text31       000000
__Ltext32                    text32       000000
__Ltext33                    text33       000000
__Ltext34                    text34       000000
__Ltext35                    text35       000000
__Ltext36                    text36       000000
__Ltext37                    text37       000000
__Ltext38                    text38       000000
__Ltext39                    text39       000000
__Ltext4                     text4        000000
__Ltext40                    text40       000000
__Ltext41                    text41       000000
__Ltext42                    text42       000000
__Ltext43                    text43       000000
__Ltext44                    text44       000000
__Ltext46                    text46       000000
__Ltext5                     text5        000000
__Ltext6                     text6        000000
__Ltext7                     text7        000000
__Ltext8                     text8        000000
__Ltext9                     text9        000000
__S0                         (abs)        30000E
__S1                         (abs)        0001BC
__S2                         (abs)        000000
___awmod                     text44       005C88
___awmod@counter             cstackCOMRAM 000005
___awmod@dividend            cstackCOMRAM 000001
___awmod@divisor             cstackCOMRAM 000003
___awmod@sign                cstackCOMRAM 000006
___extmem_base               (abs)        020000
___fladd                     text16       003FBA
___fladd@a                   cstackCOMRAM 000005
___fladd@aexp                cstackCOMRAM 00000E
___fladd@b                   cstackCOMRAM 000001
___fladd@bexp                cstackCOMRAM 00000F
___fladd@grs                 cstackCOMRAM 000010
___fladd@signs               cstackCOMRAM 00000D
___fldiv                     text18       004C54
___fldiv@a                   cstackCOMRAM 000044
___fldiv@aexp                cstackCOMRAM 000058
___fldiv@b                   cstackCOMRAM 000040
___fldiv@bexp                cstackCOMRAM 000057
___fldiv@grs                 cstackCOMRAM 000053
___fldiv@new_exp             cstackCOMRAM 000051
___fldiv@rem                 cstackCOMRAM 00004C
___fldiv@sign                cstackCOMRAM 000050
___flge                      text10       005A9E
___flge@ff1                  cstackCOMRAM 000040
___flge@ff2                  cstackCOMRAM 000044
___flmul                     text12       00447A
___flmul@a                   cstackCOMRAM 000015
___flmul@aexp                cstackCOMRAM 000022
___flmul@b                   cstackCOMRAM 000011
___flmul@bexp                cstackCOMRAM 000023
___flmul@grs                 cstackCOMRAM 00001E
___flmul@prod                cstackCOMRAM 000024
___flmul@sign                cstackCOMRAM 00001D
___flmul@temp                cstackCOMRAM 000028
___flneg                     text17       006562
___flneg@f1                  cstackCOMRAM 000001
___flsub                     text15       006424
___flsub@a                   cstackCOMRAM 00003C
___flsub@b                   cstackCOMRAM 000038
___fltol                     text19       005996
___fltol@exp1                cstackCOMRAM 00005E
___fltol@f1                  cstackCOMRAM 000059
___fltol@sign1               cstackCOMRAM 00005D
___inthi_sp                  stack        000000
___intlo_sp                  stack        000000
___lwdiv                     text37       006116
___lwdiv@counter             cstackCOMRAM 000007
___lwdiv@dividend            cstackCOMRAM 000001
___lwdiv@divisor             cstackCOMRAM 000003
___lwdiv@quotient            cstackCOMRAM 000005
___lwmod                     text36       006266
___lwmod@counter             cstackCOMRAM 000005
___lwmod@dividend            cstackCOMRAM 000001
___lwmod@divisor             cstackCOMRAM 000003
___param_bank                (abs)        000000
___rparam_used               (abs)        000001
___sp                        stack        000000
___xxtofl                    text14       0053F2
___xxtofl@arg                cstackCOMRAM 000034
___xxtofl@exp                cstackCOMRAM 000033
___xxtofl@sign               cstackCOMRAM 000032
___xxtofl@val                cstackCOMRAM 00002A
__accesstop                  (abs)        000060
__activetblptr               (abs)        000003
__end_of_ITR                 intcode_body 005DE0
__end_of_InitBBSPI           text22       0066AE
__end_of_L1                  smallconst   00105D
__end_of_L2                  smallconst   001059
__end_of_L3                  smallconst   001055
__end_of_L4                  smallconst   001051
__end_of_L5                  smallconst   00104D
__end_of_L6                  smallconst   001049
__end_of_LCDCursorControl    text40       006562
__end_of_LCDInit             text20       00638C
__end_of_LCDPutChar          text39       0063D8
__end_of_LCDPutInst          text41       006424
__end_of_LCDPutStr           text38       006528
__end_of_P1                  smallconst   001045
__end_of_P2                  smallconst   001041
__end_of_P3                  smallconst   00103D
__end_of_P4                  smallconst   001039
__end_of_P5                  smallconst   001035
__end_of_Port_BBSPIInit      text21       006682
__end_of_SendByteBBSPI       text43       00632E
__end_of_WritePort_BBSPI     text42       00669C
__end_of___awmod             text44       005D38
__end_of___fladd             text16       00447A
__end_of___fldiv             text18       004FEE
__end_of___flge              text10       005BA2
__end_of___flmul             text12       0048A4
__end_of___flneg             text17       00659A
__end_of___flsub             text15       00646A
__end_of___fltol             text19       005A9E
__end_of___lwdiv             text37       00618A
__end_of___lwmod             text36       0062CA
__end_of___xxtofl            text14       0055A6
__end_of__initialization     cinit        0065C6
__end_of_blink               text29       0060A0
__end_of_bp                  smallconst   001071
__end_of_button              text30       004C54
__end_of_calculate_init_tmr  text6        00588C
__end_of_cp                  smallconst   001021
__end_of_cp_h                smallconst   00107D
__end_of_cp_l                smallconst   001079
__end_of_dispClock           text34       00574A
__end_of_dispSw              text35       005C88
__end_of_dp_h                smallconst   001011
__end_of_dp_l                smallconst   001009
__end_of_fabsf               text13       006604
__end_of_handleTime          text33       0061F8
__end_of_handleTimeSw        text24       0053F2
__end_of_huge                smallconst   001065
__end_of_interrupt_init      text5        0066B8
__end_of_ivln2               smallconst   00101D
__end_of_ivln2_h             smallconst   001075
__end_of_ivln2_l             smallconst   001019
__end_of_lg2                 smallconst   001031
__end_of_lg2_h               smallconst   00102D
__end_of_lg2_l               smallconst   001029
__end_of_main                text0        005E7A
__end_of_modHour             text27       006018
__end_of_modMinute           text26       005F8E
__end_of_modSecond           text25       005F04
__end_of_nanf                text9        00664A
__end_of_normalClock         text28       005996
__end_of_osc_init            text4        0066C4
__end_of_ovt                 smallconst   001025
__end_of_pin_init            text3        006628
__end_of_powf                text7        003AFA
__end_of_readButtonRA5       text32       0064EA
__end_of_readButtonRB0       text31       0064AA
__end_of_scalbnf             text11       005222
__end_of_sqrtf               text8        003FBA
__end_of_stopWatch           text23       006116
__end_of_system_init         text1        006668
__end_of_tiny                smallconst   001061
__end_of_tmr0_init           text2        0066BE
__end_of_two24               smallconst   001069
__end_ofi2_handleTime        text46       006266
__end_ofsqrtf@tiny           smallconst   001015
__initialization             cinit        00659A
__mediumconst                mediumconst  000000
__pbssBANK0                  bssBANK0     0000AF
__pcinit                     cinit        00659A
__pcstackBANK0               cstackBANK0  000060
__pcstackBANK1               cstackBANK1  000100
__pcstackCOMRAM              cstackCOMRAM 000001
__pdataBANK0                 dataBANK0    0000D9
__pidataBANK0                idataBANK0   0066C4
__pintcode                   intcode      000008
__pintcode_body              intcode_body 005D38
__pnvBANK0                   nvBANK0      0000DE
__psmallconst                smallconst   001000
__ptext0                     text0        005DE0
__ptext1                     text1        00664A
__ptext10                    text10       005A9E
__ptext11                    text11       004FEE
__ptext12                    text12       00447A
__ptext13                    text13       0065D0
__ptext14                    text14       0053F2
__ptext15                    text15       006424
__ptext16                    text16       003FBA
__ptext17                    text17       006562
__ptext18                    text18       004C54
__ptext19                    text19       005996
__ptext2                     text2        0066B8
__ptext20                    text20       00632E
__ptext21                    text21       006668
__ptext22                    text22       00669C
__ptext23                    text23       0060A0
__ptext24                    text24       005222
__ptext25                    text25       005E7A
__ptext26                    text26       005F04
__ptext27                    text27       005F8E
__ptext28                    text28       00588C
__ptext29                    text29       006018
__ptext3                     text3        006604
__ptext30                    text30       0048A4
__ptext31                    text31       00646A
__ptext32                    text32       0064AA
__ptext33                    text33       00618A
__ptext34                    text34       0055A6
__ptext35                    text35       005BA2
__ptext36                    text36       006266
__ptext37                    text37       006116
__ptext38                    text38       0064EA
__ptext39                    text39       00638C
__ptext4                     text4        0066BE
__ptext40                    text40       006528
__ptext41                    text41       0063D8
__ptext42                    text42       006682
__ptext43                    text43       0062CA
__ptext44                    text44       005C88
__ptext46                    text46       0061F8
__ptext5                     text5        0066AE
__ptext6                     text6        00574A
__ptext7                     text7        0010C8
__ptext8                     text8        003AFA
__ptext9                     text9        006628
__ramtop                     ramtop       001000
__size_of_ITR                (abs)        000000
__size_of_InitBBSPI          (abs)        000000
__size_of_LCDCursorControl   (abs)        000000
__size_of_LCDInit            (abs)        000000
__size_of_LCDPutChar         (abs)        000000
__size_of_LCDPutInst         (abs)        000000
__size_of_LCDPutStr          (abs)        000000
__size_of_Port_BBSPIInit     (abs)        000000
__size_of_SendByteBBSPI      (abs)        000000
__size_of_WritePort_BBSPI    (abs)        000000
__size_of___awmod            (abs)        000000
__size_of___fladd            (abs)        000000
__size_of___fldiv            (abs)        000000
__size_of___flge             (abs)        000000
__size_of___flmul            (abs)        000000
__size_of___flneg            (abs)        000000
__size_of___flsub            (abs)        000000
__size_of___fltol            (abs)        000000
__size_of___lwdiv            (abs)        000000
__size_of___lwmod            (abs)        000000
__size_of___xxtofl           (abs)        000000
__size_of_blink              (abs)        000000
__size_of_button             (abs)        000000
__size_of_calculate_init_tmr (abs)        000000
__size_of_dispClock          (abs)        000000
__size_of_dispSw             (abs)        000000
__size_of_fabsf              (abs)        000000
__size_of_handleTime         (abs)        000000
__size_of_handleTimeSw       (abs)        000000
__size_of_interrupt_init     (abs)        000000
__size_of_main               (abs)        000000
__size_of_modHour            (abs)        000000
__size_of_modMinute          (abs)        000000
__size_of_modSecond          (abs)        000000
__size_of_nanf               (abs)        000000
__size_of_normalClock        (abs)        000000
__size_of_osc_init           (abs)        000000
__size_of_pin_init           (abs)        000000
__size_of_powf               (abs)        000000
__size_of_readButtonRA5      (abs)        000000
__size_of_readButtonRB0      (abs)        000000
__size_of_scalbnf            (abs)        000000
__size_of_sqrtf              (abs)        000000
__size_of_stopWatch          (abs)        000000
__size_of_system_init        (abs)        000000
__size_of_tmr0_init          (abs)        000000
__size_ofi2_handleTime       (abs)        000000
__smallconst                 smallconst   001000
_blink                       text29       006018
_blinkFlag                   bssBANK0     0000D2
_bp                          smallconst   001069
_button                      text30       0048A4
_buttonFlag                  bssBANK0     0000D3
_calculate_init_tmr          text6        00574A
_calculate_init_tmr$1789     cstackBANK0  00009D
_calculate_init_tmr$1790     cstackBANK0  0000A1
_calculate_init_tmr$1791     cstackBANK0  0000A5
_calculate_init_tmr$1792     cstackBANK0  0000A9
_checkRA5                    bssBANK0     0000C5
_checkRB0                    bssBANK0     0000C3
_countRA5                    bssBANK0     0000C9
_countRB0                    bssBANK0     0000C7
_dispClock                   text34       0055A6
_dispSw                      text35       005BA2
_dp_h                        smallconst   001009
_dp_l                        smallconst   001001
_errno                       bssBANK0     0000B3
_fabsf                       text13       0065D0
_firstReadRA5                dataBANK0    0000DD
_firstReadRB0                dataBANK0    0000DB
_handleTime                  text33       00618A
_handleTimeSw                text24       005222
_hour                        bssBANK0     0000C1
_hourFlag                    bssBANK0     0000CE
_interrupt_init              text5        0066AE
_isPressedRB0                bssBANK0     0000D6
_mSecond                     bssBANK0     0000BB
_main                        text0        005DE0
_minute                      bssBANK0     0000BF
_minuteFlag                  bssBANK0     0000CF
_modHour                     text27       005F8E
_modMinute                   text26       005F04
_modSecond                   text25       005E7A
_nanf                        text9        006628
_normalClock                 text28       00588C
_osc_init                    text4        0066BE
_pin_init                    text3        006604
_powf                        text7        0010C8
_powf$1793                   cstackBANK1  0001A4
_powf$1794                   cstackBANK1  000154
_powf$1795                   cstackBANK1  000148
_powf$1796                   cstackBANK1  000194
_powf$1797                   cstackBANK1  000138
_powf$1798                   cstackBANK1  000100
_powf$1799                   cstackBANK1  000104
_powf$1800                   cstackBANK1  000158
_powf$1801                   cstackBANK1  00013C
_powf$1802                   cstackBANK1  000140
_powf$1803                   cstackBANK1  000108
_powf$1804                   cstackBANK1  00010C
_powf$1805                   cstackBANK1  000110
_powf$1806                   cstackBANK1  000114
_powf$1807                   cstackBANK1  000118
_readButtonRA5               text32       0064AA
_readButtonRB0               text31       00646A
_reappearFlag                bssBANK0     0000CD
_scalbnf                     text11       004FEE
_second                      bssBANK0     0000BD
_secondFlag                  bssBANK0     0000D0
_secondReadRA5               dataBANK0    0000DC
_secondReadRB0               dataBANK0    0000DA
_sqrtf                       text8        003AFA
_state                       bssBANK0     0000CB
_stateRA5                    bssBANK0     0000D8
_stateRB0                    bssBANK0     0000D7
_stopFlag                    dataBANK0    0000D9
_stopWatch                   text23       0060A0
_stopWatchState              bssBANK0     0000D1
_swMiliSec                   bssBANK0     0000B9
_swMin                       bssBANK0     0000B5
_swSec                       bssBANK0     0000B7
_system_init                 text1        00664A
_timerCounter                nvBANK0      0000DE
_tmr0_init                   text2        0066B8
btemp                        temp         00005F
end_of_initialization        cinit        0065C6
fabsf@F463                   bssBANK0     0000AF
fabsf@u                      cstackCOMRAM 000005
fabsf@x                      cstackCOMRAM 000001
i2_handleTime                text46       0061F8
int$flags                    temp         00005F
int_func                     intcode_body 005D38
intlevel0                    text         000000
intlevel1                    text         000000
intlevel2                    text         000000
intlevel3                    text         000000
nanf@s                       cstackCOMRAM 000001
nanf@u                       cstackCOMRAM 000005
powf@__xc8_float_word        cstackBANK1  0001B8
powf@ax                      cstackBANK1  000170
powf@hx                      cstackBANK1  000160
powf@hy                      cstackBANK1  000184
powf@i                       cstackBANK1  00012C
powf@is                      cstackBANK1  000190
powf@ix                      cstackBANK1  0001A8
powf@iy                      cstackBANK1  000198
powf@j                       cstackBANK1  0001AC
powf@k                       cstackBANK1  0001A0
powf@n                       cstackBANK1  00017C
powf@p_h                     cstackBANK1  00019C
powf@p_l                     cstackBANK1  000164
powf@r                       cstackBANK1  00014C
powf@s                       cstackBANK1  00015C
powf@s2                      cstackBANK1  00018C
powf@s_h                     cstackBANK1  00016C
powf@s_l                     cstackBANK1  000130
powf@sn                      cstackBANK1  000188
powf@t                       cstackBANK1  0001B0
powf@t1                      cstackBANK1  000180
powf@t2                      cstackBANK1  00011C
powf@t_h                     cstackBANK1  000168
powf@t_l                     cstackBANK1  000134
powf@u                       cstackBANK1  000174
powf@v                       cstackBANK1  000178
powf@w                       cstackBANK1  000144
powf@x                       cstackBANK0  000088
powf@y                       cstackBANK0  00008C
powf@y1                      cstackBANK1  000128
powf@yisint                  cstackBANK1  000150
powf@z                       cstackBANK1  0001B4
powf@z_h                     cstackBANK1  000120
powf@z_l                     cstackBANK1  000124
scalbnf@n                    cstackCOMRAM 00002E
scalbnf@u                    cstackCOMRAM 000034
scalbnf@x                    cstackCOMRAM 00002A
scalbnf@y                    cstackCOMRAM 000038
sqrtf@__xc8_float_word       cstackBANK0  00006C
sqrtf@i                      cstackBANK0  000068
sqrtf@ix                     cstackBANK0  000084
sqrtf@m                      cstackBANK0  00007C
sqrtf@q                      cstackBANK0  000070
sqrtf@r                      cstackBANK0  000080
sqrtf@s                      cstackBANK0  000064
sqrtf@t                      cstackBANK0  000074
sqrtf@x                      cstackCOMRAM 00004C
sqrtf@z                      cstackBANK0  000078
stackhi                      (abs)        000F5F
stacklo                      (abs)        0001BC
start                        init         00000E
start_initialization         cinit        00659A
ttemp5                       temp         000060
ttemp6                       temp         000063
ttemp7                       temp         000067
wtemp8                       temp         000060


FUNCTION INFORMATION:

 *************** function _main *****************
 Defined at:
		line 11 in file "main.c"
 Parameters:    Size  Location     Type
		None
 Auto vars:     Size  Location     Type
		None
 Return value:  Size  Location     Type
                  1    wreg      void 
 Registers used:
		wreg, status,2, status,0, tblptrl, tblptrh, tblptru, prodl, prodh, cstack
 Tracked objects:
		On entry : 
		On exit  : 
		Unchanged: 
 Data sizes:     COMRAM   BANK0   BANK1   BANK2   BANK3   BANK4   BANK5   BANK6   BANK7   BANK8   BANK9  BANK10  BANK11  BANK12  BANK13  BANK14  BANK15
      Params:         0       0       0       0       0       0       0       0       0       0       0       0       0       0       0       0       0
      Locals:         0       0       0       0       0       0       0       0       0       0       0       0       0       0       0       0       0
      Temps:          0       2       0       0       0       0       0       0       0       0       0       0       0       0       0       0       0
      Totals:         0       2       0       0       0       0       0       0       0       0       0       0       0       0       0       0       0
Total ram usage:        2 bytes
 Hardware stack levels required when called:    9
 This function calls:
		_button
		_handleTime
		_modHour
		_modMinute
		_modSecond
		_normalClock
		_stopWatch
		_system_init
 This function is called by:
		Startup code after reset
 This function uses a non-reentrant model


 *************** function _system_init *****************
 Defined at:
		line 36 in file "System_Init.c"
 Parameters:    Size  Location     Type
		None
 Auto vars:     Size  Location     Type
		None
 Return value:  Size  Location     Type
                  1    wreg      void 
 Registers used:
		wreg, status,2, status,0, tblptrl, tblptrh, tblptru, prodl, prodh, cstack
 Tracked objects:
		On entry : 
		On exit  : 
		Unchanged: 
 Data sizes:     COMRAM   BANK0   BANK1   BANK2   BANK3   BANK4   BANK5   BANK6   BANK7   BANK8   BANK9  BANK10  BANK11  BANK12  BANK13  BANK14  BANK15
      Params:         0       0       0       0       0       0       0       0       0       0       0       0       0       0       0       0       0
      Locals:         0       0       0       0       0       0       0       0       0       0       0       0       0       0       0       0       0
      Temps:          0       0       0       0       0       0       0       0       0       0       0       0       0       0       0       0       0
      Totals:         0       0       0       0       0       0       0       0       0       0       0       0       0       0       0       0       0
Total ram usage:        0 bytes
 Hardware stack levels used:    1
 Hardware stack levels required when called:    8
 This function calls:
		_LCDInit
		_calculate_init_tmr
		_dispClock
		_interrupt_init
		_osc_init
		_pin_init
		_tmr0_init
 This function is called by:
		_main
 This function uses a non-reentrant model


 *************** function _tmr0_init *****************
 Defined at:
		line 28 in file "System_Init.c"
 Parameters:    Size  Location     Type
		None
 Auto vars:     Size  Location     Type
		None
 Return value:  Size  Location     Type
                  1    wreg      void 
 Registers used:
		wreg, status,2
 Tracked objects:
		On entry : 
		On exit  : 
		Unchanged: 
 Data sizes:     COMRAM   BANK0   BANK1   BANK2   BANK3   BANK4   BANK5   BANK6   BANK7   BANK8   BANK9  BANK10  BANK11  BANK12  BANK13  BANK14  BANK15
      Params:         0       0       0       0       0       0       0       0       0       0       0       0       0       0       0       0       0
      Locals:         0       0       0       0       0       0       0       0       0       0       0       0       0       0       0       0       0
      Temps:          0       0       0       0       0       0       0       0       0       0       0       0       0       0       0       0       0
      Totals:         0       0       0       0       0       0       0       0       0       0       0       0       0       0       0       0       0
Total ram usage:        0 bytes
 Hardware stack levels used:    1
 Hardware stack levels required when called:    2
 This function calls:
		Nothing
 This function is called by:
		_system_init
 This function uses a non-reentrant model


 *************** function _pin_init *****************
 Defined at:
		line 6 in file "System_Init.c"
 Parameters:    Size  Location     Type
		None
 Auto vars:     Size  Location     Type
		None
 Return value:  Size  Location     Type
                  1    wreg      void 
 Registers used:
		wreg, status,2
 Tracked objects:
		On entry : 
		On exit  : 
		Unchanged: 
 Data sizes:     COMRAM   BANK0   BANK1   BANK2   BANK3   BANK4   BANK5   BANK6   BANK7   BANK8   BANK9  BANK10  BANK11  BANK12  BANK13  BANK14  BANK15
      Params:         0       0       0       0       0       0       0       0       0       0       0       0       0       0       0       0       0
      Locals:         0       0       0       0       0       0       0       0       0       0       0       0       0       0       0       0       0
      Temps:          0       0       0       0       0       0       0       0       0       0       0       0       0       0       0       0       0
      Totals:         0       0       0       0       0       0       0       0       0       0       0       0       0       0       0       0       0
Total ram usage:        0 bytes
 Hardware stack levels used:    1
 Hardware stack levels required when called:    2
 This function calls:
		Nothing
 This function is called by:
		_system_init
 This function uses a non-reentrant model


 *************** function _osc_init *****************
 Defined at:
		line 2 in file "System_Init.c"
 Parameters:    Size  Location     Type
		None
 Auto vars:     Size  Location     Type
		None
 Return value:  Size  Location     Type
                  1    wreg      void 
 Registers used:
		wreg, status,2
 Tracked objects:
		On entry : 
		On exit  : 
		Unchanged: 
 Data sizes:     COMRAM   BANK0   BANK1   BANK2   BANK3   BANK4   BANK5   BANK6   BANK7   BANK8   BANK9  BANK10  BANK11  BANK12  BANK13  BANK14  BANK15
      Params:         0       0       0       0       0       0       0       0       0       0       0       0       0       0       0       0       0
      Locals:         0       0       0       0       0       0       0       0       0       0       0       0       0       0       0       0       0
      Temps:          0       0       0       0       0       0       0       0       0       0       0       0       0       0       0       0       0
      Totals:         0       0       0       0       0       0       0       0       0       0       0       0       0       0       0       0       0
Total ram usage:        0 bytes
 Hardware stack levels used:    1
 Hardware stack levels required when called:    2
 This function calls:
		Nothing
 This function is called by:
		_system_init
 This function uses a non-reentrant model


 *************** function _interrupt_init *****************
 Defined at:
		line 21 in file "System_Init.c"
 Parameters:    Size  Location     Type
		None
 Auto vars:     Size  Location     Type
		None
 Return value:  Size  Location     Type
                  1    wreg      void 
 Registers used:
		None
 Tracked objects:
		On entry : 
		On exit  : 
		Unchanged: 
 Data sizes:     COMRAM   BANK0   BANK1   BANK2   BANK3   BANK4   BANK5   BANK6   BANK7   BANK8   BANK9  BANK10  BANK11  BANK12  BANK13  BANK14  BANK15
      Params:         0       0       0       0       0       0       0       0       0       0       0       0       0       0       0       0       0
      Locals:         0       0       0       0       0       0       0       0       0       0       0       0       0       0       0       0       0
      Temps:          0       0       0       0       0       0       0       0       0       0       0       0       0       0       0       0       0
      Totals:         0       0       0       0       0       0       0       0       0       0       0       0       0       0       0       0       0
Total ram usage:        0 bytes
 Hardware stack levels used:    1
 Hardware stack levels required when called:    2
 This function calls:
		Nothing
 This function is called by:
		_system_init
 This function uses a non-reentrant model


 *************** function _calculate_init_tmr *****************
 Defined at:
		line 32 in file "System_Init.c"
 Parameters:    Size  Location     Type
		None
 Auto vars:     Size  Location     Type
		None
 Return value:  Size  Location     Type
                  1    wreg      void 
 Registers used:
		wreg, status,2, status,0, tblptrl, tblptrh, tblptru, prodl, prodh, cstack
 Tracked objects:
		On entry : 
		On exit  : 
		Unchanged: 
 Data sizes:     COMRAM   BANK0   BANK1   BANK2   BANK3   BANK4   BANK5   BANK6   BANK7   BANK8   BANK9  BANK10  BANK11  BANK12  BANK13  BANK14  BANK15
      Params:         0       0       0       0       0       0       0       0       0       0       0       0       0       0       0       0       0
      Locals:         0      16       0       0       0       0       0       0       0       0       0       0       0       0       0       0       0
      Temps:          0       0       0       0       0       0       0       0       0       0       0       0       0       0       0       0       0
      Totals:         0      16       0       0       0       0       0       0       0       0       0       0       0       0       0       0       0
Total ram usage:       16 bytes
 Hardware stack levels used:    1
 Hardware stack levels required when called:    5
 This function calls:
		___flmul
		___flsub
		___fltol
		___xxtofl
		_powf
 This function is called by:
		_system_init
 This function uses a non-reentrant model


 *************** function _powf *****************
 Defined at:
		line 52 in file "/opt/microchip/xc8/v2.10/pic/sources/c99/common/powf.c"
 Parameters:    Size  Location     Type
  x               4   40[BANK0 ] float 
  y               4   44[BANK0 ] float 
 Auto vars:     Size  Location     Type
  s2              4  140[BANK1 ] float 
  s_h             4  108[BANK1 ] float 
  t_h             4  104[BANK1 ] float 
  t_l             4   52[BANK1 ] float 
  s_l             4   48[BANK1 ] float 
  __xc8_float_    4  184[BANK1 ] struct .
  z               4  180[BANK1 ] float 
  t               4  176[BANK1 ] float 
  j               4  172[BANK1 ] long 
  ix              4  168[BANK1 ] long 
  k               4  160[BANK1 ] long 
  p_h             4  156[BANK1 ] float 
  iy              4  152[BANK1 ] long 
  is              4  144[BANK1 ] long 
  sn              4  136[BANK1 ] float 
  hy              4  132[BANK1 ] long 
  t1              4  128[BANK1 ] float 
  n               4  124[BANK1 ] long 
  v               4  120[BANK1 ] float 
  u               4  116[BANK1 ] float 
  ax              4  112[BANK1 ] float 
  p_l             4  100[BANK1 ] float 
  hx              4   96[BANK1 ] long 
  s               4   92[BANK1 ] float 
  yisint          4   80[BANK1 ] long 
  r               4   76[BANK1 ] float 
  w               4   68[BANK1 ] float 
  i               4   44[BANK1 ] long 
  y1              4   40[BANK1 ] float 
  z_l             4   36[BANK1 ] float 
  z_h             4   32[BANK1 ] float 
  t2              4   28[BANK1 ] float 
 Return value:  Size  Location     Type
                  4   40[BANK0 ] float 
 Registers used:
		wreg, status,2, status,0, tblptrl, tblptrh, tblptru, prodl, prodh, cstack
 Tracked objects:
		On entry : 
		On exit  : 
		Unchanged: 
 Data sizes:     COMRAM   BANK0   BANK1   BANK2   BANK3   BANK4   BANK5   BANK6   BANK7   BANK8   BANK9  BANK10  BANK11  BANK12  BANK13  BANK14  BANK15
      Params:         0       8       0       0       0       0       0       0       0       0       0       0       0       0       0       0       0
      Locals:         0       0     188       0       0       0       0       0       0       0       0       0       0       0       0       0       0
      Temps:          0       9       0       0       0       0       0       0       0       0       0       0       0       0       0       0       0
      Totals:         0      17     188       0       0       0       0       0       0       0       0       0       0       0       0       0       0
Total ram usage:      205 bytes
 Hardware stack levels used:    1
 Hardware stack levels required when called:    4
 This function calls:
		___fladd
		___fldiv
		___flge
		___flmul
		___flneg
		___flsub
		___xxtofl
		_fabsf
		_scalbnf
		_sqrtf
 This function is called by:
		_calculate_init_tmr
 This function uses a non-reentrant model


 *************** function _sqrtf *****************
 Defined at:
		line 22 in file "/opt/microchip/xc8/v2.10/pic/sources/c99/common/sqrtf.c"
 Parameters:    Size  Location     Type
  x               4   75[COMRAM] float 
 Auto vars:     Size  Location     Type
  ix              4   36[BANK0 ] long 
  r               4   32[BANK0 ] unsigned long 
  m               4   28[BANK0 ] long 
  z               4   24[BANK0 ] float 
  t               4   20[BANK0 ] long 
  q               4   16[BANK0 ] long 
  __xc8_float_    4   12[BANK0 ] struct .
  i               4    8[BANK0 ] long 
  s               4    4[BANK0 ] long 
  sign            4    0        long 
 Return value:  Size  Location     Type
                  4   75[COMRAM] float 
 Registers used:
		wreg, status,2, status,0, prodl, prodh, cstack
 Tracked objects:
		On entry : 
		On exit  : 
		Unchanged: 
 Data sizes:     COMRAM   BANK0   BANK1   BANK2   BANK3   BANK4   BANK5   BANK6   BANK7   BANK8   BANK9  BANK10  BANK11  BANK12  BANK13  BANK14  BANK15
      Params:         4       0       0       0       0       0       0       0       0       0       0       0       0       0       0       0       0
      Locals:         0      40       0       0       0       0       0       0       0       0       0       0       0       0       0       0       0
      Temps:          5       0       0       0       0       0       0       0       0       0       0       0       0       0       0       0       0
      Totals:         9      40       0       0       0       0       0       0       0       0       0       0       0       0       0       0       0
Total ram usage:       49 bytes
 Hardware stack levels used:    1
 Hardware stack levels required when called:    3
 This function calls:
		___fladd
		___flge
		___flmul
		_nanf
 This function is called by:
		_powf
 This function uses a non-reentrant model


 *************** function _nanf *****************
 Defined at:
		line 4 in file "/opt/microchip/xc8/v2.10/pic/sources/c99/common/nanf.c"
 Parameters:    Size  Location     Type
  s               2    0[COMRAM] PTR const unsigned char 
		 -> STR_11(1), 
 Auto vars:     Size  Location     Type
  u               4    4[COMRAM] struct .
 Return value:  Size  Location     Type
                  4    0[COMRAM] float 
 Registers used:
		wreg, status,2
 Tracked objects:
		On entry : 
		On exit  : 
		Unchanged: 
 Data sizes:     COMRAM   BANK0   BANK1   BANK2   BANK3   BANK4   BANK5   BANK6   BANK7   BANK8   BANK9  BANK10  BANK11  BANK12  BANK13  BANK14  BANK15
      Params:         4       0       0       0       0       0       0       0       0       0       0       0       0       0       0       0       0
      Locals:         4       0       0       0       0       0       0       0       0       0       0       0       0       0       0       0       0
      Temps:          0       0       0       0       0       0       0       0       0       0       0       0       0       0       0       0       0
      Totals:         8       0       0       0       0       0       0       0       0       0       0       0       0       0       0       0       0
Total ram usage:        8 bytes
 Hardware stack levels used:    1
 Hardware stack levels required when called:    2
 This function calls:
		Nothing
 This function is called by:
		_sqrtf
 This function uses a non-reentrant model


 *************** function ___flge *****************
 Defined at:
		line 4 in file "/opt/microchip/xc8/v2.10/pic/sources/c99/common/flge.c"
 Parameters:    Size  Location     Type
  ff1             4   63[COMRAM] float 
  ff2             4   67[COMRAM] float 
 Auto vars:     Size  Location     Type
		None
 Return value:  Size  Location     Type
		None               void
 Registers used:
		wreg, status,2, status,0
 Tracked objects:
		On entry : 
		On exit  : 
		Unchanged: 
 Data sizes:     COMRAM   BANK0   BANK1   BANK2   BANK3   BANK4   BANK5   BANK6   BANK7   BANK8   BANK9  BANK10  BANK11  BANK12  BANK13  BANK14  BANK15
      Params:         8       0       0       0       0       0       0       0       0       0       0       0       0       0       0       0       0
      Locals:         0       0       0       0       0       0       0       0       0       0       0       0       0       0       0       0       0
      Temps:          4       0       0       0       0       0       0       0       0       0       0       0       0       0       0       0       0
      Totals:        12       0       0       0       0       0       0       0       0       0       0       0       0       0       0       0       0
Total ram usage:       12 bytes
 Hardware stack levels used:    1
 Hardware stack levels required when called:    2
 This function calls:
		Nothing
 This function is called by:
		_powf
		_sqrtf
 This function uses a non-reentrant model


 *************** function _scalbnf *****************
 Defined at:
		line 4 in file "/opt/microchip/xc8/v2.10/pic/sources/c99/common/scalbnf.c"
 Parameters:    Size  Location     Type
  x               4   41[COMRAM] float 
  n               2   45[COMRAM] int 
 Auto vars:     Size  Location     Type
  y               4   55[COMRAM] float 
  u               4   51[COMRAM] struct .
 Return value:  Size  Location     Type
                  4   41[COMRAM] float 
 Registers used:
		wreg, status,2, status,0, prodl, prodh, cstack
 Tracked objects:
		On entry : 
		On exit  : 
		Unchanged: 
 Data sizes:     COMRAM   BANK0   BANK1   BANK2   BANK3   BANK4   BANK5   BANK6   BANK7   BANK8   BANK9  BANK10  BANK11  BANK12  BANK13  BANK14  BANK15
      Params:         6       0       0       0       0       0       0       0       0       0       0       0       0       0       0       0       0
      Locals:         8       0       0       0       0       0       0       0       0       0       0       0       0       0       0       0       0
      Temps:          4       0       0       0       0       0       0       0       0       0       0       0       0       0       0       0       0
      Totals:        18       0       0       0       0       0       0       0       0       0       0       0       0       0       0       0       0
Total ram usage:       18 bytes
 Hardware stack levels used:    1
 Hardware stack levels required when called:    3
 This function calls:
		___flmul
 This function is called by:
		_powf
 This function uses a non-reentrant model


 *************** function ___flmul *****************
 Defined at:
		line 8 in file "/opt/microchip/xc8/v2.10/pic/sources/c99/common/sprcmul.c"
 Parameters:    Size  Location     Type
  b               4   16[COMRAM] float 
  a               4   20[COMRAM] float 
 Auto vars:     Size  Location     Type
  prod            4   35[COMRAM] struct .
  grs             4   29[COMRAM] unsigned long 
  temp            2   39[COMRAM] struct .
  bexp            1   34[COMRAM] unsigned char 
  aexp            1   33[COMRAM] unsigned char 
  sign            1   28[COMRAM] unsigned char 
 Return value:  Size  Location     Type
                  4   16[COMRAM] unsigned char 
 Registers used:
		wreg, status,2, status,0, prodl, prodh
 Tracked objects:
		On entry : 
		On exit  : 
		Unchanged: 
 Data sizes:     COMRAM   BANK0   BANK1   BANK2   BANK3   BANK4   BANK5   BANK6   BANK7   BANK8   BANK9  BANK10  BANK11  BANK12  BANK13  BANK14  BANK15
      Params:         8       0       0       0       0       0       0       0       0       0       0       0       0       0       0       0       0
      Locals:        13       0       0       0       0       0       0       0       0       0       0       0       0       0       0       0       0
      Temps:          4       0       0       0       0       0       0       0       0       0       0       0       0       0       0       0       0
      Totals:        25       0       0       0       0       0       0       0       0       0       0       0       0       0       0       0       0
Total ram usage:       25 bytes
 Hardware stack levels used:    1
 Hardware stack levels required when called:    2
 This function calls:
		Nothing
 This function is called by:
		_calculate_init_tmr
		_powf
		_scalbnf
		_sqrtf
 This function uses a non-reentrant model


 *************** function _fabsf *****************
 Defined at:
		line 4 in file "/opt/microchip/xc8/v2.10/pic/sources/c99/common/fabsf.c"
 Parameters:    Size  Location     Type
  x               4    0[COMRAM] float 
 Auto vars:     Size  Location     Type
  u               4    4[COMRAM] struct .
 Return value:  Size  Location     Type
                  4    0[COMRAM] float 
 Registers used:
		status,2, status,0
 Tracked objects:
		On entry : 
		On exit  : 
		Unchanged: 
 Data sizes:     COMRAM   BANK0   BANK1   BANK2   BANK3   BANK4   BANK5   BANK6   BANK7   BANK8   BANK9  BANK10  BANK11  BANK12  BANK13  BANK14  BANK15
      Params:         4       0       0       0       0       0       0       0       0       0       0       0       0       0       0       0       0
      Locals:         4       0       0       0       0       0       0       0       0       0       0       0       0       0       0       0       0
      Temps:          0       0       0       0       0       0       0       0       0       0       0       0       0       0       0       0       0
      Totals:         8       0       0       0       0       0       0       0       0       0       0       0       0       0       0       0       0
Total ram usage:        8 bytes
 Hardware stack levels used:    1
 Hardware stack levels required when called:    2
 This function calls:
		Nothing
 This function is called by:
		_powf
 This function uses a non-reentrant model


 *************** function ___xxtofl *****************
 Defined at:
		line 10 in file "/opt/microchip/xc8/v2.10/pic/sources/c99/common/xxtofl.c"
 Parameters:    Size  Location     Type
  sign            1    wreg     unsigned char 
  val             4   41[COMRAM] long 
 Auto vars:     Size  Location     Type
  sign            1   49[COMRAM] unsigned char 
  arg             4   51[COMRAM] unsigned long 
  exp             1   50[COMRAM] unsigned char 
 Return value:  Size  Location     Type
                  4   41[COMRAM] unsigned char 
 Registers used:
		wreg, status,2, status,0
 Tracked objects:
		On entry : 
		On exit  : 
		Unchanged: 
 Data sizes:     COMRAM   BANK0   BANK1   BANK2   BANK3   BANK4   BANK5   BANK6   BANK7   BANK8   BANK9  BANK10  BANK11  BANK12  BANK13  BANK14  BANK15
      Params:         4       0       0       0       0       0       0       0       0       0       0       0       0       0       0       0       0
      Locals:         6       0       0       0       0       0       0       0       0       0       0       0       0       0       0       0       0
      Temps:          4       0       0       0       0       0       0       0       0       0       0       0       0       0       0       0       0
      Totals:        14       0       0       0       0       0       0       0       0       0       0       0       0       0       0       0       0
Total ram usage:       14 bytes
 Hardware stack levels used:    1
 Hardware stack levels required when called:    2
 This function calls:
		Nothing
 This function is called by:
		_calculate_init_tmr
		_powf
 This function uses a non-reentrant model


 *************** function ___flsub *****************
 Defined at:
		line 245 in file "/opt/microchip/xc8/v2.10/pic/sources/c99/common/sprcadd.c"
 Parameters:    Size  Location     Type
  b               4   55[COMRAM] unsigned char 
  a               4   59[COMRAM] unsigned char 
 Auto vars:     Size  Location     Type
		None
 Return value:  Size  Location     Type
                  4   55[COMRAM] unsigned char 
 Registers used:
		wreg, status,2, status,0, cstack
 Tracked objects:
		On entry : 
		On exit  : 
		Unchanged: 
 Data sizes:     COMRAM   BANK0   BANK1   BANK2   BANK3   BANK4   BANK5   BANK6   BANK7   BANK8   BANK9  BANK10  BANK11  BANK12  BANK13  BANK14  BANK15
      Params:         8       0       0       0       0       0       0       0       0       0       0       0       0       0       0       0       0
      Locals:         0       0       0       0       0       0       0       0       0       0       0       0       0       0       0       0       0
      Temps:          0       0       0       0       0       0       0       0       0       0       0       0       0       0       0       0       0
      Totals:         8       0       0       0       0       0       0       0       0       0       0       0       0       0       0       0       0
Total ram usage:        8 bytes
 Hardware stack levels used:    1
 Hardware stack levels required when called:    3
 This function calls:
		___fladd
 This function is called by:
		_calculate_init_tmr
		_powf
 This function uses a non-reentrant model


 *************** function ___fladd *****************
 Defined at:
		line 10 in file "/opt/microchip/xc8/v2.10/pic/sources/c99/common/sprcadd.c"
 Parameters:    Size  Location     Type
  b               4    0[COMRAM] unsigned char 
  a               4    4[COMRAM] unsigned char 
 Auto vars:     Size  Location     Type
  grs             1   15[COMRAM] unsigned char 
  bexp            1   14[COMRAM] unsigned char 
  aexp            1   13[COMRAM] unsigned char 
  signs           1   12[COMRAM] unsigned char 
 Return value:  Size  Location     Type
                  4    0[COMRAM] unsigned char 
 Registers used:
		wreg, status,2, status,0
 Tracked objects:
		On entry : 
		On exit  : 
		Unchanged: 
 Data sizes:     COMRAM   BANK0   BANK1   BANK2   BANK3   BANK4   BANK5   BANK6   BANK7   BANK8   BANK9  BANK10  BANK11  BANK12  BANK13  BANK14  BANK15
      Params:         8       0       0       0       0       0       0       0       0       0       0       0       0       0       0       0       0
      Locals:         4       0       0       0       0       0       0       0       0       0       0       0       0       0       0       0       0
      Temps:          4       0       0       0       0       0       0       0       0       0       0       0       0       0       0       0       0
      Totals:        16       0       0       0       0       0       0       0       0       0       0       0       0       0       0       0       0
Total ram usage:       16 bytes
 Hardware stack levels used:    1
 Hardware stack levels required when called:    2
 This function calls:
		Nothing
 This function is called by:
		___flsub
		_powf
		_sqrtf
 This function uses a non-reentrant model


 *************** function ___flneg *****************
 Defined at:
		line 15 in file "/opt/microchip/xc8/v2.10/pic/sources/c99/common/flneg.c"
 Parameters:    Size  Location     Type
  f1              4    0[COMRAM] unsigned char 
 Auto vars:     Size  Location     Type
		None
 Return value:  Size  Location     Type
                  4    0[COMRAM] unsigned char 
 Registers used:
		wreg, status,2, status,0
 Tracked objects:
		On entry : 
		On exit  : 
		Unchanged: 
 Data sizes:     COMRAM   BANK0   BANK1   BANK2   BANK3   BANK4   BANK5   BANK6   BANK7   BANK8   BANK9  BANK10  BANK11  BANK12  BANK13  BANK14  BANK15
      Params:         4       0       0       0       0       0       0       0       0       0       0       0       0       0       0       0       0
      Locals:         0       0       0       0       0       0       0       0       0       0       0       0       0       0       0       0       0
      Temps:          0       0       0       0       0       0       0       0       0       0       0       0       0       0       0       0       0
      Totals:         4       0       0       0       0       0       0       0       0       0       0       0       0       0       0       0       0
Total ram usage:        4 bytes
 Hardware stack levels used:    1
 Hardware stack levels required when called:    2
 This function calls:
[...]
		_dispClock
		_normalClock
		_dispSw
		_handleTimeSw
 This function uses a non-reentrant model


 *************** function _LCDPutStr *****************
 Defined at:
		line 223 in file "LCD.c"
 Parameters:    Size  Location     Type
  ptr             2    6[COMRAM] PTR const unsigned char 
		 -> STR_10(8), STR_9(13), STR_8(13), STR_7(13), 
		 -> STR_6(13), STR_5(13), STR_4(8), STR_3(3), 
		 -> STR_2(3), STR_1(3), 
 Auto vars:     Size  Location     Type
		None
 Return value:  Size  Location     Type
                  1    wreg      void 
 Registers used:
		wreg, status,2, status,0, tblptrl, tblptrh, tblptru, cstack
 Tracked objects:
		On entry : 
		On exit  : 
		Unchanged: 
 Data sizes:     COMRAM   BANK0   BANK1   BANK2   BANK3   BANK4   BANK5   BANK6   BANK7   BANK8   BANK9  BANK10  BANK11  BANK12  BANK13  BANK14  BANK15
      Params:         2       0       0       0       0       0       0       0       0       0       0       0       0       0       0       0       0
      Locals:         0       0       0       0       0       0       0       0       0       0       0       0       0       0       0       0       0
      Temps:          0       0       0       0       0       0       0       0       0       0       0       0       0       0       0       0       0
      Totals:         2       0       0       0       0       0       0       0       0       0       0       0       0       0       0       0       0
Total ram usage:        2 bytes
 Hardware stack levels used:    1
 Hardware stack levels required when called:    5
 This function calls:
		_LCDPutChar
 This function is called by:
		_blink
		_dispClock
		_dispSw
 This function uses a non-reentrant model


 *************** function _LCDPutChar *****************
 Defined at:
		line 173 in file "LCD.c"
 Parameters:    Size  Location     Type
  ch              1    wreg     unsigned char 
 Auto vars:     Size  Location     Type
  ch              1    5[COMRAM] unsigned char 
 Return value:  Size  Location     Type
                  1    wreg      void 
 Registers used:
		wreg, status,2, status,0, cstack
 Tracked objects:
		On entry : 
		On exit  : 
		Unchanged: 
 Data sizes:     COMRAM   BANK0   BANK1   BANK2   BANK3   BANK4   BANK5   BANK6   BANK7   BANK8   BANK9  BANK10  BANK11  BANK12  BANK13  BANK14  BANK15
      Params:         0       0       0       0       0       0       0       0       0       0       0       0       0       0       0       0       0
      Locals:         1       0       0       0       0       0       0       0       0       0       0       0       0       0       0       0       0
      Temps:          0       0       0       0       0       0       0       0       0       0       0       0       0       0       0       0       0
      Totals:         1       0       0       0       0       0       0       0       0       0       0       0       0       0       0       0       0
Total ram usage:        1 bytes
 Hardware stack levels used:    1
 Hardware stack levels required when called:    4
 This function calls:
		_WritePort_BBSPI
 This function is called by:
		_button
		_LCDPutStr
		_modSecond
		_modMinute
		_modHour
		_dispClock
		_normalClock
		_dispSw
		_handleTimeSw
 This function uses a non-reentrant model


 *************** function _LCDCursorControl *****************
 Defined at:
		line 228 in file "LCD.c"
 Parameters:    Size  Location     Type
  line            1    wreg     unsigned char 
  pos             1    6[COMRAM] unsigned char 
 Auto vars:     Size  Location     Type
  line            1    7[COMRAM] unsigned char 
  position        1   10[COMRAM] unsigned char 
 Return value:  Size  Location     Type
                  1    wreg      void 
 Registers used:
		wreg, status,2, status,0, cstack
 Tracked objects:
		On entry : 
		On exit  : 
		Unchanged: 
 Data sizes:     COMRAM   BANK0   BANK1   BANK2   BANK3   BANK4   BANK5   BANK6   BANK7   BANK8   BANK9  BANK10  BANK11  BANK12  BANK13  BANK14  BANK15
      Params:         1       0       0       0       0       0       0       0       0       0       0       0       0       0       0       0       0
      Locals:         4       0       0       0       0       0       0       0       0       0       0       0       0       0       0       0       0
      Temps:          0       0       0       0       0       0       0       0       0       0       0       0       0       0       0       0       0
      Totals:         5       0       0       0       0       0       0       0       0       0       0       0       0       0       0       0       0
Total ram usage:        5 bytes
 Hardware stack levels used:    1
 Hardware stack levels required when called:    5
 This function calls:
		_LCDPutInst
 This function is called by:
		_button
		_blink
		_modSecond
		_modMinute
		_modHour
		_dispClock
		_normalClock
		_handleTimeSw
 This function uses a non-reentrant model


 *************** function _LCDPutInst *****************
 Defined at:
		line 204 in file "LCD.c"
 Parameters:    Size  Location     Type
  ch              1    wreg     unsigned char 
 Auto vars:     Size  Location     Type
  ch              1    5[COMRAM] unsigned char 
 Return value:  Size  Location     Type
                  1    wreg      void 
 Registers used:
		wreg, status,2, status,0, cstack
 Tracked objects:
		On entry : 
		On exit  : 
		Unchanged: 
 Data sizes:     COMRAM   BANK0   BANK1   BANK2   BANK3   BANK4   BANK5   BANK6   BANK7   BANK8   BANK9  BANK10  BANK11  BANK12  BANK13  BANK14  BANK15
      Params:         0       0       0       0       0       0       0       0       0       0       0       0       0       0       0       0       0
      Locals:         1       0       0       0       0       0       0       0       0       0       0       0       0       0       0       0       0
      Temps:          0       0       0       0       0       0       0       0       0       0       0       0       0       0       0       0       0
      Totals:         1       0       0       0       0       0       0       0       0       0       0       0       0       0       0       0       0
Total ram usage:        1 bytes
 Hardware stack levels used:    1
 Hardware stack levels required when called:    4
 This function calls:
		_WritePort_BBSPI
 This function is called by:
		_LCDInit
		_LCDCursorControl
		_dispClock
		_dispSw
 This function uses a non-reentrant model


 *************** function _WritePort_BBSPI *****************
 Defined at:
		line 145 in file "LCD.c"
 Parameters:    Size  Location     Type
  port_add        1    wreg     unsigned char 
  a               1    3[COMRAM] unsigned char 
 Auto vars:     Size  Location     Type
  port_add        1    4[COMRAM] unsigned char 
 Return value:  Size  Location     Type
                  1    wreg      void 
 Registers used:
		wreg, status,2, status,0, cstack
 Tracked objects:
		On entry : 
		On exit  : 
		Unchanged: 
 Data sizes:     COMRAM   BANK0   BANK1   BANK2   BANK3   BANK4   BANK5   BANK6   BANK7   BANK8   BANK9  BANK10  BANK11  BANK12  BANK13  BANK14  BANK15
      Params:         1       0       0       0       0       0       0       0       0       0       0       0       0       0       0       0       0
      Locals:         1       0       0       0       0       0       0       0       0       0       0       0       0       0       0       0       0
      Temps:          0       0       0       0       0       0       0       0       0       0       0       0       0       0       0       0       0
      Totals:         2       0       0       0       0       0       0       0       0       0       0       0       0       0       0       0       0
Total ram usage:        2 bytes
 Hardware stack levels used:    1
 Hardware stack levels required when called:    3
 This function calls:
		_SendByteBBSPI
 This function is called by:
		_LCDInit
		_LCDPutChar
		_LCDPutInst
 This function uses a non-reentrant model


 *************** function _SendByteBBSPI *****************
 Defined at:
		line 92 in file "LCD.c"
 Parameters:    Size  Location     Type
  output          1    wreg     unsigned char 
 Auto vars:     Size  Location     Type
  output          1    0[COMRAM] unsigned char 
  input           1    2[COMRAM] unsigned char 
  bitcount        1    1[COMRAM] unsigned char 
 Return value:  Size  Location     Type
                  1    wreg      void 
 Registers used:
		wreg, status,2, status,0
 Tracked objects:
		On entry : 
		On exit  : 
		Unchanged: 
 Data sizes:     COMRAM   BANK0   BANK1   BANK2   BANK3   BANK4   BANK5   BANK6   BANK7   BANK8   BANK9  BANK10  BANK11  BANK12  BANK13  BANK14  BANK15
      Params:         0       0       0       0       0       0       0       0       0       0       0       0       0       0       0       0       0
      Locals:         3       0       0       0       0       0       0       0       0       0       0       0       0       0       0       0       0
      Temps:          0       0       0       0       0       0       0       0       0       0       0       0       0       0       0       0       0
      Totals:         3       0       0       0       0       0       0       0       0       0       0       0       0       0       0       0       0
Total ram usage:        3 bytes
 Hardware stack levels used:    1
 Hardware stack levels required when called:    2
 This function calls:
		Nothing
 This function is called by:
		_Port_BBSPIInit
		_WritePort_BBSPI
 This function uses a non-reentrant model


 *************** function ___awmod *****************
 Defined at:
		line 7 in file "/opt/microchip/xc8/v2.10/pic/sources/c99/common/awmod.c"
 Parameters:    Size  Location     Type
  dividend        2    0[COMRAM] int 
  divisor         2    2[COMRAM] int 
 Auto vars:     Size  Location     Type
  sign            1    5[COMRAM] unsigned char 
  counter         1    4[COMRAM] unsigned char 
 Return value:  Size  Location     Type
                  2    0[COMRAM] int 
 Registers used:
		wreg, status,2, status,0
 Tracked objects:
		On entry : 
		On exit  : 
		Unchanged: 
 Data sizes:     COMRAM   BANK0   BANK1   BANK2   BANK3   BANK4   BANK5   BANK6   BANK7   BANK8   BANK9  BANK10  BANK11  BANK12  BANK13  BANK14  BANK15
      Params:         4       0       0       0       0       0       0       0       0       0       0       0       0       0       0       0       0
      Locals:         2       0       0       0       0       0       0       0       0       0       0       0       0       0       0       0       0
      Temps:          0       0       0       0       0       0       0       0       0       0       0       0       0       0       0       0       0
      Totals:         6       0       0       0       0       0       0       0       0       0       0       0       0       0       0       0       0
Total ram usage:        6 bytes
 Hardware stack levels used:    1
 Hardware stack levels required when called:    2
 This function calls:
		Nothing
 This function is called by:
		_button
 This function uses a non-reentrant model


 *************** function _ITR *****************
 Defined at:
		line 5 in file "Interrupt_Tmr.c"
 Parameters:    Size  Location     Type
		None
 Auto vars:     Size  Location     Type
		None
 Return value:  Size  Location     Type
                  1    wreg      void 
 Registers used:
		wreg, status,2, status,0, cstack
 Tracked objects:
		On entry : 
		On exit  : 
		Unchanged: 
 Data sizes:     COMRAM   BANK0   BANK1   BANK2   BANK3   BANK4   BANK5   BANK6   BANK7   BANK8   BANK9  BANK10  BANK11  BANK12  BANK13  BANK14  BANK15
      Params:         0       0       0       0       0       0       0       0       0       0       0       0       0       0       0       0       0
      Locals:         0       0       0       0       0       0       0       0       0       0       0       0       0       0       0       0       0
      Temps:          0       0       0       0       0       0       0       0       0       0       0       0       0       0       0       0       0
      Totals:         0       0       0       0       0       0       0       0       0       0       0       0       0       0       0       0       0
Total ram usage:        0 bytes
 Hardware stack levels used:    1
 Hardware stack levels required when called:    1
 This function calls:
		i2_handleTime
 This function is called by:
		Interrupt level 2
 This function uses a non-reentrant model


 *************** function i2_handleTime *****************
 Defined at:
		line 4 in file "Normal_Clock.c"
 Parameters:    Size  Location     Type
		None
 Auto vars:     Size  Location     Type
		None
 Return value:  Size  Location     Type
                  1    wreg      void 
 Registers used:
		wreg, status,2, status,0
 Tracked objects:
		On entry : 
		On exit  : 
		Unchanged: 
 Data sizes:     COMRAM   BANK0   BANK1   BANK2   BANK3   BANK4   BANK5   BANK6   BANK7   BANK8   BANK9  BANK10  BANK11  BANK12  BANK13  BANK14  BANK15
      Params:         0       0       0       0       0       0       0       0       0       0       0       0       0       0       0       0       0
      Locals:         0       0       0       0       0       0       0       0       0       0       0       0       0       0       0       0       0
      Temps:          0       0       0       0       0       0       0       0       0       0       0       0       0       0       0       0       0
      Totals:         0       0       0       0       0       0       0       0       0       0       0       0       0       0       0       0       0
Total ram usage:        0 bytes
 Hardware stack levels used:    1
 This function calls:
		Nothing
 This function is called by:
		_ITR
 This function uses a non-reentrant model



MODULE INFORMATION

Module		Function		Class		Link	Load	Size
Read_Button.c
		_readButtonRB0 		CODE           	646A	0000	65
		_readButtonRA5 		CODE           	64AA	0000	65

Read_Button.c estimated size: 130

/opt/microchip/xc8/v2.10/pic/sources/c99/common/lwmod.c
		___lwmod       		CODE           	6266	0000	101

/opt/microchip/xc8/v2.10/pic/sources/c99/common/lwmod.c estimated size: 101

/opt/microchip/xc8/v2.10/pic/sources/c99/common/awmod.c
		___awmod       		CODE           	5C88	0000	177

/opt/microchip/xc8/v2.10/pic/sources/c99/common/awmod.c estimated size: 177

/opt/microchip/xc8/v2.10/pic/sources/c99/common/flge.c
		___flge        		CODE           	5A9E	0000	261

/opt/microchip/xc8/v2.10/pic/sources/c99/common/flge.c estimated size: 261

/opt/microchip/xc8/v2.10/pic/sources/c99/common/xxtofl.c
		___xxtofl      		CODE           	53F2	0000	437

/opt/microchip/xc8/v2.10/pic/sources/c99/common/xxtofl.c estimated size: 437

Normal_Clock.c
		_dispClock     		CODE           	55A6	0000	421
		_handleTime    		CODE           	618A	0000	111
		_normalClock   		CODE           	588C	0000	267

Normal_Clock.c estimated size: 799

System_Init.c
		_system_init   		CODE           	664A	0000	31
		_calculate_init_tmr		CODE           	574A	0000	323
		_osc_init      		CODE           	66BE	0000	7
		_pin_init      		CODE           	6604	0000	37
		_tmr0_init     		CODE           	66B8	0000	7
		_interrupt_init		CODE           	66AE	0000	11

System_Init.c estimated size: 416

/opt/microchip/xc8/v2.10/pic/sources/c99/common/nanf.c
		_nanf          		CODE           	6628	0000	35

/opt/microchip/xc8/v2.10/pic/sources/c99/common/nanf.c estimated size: 35

/opt/microchip/xc8/v2.10/pic/sources/c99/common/sqrtf.c
		_sqrtf         		CODE           	3AFA	0000	1217

/opt/microchip/xc8/v2.10/pic/sources/c99/common/sqrtf.c estimated size: 1217

/opt/microchip/xc8/v2.10/pic/sources/c99/common/lwdiv.c
		___lwdiv       		CODE           	6116	0000	117

/opt/microchip/xc8/v2.10/pic/sources/c99/common/lwdiv.c estimated size: 117

/opt/microchip/xc8/v2.10/pic/sources/c99/common/fltol.c
		___fltol       		CODE           	5996	0000	265

/opt/microchip/xc8/v2.10/pic/sources/c99/common/fltol.c estimated size: 265

Button.c
		_button        		CODE           	48A4	0000	945

Button.c estimated size: 945

Interrupt_Tmr.c
		_ITR           		CODE           	0008	0000	175

Interrupt_Tmr.c estimated size: 175

/opt/microchip/xc8/v2.10/pic/sources/c99/common/sprcmul.c
		___flmul       		CODE           	447A	0000	1067

/opt/microchip/xc8/v2.10/pic/sources/c99/common/sprcmul.c estimated size: 1067

/opt/microchip/xc8/v2.10/pic/sources/c99/common/sprcdiv.c
		___fldiv       		CODE           	4C54	0000	923

/opt/microchip/xc8/v2.10/pic/sources/c99/common/sprcdiv.c estimated size: 923

shared
		_L5            		SMALLCONST     	0000	0000	0
		_P3            		SMALLCONST     	0000	0000	0
		_L6            		SMALLCONST     	0000	0000	0
		_P4            		SMALLCONST     	0000	0000	0
		_P5            		SMALLCONST     	0000	0000	0
		i2_handleTime  		CODE           	61F8	0000	111
		_lg2_l         		SMALLCONST     	0000	0000	0
		_ivln2_l       		SMALLCONST     	0000	0000	0
		_ivln2         		SMALLCONST     	0000	0000	0
		__initialization		CODE           	659A	0000	45
		_bp            		SMALLCONST     	1069	0000	9
		_cp            		SMALLCONST     	0000	0000	0
		_cp_h          		SMALLCONST     	0000	0000	0
		_dp_h          		SMALLCONST     	1009	0000	9
		_lg2           		SMALLCONST     	0000	0000	0
		_lg2_h         		SMALLCONST     	0000	0000	0
		_ivln2_h       		SMALLCONST     	0000	0000	0
		_tiny          		SMALLCONST     	0000	0000	0
		sqrtf@tiny     		SMALLCONST     	0000	0000	0
		_ovt           		SMALLCONST     	0000	0000	0
		_huge          		SMALLCONST     	0000	0000	0
		_two24         		SMALLCONST     	0000	0000	0
		_cp_l          		SMALLCONST     	0000	0000	0
		_dp_l          		SMALLCONST     	1001	0000	9
		_L1            		SMALLCONST     	0000	0000	0
		_L2            		SMALLCONST     	0000	0000	0
		_L3            		SMALLCONST     	0000	0000	0
		_P1            		SMALLCONST     	0000	0000	0
		_L4            		SMALLCONST     	0000	0000	0
		_P2            		SMALLCONST     	0000	0000	0

shared estimated size: 183

Mod_Time.c
		_blink         		CODE           	6018	0000	137
		_modSecond     		CODE           	5E7A	0000	139
		_modHour       		CODE           	5F8E	0000	139
		_modMinute     		CODE           	5F04	0000	139

Mod_Time.c estimated size: 554

/opt/microchip/xc8/v2.10/pic/sources/c99/common/flneg.c
		___flneg       		CODE           	6562	0000	57

/opt/microchip/xc8/v2.10/pic/sources/c99/common/flneg.c estimated size: 57

/opt/microchip/xc8/v2.10/pic/sources/c99/common/fabsf.c
		_fabsf         		CODE           	65D0	0000	53

/opt/microchip/xc8/v2.10/pic/sources/c99/common/fabsf.c estimated size: 53

/opt/microchip/xc8/v2.10/pic/sources/c99/common/powf.c
		_powf          		CODE           	10C8	0000	10803

/opt/microchip/xc8/v2.10/pic/sources/c99/common/powf.c estimated size: 10803

main.c
		_main          		CODE           	5DE0	0000	155

main.c estimated size: 155

/opt/microchip/xc8/v2.10/pic/sources/c99/common/scalbnf.c
		_scalbnf       		CODE           	4FEE	0000	565

/opt/microchip/xc8/v2.10/pic/sources/c99/common/scalbnf.c estimated size: 565

Stop_Watch.c
		_dispSw        		CODE           	5BA2	0000	231
		_stopWatch     		CODE           	60A0	0000	119
		_handleTimeSw  		CODE           	5222	0000	465

Stop_Watch.c estimated size: 815

/opt/microchip/xc8/v2.10/pic/sources/c99/common/sprcadd.c
		___flsub       		CODE           	6424	0000	71
		___fladd       		CODE           	3FBA	0000	1217

/opt/microchip/xc8/v2.10/pic/sources/c99/common/sprcadd.c estimated size: 1288

LCD.c
		_LCDPutStr     		CODE           	64EA	0000	63
		_LCDPutChar    		CODE           	638C	0000	77
		_SendByteBBSPI 		CODE           	62CA	0000	101
		_LCDInit       		CODE           	632E	0000	95
		_LCDPutInst    		CODE           	63D8	0000	77
		_WritePort_BBSPI		CODE           	6682	0000	27
		_LCDCursorControl		CODE           	6528	0000	59
		_InitBBSPI     		CODE           	669C	0000	19
		_Port_BBSPIInit		CODE           	6668	0000	27

LCD.c estimated size: 545

