Microchip MPLAB XC8 Compiler V2.10 ()

Linker command line:

-W-3 --edf=/opt/microchip/xc8/v2.10/pic/dat/en_msgs.txt -cs \
  -h+dist/default/production/Lab2.X.production.sym \
  --cmf=dist/default/production/Lab2.X.production.cmf -z -Q18F8722 \
  -o/tmp/xcXa5EYfA --defsym=__MPLAB_BUILD=1 \
  -Mdist/default/production/Lab2.X.production.map -E1 -ver=XC8 --acfsm=1493 \
  -ASTACK=01BCh-0F5Fh -pstack=STACK -ACODE=00h-01FFFFh -ACONST=00h-01FFFFh \
  -ASMALLCONST=01000h-010FFhx496 \
  -AMEDIUMCONST=01000h-0FFFFh,011000h-01FFFFh -ACOMRAM=01h-05Fh \
  -AABS1=00h-0F5Fh -ABIGRAM=01h-0F5Fh \
  -ARAM=060h-0FFh,0100h-01FFhx14,0F00h-0F5Fh -ABANK0=060h-0FFh \
  -ABANK1=0100h-01FFh -ABANK2=0200h-02FFh -ABANK3=0300h-03FFh \
  -ABANK4=0400h-04FFh -ABANK5=0500h-05FFh -ABANK6=0600h-06FFh \
  -ABANK7=0700h-07FFh -ABANK8=0800h-08FFh -ABANK9=0900h-09FFh \
  -ABANK10=0A00h-0AFFh -ABANK11=0B00h-0BFFh -ABANK12=0C00h-0CFFh \
  -ABANK13=0D00h-0DFFh -ABANK14=0E00h-0EFFh -ABANK15=0F00h-0F5Fh \
  -ASFR=0F60h-0FFFh -preset_vec=00h,intcode=08h,intcodelo,powerup,init \
  -pramtop=01000h -psmallconst=SMALLCONST -pmediumconst=MEDIUMCONST \
  -pconst=CONST -AFARRAM=00h-00h -ACONFIG=0300000h-030000Dh -pconfig=CONFIG \
  -AIDLOC=0200000h-0200007h -pidloc=IDLOC -AEEDATA=0F00000h-0F003FFh \
  -peeprom_data=EEDATA \
  -prdata=COMRAM,nvrram=COMRAM,nvbit=COMRAM,rbss=COMRAM,rbit=COMRAM \
  -pfarbss=FARRAM,fardata=FARRAM,nvFARRAM=FARRAM \
  -pintsave_regs=BIGRAM,bigbss=BIGRAM,bigdata=BIGRAM -pbss=RAM \
  -pidata=CODE,irdata=CODE,ibigdata=CODE,ifardata=CODE -prparam=COMRAM \
  /tmp/xcXYqfzPj.o dist/default/production/Lab2.X.production.o 

Object code version is 3.11

Machine type is 18F8722

Call graph: (short form)




                Name                               Link     Load   Length Selector   Space Scale
/tmp/xcXYqfzPj.o
                init                                  E        E        4        4       0
                reset_vec                             0        0        4        0       0
                idloc                            200000   200000        8   200000       0
                config                           300000   300000        E   300000       0
dist/default/production/Lab2.X.production.o
                intcode                               8        8        6        4       0
                temp                                 5D       5D        1        1       1
                smallconst                         1000     1000       80      800       0
                text29                             57FC     57FC       40      840       0
                text28                             57BC     57BC       40      840       0
                text27                             5122     5122      114      840       0
                intcode_body                       5940     5940       22      840       0
                text25                             55FE     55FE       6C      840       0
                text24                             577A     577A       42      840       0
                text23                             5584     5584       7A      840       0
                text22                             5982     5982        A      840       0
                text21                             5978     5978        A      840       0
                text20                             598C     598C        6      840       0
                text19                             5236     5236      108      840       0
                text18                             485C     485C      39A      840       0
                text17                             58B2     58B2       38      840       0
                text16                             3F72     3F72      4C0      840       0
                text15                             5734     5734       46      840       0
                text14                             4E2A     4E2A      1B4      840       0
                text13                             58EA     58EA       34      840       0
                text12                             4432     4432      42A      840       0
                text11                             4BF6     4BF6      234      840       0
                text10                             533E     533E      104      840       0
                text9                              591E     591E       22      840       0
                text8                              3AB2     3AB2      4C0      840       0
                text7                              1080     1080     2A32      840       0
                text6                              4FDE     4FDE      144      840       0
                text5                              5962     5962       16      840       0
                text4                              566A     566A       66      840       0
                text3                              583C     583C       3C      840       0
                text2                              54E6     54E6       9E      840       0
                text1                              56D0     56D0       64      840       0
                text0                              5442     5442       A4      840       0
                cstackCOMRAM                          1        1       5A        1       1
                cstackBANK0                          60       60       55       60       1
                cstackBANK1                         100      100       BC      100       1
                dataBANK0                            C2       C2        4       60       1
                bssBANK0                             B5       B5        D       60       1
                bssCOMRAM                            5B       5B        2        1       1
                cinit                              5878     5878       3A      840       0
                nvBANK0                              C6       C6        2       60       1
                idataBANK0                         5992     5992        4      840       0

TOTAL           Name                               Link     Load   Length     Space
        CLASS   STACK          

        CLASS   CODE           
                intcode                               8        8        6         0
                init                                  E        E        4         0
                reset_vec                             0        0        4         0
                text29                             57FC     57FC       40         0
                text28                             57BC     57BC       40         0
                text27                             5122     5122      114         0
                intcode_body                       5940     5940       22         0
                text25                             55FE     55FE       6C         0
                text24                             577A     577A       42         0
                text23                             5584     5584       7A         0
                text22                             5982     5982        A         0
                text21                             5978     5978        A         0
                text20                             598C     598C        6         0
                text19                             5236     5236      108         0
                text18                             485C     485C      39A         0
                text17                             58B2     58B2       38         0
                text16                             3F72     3F72      4C0         0
                text15                             5734     5734       46         0
                text14                             4E2A     4E2A      1B4         0
                text13                             58EA     58EA       34         0
                text12                             4432     4432      42A         0
                text11                             4BF6     4BF6      234         0
                text10                             533E     533E      104         0
                text9                              591E     591E       22         0
                text8                              3AB2     3AB2      4C0         0
                text7                              1080     1080     2A32         0
                text6                              4FDE     4FDE      144         0
                text5                              5962     5962       16         0
                text4                              566A     566A       66         0
                text3                              583C     583C       3C         0
                text2                              54E6     54E6       9E         0
                text1                              56D0     56D0       64         0
                text0                              5442     5442       A4         0
                cinit                              5878     5878       3A         0
                idataBANK0                         5992     5992        4         0

        CLASS   CONST          

        CLASS   SMALLCONST     
                smallconst                         1000     1000       80         0

        CLASS   MEDIUMCONST    

        CLASS   COMRAM         
                temp                                 5D       5D        1         1
                cstackCOMRAM                          1        1       5A         1
                bssCOMRAM                            5B       5B        2         1

        CLASS   ABS1           

        CLASS   BIGRAM         

        CLASS   RAM            

        CLASS   BANK0          
                cstackBANK0                          60       60       55         1
                dataBANK0                            C2       C2        4         1
                bssBANK0                             B5       B5        D         1
                nvBANK0                              C6       C6        2         1

        CLASS   BANK1          
                cstackBANK1                         100      100       BC         1

        CLASS   BANK2          

        CLASS   BANK3          

        CLASS   BANK4          

        CLASS   BANK5          

        CLASS   BANK6          

        CLASS   BANK7          

        CLASS   BANK8          

        CLASS   BANK9          

        CLASS   BANK10         

        CLASS   BANK11         

        CLASS   BANK12         

        CLASS   BANK13         

        CLASS   BANK14         

        CLASS   BANK15         

        CLASS   SFR            

        CLASS   FARRAM         

        CLASS   CONFIG         
                config                           300000   300000        E         0

        CLASS   IDLOC          
                idloc                            200000   200000        8         0

        CLASS   EEDATA         



SEGMENTS        Name                           Load    Length   Top    Selector   Space  Class

                reset_vec                      000000  000004  000004         0       0  CODE    
                cstackCOMRAM                   000001  00005D  00005E         1       1  COMRAM  
                intcode                        000008  00000A  000012         4       0  CODE    
                cstackBANK0                    000060  000068  0000C8        60       1  BANK0   
                cstackBANK1                    000100  0000BC  0001BC       100       1  BANK1   
                smallconst                     001000  000080  001080       800       0  SMALLCON
                text7                          001080  004916  005996       840       0  CODE    
                idloc                          200000  000008  200008    200000       0  IDLOC   
                config                         300000  00000E  30000E    300000       0  CONFIG  


UNUSED ADDRESS RANGES

        Name                Unused          Largest block    Delta
        BANK0            0000C8-0000FF               38
        BANK1            0001BC-0001FF               44
        BANK10           000A00-000AFF              100
        BANK11           000B00-000BFF              100
        BANK12           000C00-000CFF              100
        BANK13           000D00-000DFF              100
        BANK14           000E00-000EFF              100
        BANK15           000F00-000F5F               60
        BANK2            000200-0002FF              100
        BANK3            000300-0003FF              100
        BANK4            000400-0004FF              100
        BANK5            000500-0005FF              100
        BANK6            000600-0006FF              100
        BANK7            000700-0007FF              100
        BANK8            000800-0008FF              100
        BANK9            000900-0009FF              100
        BIGRAM           00005E-00005F                2
                         0000C8-0000FF               38
                         0001BC-000F5F              DA4
        CODE             000004-000007                4
                         000012-000FFF              FEE
                         005996-01FFFF            1A66A
        COMRAM           00005E-00005F                2
        CONST            000004-000007                4
                         000012-000FFF              FEE
                         005996-01FFFF            1A66A
        EEDATA           F00000-F003FF              400
        MEDIUMCONST      005996-00FFFF             A66A
                         011000-01FFFF             F000
        RAM              0000C8-0000FF               38
                         0001BC-000F5F              100
        SFR              000F60-000FFF               A0
        SMALLCONST       005996-01FFFF              100
        STACK            0001BC-000F5F              DA4

                                  Symbol Table

?___fladd                cstackCOMRAM 000003
?___fldiv                cstackCOMRAM 000042
?___flmul                cstackCOMRAM 000013
?___flneg                cstackCOMRAM 000003
?___flsub                cstackCOMRAM 00003A
?___fltol                cstackBANK0  000099
?___xxtofl               cstackCOMRAM 00002C
?_fabsf                  cstackCOMRAM 000003
?_nanf                   cstackCOMRAM 000003
?_powf                   cstackBANK0  000088
?_scalbnf                cstackCOMRAM 00002C
?_sqrtf                  cstackCOMRAM 00004E
_ADCON1                  (abs)        000FC1
_INTCONbits              (abs)        000FF2
_ITR                     intcode      000008
_LATD                    (abs)        000F8C
_OSCCON                  (abs)        000FD3
_PORTAbits               (abs)        000F80
_PORTBbits               (abs)        000F81
_T0CON                   (abs)        000FD5
_TMR0                    (abs)        000FD6
_TRISAbits               (abs)        000F92
_TRISBbits               (abs)        000F93
_TRISD                   (abs)        000F95
__CFG_BOREN$OFF          (abs)        000000
__CFG_FCMEN$OFF          (abs)        000000
__CFG_IESO$OFF           (abs)        000000
__CFG_LVP$OFF            (abs)        000000
__CFG_MCLRE$ON           (abs)        000000
__CFG_OSC$INTIO7         (abs)        000000
__CFG_PWRT$OFF           (abs)        000000
__CFG_WDT$OFF            (abs)        000000
__CFG_XINST$OFF          (abs)        000000
__HRAM                   (abs)        000000
__Habs1                  abs1         000000
__Hbank0                 bank0        000000
__Hbank1                 bank1        000000
__Hbank10                bank10       000000
__Hbank11                bank11       000000
__Hbank12                bank12       000000
__Hbank13                bank13       000000
__Hbank14                bank14       000000
__Hbank15                bank15       000000
__Hbank2                 bank2        000000
__Hbank3                 bank3        000000
__Hbank4                 bank4        000000
__Hbank5                 bank5        000000
__Hbank6                 bank6        000000
__Hbank7                 bank7        000000
__Hbank8                 bank8        000000
__Hbank9                 bank9        000000
__Hbigbss                bigbss       000000
__Hbigdata               bigdata      000000
__Hbigram                bigram       000000
__Hbss                   bss          000000
__HbssBANK0              bssBANK0     000000
__HbssCOMRAM             bssCOMRAM    000000
__Hcinit                 cinit        000000
__Hclrtext               clrtext      000000
__Hcomram                comram       000000
__Hconfig                config       30000E
__Hconst                 const        000000
__HcstackBANK0           cstackBANK0  000000
__HcstackBANK1           cstackBANK1  000000
__HcstackCOMRAM          cstackCOMRAM 000000
__Hdata                  data         000000
__HdataBANK0             dataBANK0    000000
__Heeprom_data           eeprom_data  000000
__Hfarbss                farbss       000000
__Hfardata               fardata      000000
__Hibigdata              ibigdata     000000
__Hidata                 idata        000000
__HidataBANK0            idataBANK0   000000
__Hidloc                 idloc        200008
__Hifardata              ifardata     000000
__Hinit                  init         000012
__Hintcode               intcode      00000E
__Hintcode_body          intcode_body 000000
__Hintcodelo             intcodelo    00000E
__Hintentry              intentry     000000
__Hintret                intret       000000
__Hintsave_regs          intsave_regs 000000
__Hirdata                irdata       000000
__Hmediumconst           mediumconst  000000
__HnvBANK0               nvBANK0      000000
__HnvFARRAM              nvFARRAM     000000
__Hnvbit                 nvbit        000000
__Hnvrram                nvrram       000000
__Hparam                 rparam       000000
__Hpowerup               powerup      00000E
__Hram                   ram          000000
__Hramtop                ramtop       001000
__Hrbit                  rbit         000000
__Hrbss                  rbss         000000
__Hrdata                 rdata        000000
__Hreset_vec             reset_vec    000004
__Hrparam                rparam       000000
__Hsfr                   sfr          000000
__Hsmallconst            smallconst   001080
__Hspace_0               (abs)        30000E
__Hspace_1               (abs)        0001BC
__Hspace_2               (abs)        000000
__Hstack                 stack        000000
__Hstruct                struct       000000
__Htemp                  temp         00005E
__Htext                  text         000000
__Htext0                 text0        000000
__Htext1                 text1        000000
__Htext10                text10       000000
__Htext11                text11       000000
__Htext12                text12       000000
__Htext13                text13       000000
__Htext14                text14       000000
__Htext15                text15       000000
__Htext16                text16       000000
__Htext17                text17       000000
__Htext18                text18       000000
__Htext19                text19       000000
__Htext2                 text2        000000
__Htext20                text20       000000
__Htext21                text21       000000
__Htext22                text22       000000
__Htext23                text23       000000
__Htext24                text24       000000
__Htext25                text25       000000
__Htext27                text27       000000
__Htext28                text28       000000
__Htext29                text29       000000
__Htext3                 text3        000000
__Htext4                 text4        000000
__Htext5                 text5        000000
__Htext6                 text6        000000
__Htext7                 text7        000000
__Htext8                 text8        000000
__Htext9                 text9        000000
__LRAM                   (abs)        000001
__Labs1                  abs1         000000
__Lbank0                 bank0        000000
__Lbank1                 bank1        000000
__Lbank10                bank10       000000
__Lbank11                bank11       000000
__Lbank12                bank12       000000
__Lbank13                bank13       000000
__Lbank14                bank14       000000
__Lbank15                bank15       000000
__Lbank2                 bank2        000000
__Lbank3                 bank3        000000
__Lbank4                 bank4        000000
__Lbank5                 bank5        000000
__Lbank6                 bank6        000000
__Lbank7                 bank7        000000
__Lbank8                 bank8        000000
__Lbank9                 bank9        000000
__Lbigbss                bigbss       000000
__Lbigdata               bigdata      000000
__Lbigram                bigram       000000
__Lbss                   bss          000000
__LbssBANK0              bssBANK0     000000
__LbssCOMRAM             bssCOMRAM    000000
__Lcinit                 cinit        000000
__Lclrtext               clrtext      000000
__Lcomram                comram       000000
__Lconfig                config       300000
__Lconst                 const        000000
__LcstackBANK0           cstackBANK0  000000
__LcstackBANK1           cstackBANK1  000000
__LcstackCOMRAM          cstackCOMRAM 000000
__Ldata                  data         000000
__LdataBANK0             dataBANK0    000000
__Leeprom_data           eeprom_data  000000
__Lfarbss                farbss       000000
__Lfardata               fardata      000000
__Libigdata              ibigdata     000000
__Lidata                 idata        000000
__LidataBANK0            idataBANK0   000000
__Lidloc                 idloc        200000
__Lifardata              ifardata     000000
__Linit                  init         00000E
__Lintcode               intcode      000008
__Lintcode_body          intcode_body 000000
__Lintcodelo             intcodelo    00000E
__Lintentry              intentry     000000
__Lintret                intret       000000
__Lintsave_regs          intsave_regs 000000
__Lirdata                irdata       000000
__Lmediumconst           mediumconst  000000
__LnvBANK0               nvBANK0      000000
__LnvFARRAM              nvFARRAM     000000
__Lnvbit                 nvbit        000000
__Lnvrram                nvrram       000000
__Lparam                 rparam       000000
__Lpowerup               powerup      00000E
__Lram                   ram          000000
__Lramtop                ramtop       001000
__Lrbit                  rbit         000000
__Lrbss                  rbss         000000
__Lrdata                 rdata        000000
__Lreset_vec             reset_vec    000000
__Lrparam                rparam       000000
__Lsfr                   sfr          000000
__Lsmallconst            smallconst   001000
__Lspace_0               (abs)        000000
__Lspace_1               (abs)        000000
__Lspace_2               (abs)        000000
__Lstack                 stack        000000
__Lstruct                struct       000000
__Ltemp                  temp         00005D
__Ltext                  text         000000
__Ltext0                 text0        000000
__Ltext1                 text1        000000
__Ltext10                text10       000000
__Ltext11                text11       000000
__Ltext12                text12       000000
__Ltext13                text13       000000
__Ltext14                text14       000000
__Ltext15                text15       000000
__Ltext16                text16       000000
__Ltext17                text17       000000
__Ltext18                text18       000000
__Ltext19                text19       000000
__Ltext2                 text2        000000
__Ltext20                text20       000000
__Ltext21                text21       000000
__Ltext22                text22       000000
__Ltext23                text23       000000
__Ltext24                text24       000000
__Ltext25                text25       000000
__Ltext27                text27       000000
__Ltext28                text28       000000
__Ltext29                text29       000000
__Ltext3                 text3        000000
__Ltext4                 text4        000000
__Ltext5                 text5        000000
__Ltext6                 text6        000000
__Ltext7                 text7        000000
__Ltext8                 text8        000000
__Ltext9                 text9        000000
__S0                     (abs)        30000E
__S1                     (abs)        0001BC
__S2                     (abs)        000000
___extmem_base           (abs)        020000
___fladd                 text16       003F72
___fladd@a               cstackCOMRAM 000007
___fladd@aexp            cstackCOMRAM 000010
___fladd@b               cstackCOMRAM 000003
___fladd@bexp            cstackCOMRAM 000011
___fladd@grs             cstackCOMRAM 000012
___fladd@signs           cstackCOMRAM 00000F
___fldiv                 text18       00485C
___fldiv@a               cstackCOMRAM 000046
___fldiv@aexp            cstackCOMRAM 00005A
___fldiv@b               cstackCOMRAM 000042
___fldiv@bexp            cstackCOMRAM 000059
___fldiv@grs             cstackCOMRAM 000055
___fldiv@new_exp         cstackCOMRAM 000053
___fldiv@rem             cstackCOMRAM 00004E
___fldiv@sign            cstackCOMRAM 000052
___flge                  text10       00533E
___flge@ff1              cstackCOMRAM 000042
___flge@ff2              cstackCOMRAM 000046
___flmul                 text12       004432
___flmul@a               cstackCOMRAM 000017
___flmul@aexp            cstackCOMRAM 000024
___flmul@b               cstackCOMRAM 000013
___flmul@bexp            cstackCOMRAM 000025
___flmul@grs             cstackCOMRAM 000020
___flmul@prod            cstackCOMRAM 000026
___flmul@sign            cstackCOMRAM 00001F
___flmul@temp            cstackCOMRAM 00002A
___flneg                 text17       0058B2
___flneg@f1              cstackCOMRAM 000003
___flsub                 text15       005734
___flsub@a               cstackCOMRAM 00003E
___flsub@b               cstackCOMRAM 00003A
___fltol                 text19       005236
___fltol@exp1            cstackBANK0  0000A2
___fltol@f1              cstackBANK0  000099
___fltol@sign1           cstackBANK0  0000A1
___inthi_sp              stack        000000
___intlo_sp              stack        000000
___param_bank            (abs)        000000
___rparam_used           (abs)        000001
___sp                    stack        000000
___xxtofl                text14       004E2A
___xxtofl@arg            cstackCOMRAM 000036
___xxtofl@exp            cstackCOMRAM 000035
___xxtofl@sign           cstackCOMRAM 000034
___xxtofl@val            cstackCOMRAM 00002C
__accesstop              (abs)        000060
__activetblptr           (abs)        000003
__end_of_ITR             intcode_body 005962
__end_of_L1              smallconst   00105D
__end_of_L2              smallconst   001059
__end_of_L3              smallconst   001055
__end_of_L4              smallconst   001051
__end_of_L5              smallconst   00104D
__end_of_L6              smallconst   001049
__end_of_P1              smallconst   001045
__end_of_P2              smallconst   001041
__end_of_P3              smallconst   00103D
__end_of_P4              smallconst   001039
__end_of_P5              smallconst   001035
__end_of___fladd         text16       004432
__end_of___fldiv         text18       004BF6
__end_of___flge          text10       005442
__end_of___flmul         text12       00485C
__end_of___flneg         text17       0058EA
__end_of___flsub         text15       00577A
__end_of___fltol         text19       00533E
__end_of___xxtofl        text14       004FDE
__end_of__initialization cinit        0058A8
__end_of_bp              smallconst   001071
__end_of_button          text27       005236
__end_of_calculateTmr    text6        005122
__end_of_cp              smallconst   001021
__end_of_cp_h            smallconst   00107D
__end_of_cp_l            smallconst   001079
__end_of_dp_h            smallconst   001011
__end_of_dp_l            smallconst   001009
__end_of_fabsf           text13       00591E
__end_of_fastDecrease    text25       00566A
__end_of_fastIncrease    text24       0057BC
__end_of_huge            smallconst   001065
__end_of_init            text23       0055FE
__end_of_initButton      text22       00598C
__end_of_initLED         text21       005982
__end_of_initOsc         text20       005992
__end_of_initTmr         text5        005978
__end_of_ivln2           smallconst   00101D
__end_of_ivln2_h         smallconst   001075
__end_of_ivln2_l         smallconst   001019
__end_of_lg2             smallconst   001031
__end_of_lg2_h           smallconst   00102D
__end_of_lg2_l           smallconst   001029
__end_of_main            text0        0054E6
__end_of_nanf            text9        005940
__end_of_normalDecrease  text4        0056D0
__end_of_normalIncrease  text3        005878
__end_of_ovt             smallconst   001025
__end_of_powf            text7        003AB2
__end_of_readButtonD     text29       00583C
__end_of_readButtonI     text28       0057FC
__end_of_scalbnf         text11       004E2A
__end_of_slowDecrease    text2        005584
__end_of_slowIncrease    text1        005734
__end_of_sqrtf           text8        003F72
__end_of_tiny            smallconst   001061
__end_of_two24           smallconst   001069
__end_ofsqrtf@tiny       smallconst   001015
__initialization         cinit        005878
__mediumconst            mediumconst  000000
__pbssBANK0              bssBANK0     0000B5
__pbssCOMRAM             bssCOMRAM    00005B
__pcinit                 cinit        005878
__pcstackBANK0           cstackBANK0  000060
__pcstackBANK1           cstackBANK1  000100
__pcstackCOMRAM          cstackCOMRAM 000001
__pdataBANK0             dataBANK0    0000C2
__pidataBANK0            idataBANK0   005992
__pintcode               intcode      000008
__pintcode_body          intcode_body 005940
__pnvBANK0               nvBANK0      0000C6
__psmallconst            smallconst   001000
__ptext0                 text0        005442
__ptext1                 text1        0056D0
__ptext10                text10       00533E
__ptext11                text11       004BF6
__ptext12                text12       004432
__ptext13                text13       0058EA
__ptext14                text14       004E2A
__ptext15                text15       005734
__ptext16                text16       003F72
__ptext17                text17       0058B2
__ptext18                text18       00485C
__ptext19                text19       005236
__ptext2                 text2        0054E6
__ptext20                text20       00598C
__ptext21                text21       005978
__ptext22                text22       005982
__ptext23                text23       005584
__ptext24                text24       00577A
__ptext25                text25       0055FE
__ptext27                text27       005122
__ptext28                text28       0057BC
__ptext29                text29       0057FC
__ptext3                 text3        00583C
__ptext4                 text4        00566A
__ptext5                 text5        005962
__ptext6                 text6        004FDE
__ptext7                 text7        001080
__ptext8                 text8        003AB2
__ptext9                 text9        00591E
__ramtop                 ramtop       001000
__size_of_ITR            (abs)        000000
__size_of___fladd        (abs)        000000
__size_of___fldiv        (abs)        000000
__size_of___flge         (abs)        000000
__size_of___flmul        (abs)        000000
__size_of___flneg        (abs)        000000
__size_of___flsub        (abs)        000000
__size_of___fltol        (abs)        000000
__size_of___xxtofl       (abs)        000000
__size_of_button         (abs)        000000
__size_of_calculateTmr   (abs)        000000
__size_of_fabsf          (abs)        000000
__size_of_fastDecrease   (abs)        000000
__size_of_fastIncrease   (abs)        000000
__size_of_init           (abs)        000000
__size_of_initButton     (abs)        000000
__size_of_initLED        (abs)        000000
__size_of_initOsc        (abs)        000000
__size_of_initTmr        (abs)        000000
__size_of_main           (abs)        000000
__size_of_nanf           (abs)        000000
__size_of_normalDecrease (abs)        000000
__size_of_normalIncrease (abs)        000000
__size_of_powf           (abs)        000000
__size_of_readButtonD    (abs)        000000
__size_of_readButtonI    (abs)        000000
__size_of_scalbnf        (abs)        000000
__size_of_slowDecrease   (abs)        000000
__size_of_slowIncrease   (abs)        000000
__size_of_sqrtf          (abs)        000000
__smallconst             smallconst   001000
_bp                      smallconst   001069
_button                  text27       005122
_calculateTmr            text6        004FDE
_calculateTmr$1340       cstackBANK0  0000A3
_calculateTmr$1341       cstackBANK0  0000A7
_calculateTmr$1342       cstackBANK0  0000AB
_calculateTmr$1343       cstackBANK0  0000AF
_countD                  bssBANK0     0000BF
_countI                  bssCOMRAM    00005B
_dp_h                    smallconst   001009
_dp_l                    smallconst   001001
_errno                   bssBANK0     0000B9
_fabsf                   text13       0058EA
_fastCount               bssBANK0     0000BB
_fastDecrease            text25       0055FE
_fastIncrease            text24       00577A
_firstReadRA5            dataBANK0    0000C5
_firstReadRB0            dataBANK0    0000C3
_init                    text23       005584
_initButton              text22       005982
_initLED                 text21       005978
_initOsc                 text20       00598C
_initTmr                 text5        005962
_main                    text0        005442
_nanf                    text9        00591E
_normalDecrease          text4        00566A
_normalIncrease          text3        00583C
_powf                    text7        001080
_powf$1344               cstackBANK1  0001A4
_powf$1345               cstackBANK1  000158
_powf$1346               cstackBANK1  000148
_powf$1347               cstackBANK1  000198
_powf$1348               cstackBANK1  000138
_powf$1349               cstackBANK1  000100
_powf$1350               cstackBANK1  000104
_powf$1351               cstackBANK1  00015C
_powf$1352               cstackBANK1  00013C
_powf$1353               cstackBANK1  000140
_powf$1354               cstackBANK1  000108
_powf$1355               cstackBANK1  00010C
_powf$1356               cstackBANK1  000110
_powf$1357               cstackBANK1  000114
_powf$1358               cstackBANK1  000118
_readButtonD             text29       0057FC
_readButtonI             text28       0057BC
_scalbnf                 text11       004BF6
_secondReadRA5           dataBANK0    0000C4
_secondReadRB0           dataBANK0    0000C2
_slowCount               bssBANK0     0000BD
_slowDecrease            text2        0054E6
_slowIncrease            text1        0056D0
_sqrtf                   text8        003AB2
_state                   bssBANK0     0000C1
_timerCounter            nvBANK0      0000C6
btemp                    temp         00005D
button@checkD            cstackCOMRAM 000002
button@checkI            cstackCOMRAM 000001
end_of_initialization    cinit        0058A8
fabsf@F463               bssBANK0     0000B5
fabsf@u                  cstackCOMRAM 000007
fabsf@x                  cstackCOMRAM 000003
int$flags                temp         00005D
int_func                 intcode_body 005940
intlevel0                text         000000
intlevel1                text         000000
intlevel2                text         000000
intlevel3                text         000000
nanf@s                   cstackCOMRAM 000003
nanf@u                   cstackCOMRAM 000007
powf@__xc8_float_word    cstackBANK1  0001B8
powf@ax                  cstackBANK1  000170
powf@hx                  cstackBANK1  000160
powf@hy                  cstackBANK1  00017C
powf@i                   cstackBANK1  00012C
powf@is                  cstackBANK1  000194
powf@ix                  cstackBANK1  0001A8
powf@iy                  cstackBANK1  000190
powf@j                   cstackBANK1  0001AC
powf@k                   cstackBANK1  0001A0
powf@n                   cstackBANK1  000188
powf@p_h                 cstackBANK1  00019C
powf@p_l                 cstackBANK1  000164
powf@r                   cstackBANK1  00014C
powf@s                   cstackBANK1  000154
powf@s2                  cstackBANK1  00018C
powf@s_h                 cstackBANK1  00016C
powf@s_l                 cstackBANK1  000130
powf@sn                  cstackBANK1  000184
powf@t                   cstackBANK1  0001B0
powf@t1                  cstackBANK1  000180
powf@t2                  cstackBANK1  00011C
powf@t_h                 cstackBANK1  000168
powf@t_l                 cstackBANK1  000134
powf@u                   cstackBANK1  000174
powf@v                   cstackBANK1  000178
powf@w                   cstackBANK1  000144
powf@x                   cstackBANK0  000088
powf@y                   cstackBANK0  00008C
powf@y1                  cstackBANK1  000128
powf@yisint              cstackBANK1  000150
powf@z                   cstackBANK1  0001B4
powf@z_h                 cstackBANK1  000120
powf@z_l                 cstackBANK1  000124
scalbnf@n                cstackCOMRAM 000030
scalbnf@u                cstackCOMRAM 000036
scalbnf@x                cstackCOMRAM 00002C
scalbnf@y                cstackCOMRAM 00003A
sqrtf@__xc8_float_word   cstackBANK0  00006C
sqrtf@i                  cstackBANK0  000068
sqrtf@ix                 cstackBANK0  000084
sqrtf@m                  cstackBANK0  00007C
sqrtf@q                  cstackBANK0  000070
sqrtf@r                  cstackBANK0  000080
sqrtf@s                  cstackBANK0  000064
sqrtf@t                  cstackBANK0  000074
sqrtf@x                  cstackCOMRAM 00004E
sqrtf@z                  cstackBANK0  000078
stackhi                  (abs)        000F5F
stacklo                  (abs)        0001BC
start                    init         00000E
start_initialization     cinit        005878
ttemp5                   temp         00005E
ttemp6                   temp         000061
ttemp7                   temp         000065
wtemp8                   temp         00005E


FUNCTION INFORMATION:

 *************** function _main *****************
 Defined at:
		line 18 in file "main.c"
 Parameters:    Size  Location     Type
		None
 Auto vars:     Size  Location     Type
		None
 Return value:  Size  Location     Type
                  1    wreg      void 
 Registers used:
		wreg, status,2, status,0, tblptrl, tblptrh, tblptru, prodl, prodh, cstack
 Tracked objects:
		On entry : 
		On exit  : 
		Unchanged: 
 Data sizes:     COMRAM   BANK0   BANK1   BANK2   BANK3   BANK4   BANK5   BANK6   BANK7   BANK8   BANK9  BANK10  BANK11  BANK12  BANK13  BANK14  BANK15
      Params:         0       0       0       0       0       0       0       0       0       0       0       0       0       0       0       0       0
      Locals:         0       0       0       0       0       0       0       0       0       0       0       0       0       0       0       0       0
      Temps:          0       2       0       0       0       0       0       0       0       0       0       0       0       0       0       0       0
      Totals:         0       2       0       0       0       0       0       0       0       0       0       0       0       0       0       0       0
Total ram usage:        2 bytes
 Hardware stack levels required when called:    8
 This function calls:
		_calculateTmr
		_fastDecrease
		_fastIncrease
		_init
		_initButton
		_initLED
		_initOsc
		_initTmr
		_normalDecrease
		_normalIncrease
		_slowDecrease
		_slowIncrease
 This function is called by:
		Startup code after reset
 This function uses a non-reentrant model


 *************** function _slowIncrease *****************
 Defined at:
		line 29 in file "LEDControl.c"
 Parameters:    Size  Location     Type
		None
 Auto vars:     Size  Location     Type
		None
 Return value:  Size  Location     Type
                  1    wreg      void 
 Registers used:
		wreg, status,2, status,0
 Tracked objects:
		On entry : 
		On exit  : 
		Unchanged: 
 Data sizes:     COMRAM   BANK0   BANK1   BANK2   BANK3   BANK4   BANK5   BANK6   BANK7   BANK8   BANK9  BANK10  BANK11  BANK12  BANK13  BANK14  BANK15
      Params:         0       0       0       0       0       0       0       0       0       0       0       0       0       0       0       0       0
      Locals:         0       0       0       0       0       0       0       0       0       0       0       0       0       0       0       0       0
      Temps:          0       0       0       0       0       0       0       0       0       0       0       0       0       0       0       0       0
      Totals:         0       0       0       0       0       0       0       0       0       0       0       0       0       0       0       0       0
Total ram usage:        0 bytes
 Hardware stack levels used:    1
 Hardware stack levels required when called:    3
 This function calls:
		Nothing
 This function is called by:
		_main
 This function uses a non-reentrant model


 *************** function _slowDecrease *****************
 Defined at:
		line 61 in file "LEDControl.c"
 Parameters:    Size  Location     Type
		None
 Auto vars:     Size  Location     Type
		None
 Return value:  Size  Location     Type
                  1    wreg      void 
 Registers used:
		wreg, status,2, status,0
 Tracked objects:
		On entry : 
		On exit  : 
		Unchanged: 
 Data sizes:     COMRAM   BANK0   BANK1   BANK2   BANK3   BANK4   BANK5   BANK6   BANK7   BANK8   BANK9  BANK10  BANK11  BANK12  BANK13  BANK14  BANK15
      Params:         0       0       0       0       0       0       0       0       0       0       0       0       0       0       0       0       0
      Locals:         0       0       0       0       0       0       0       0       0       0       0       0       0       0       0       0       0
      Temps:          0       0       0       0       0       0       0       0       0       0       0       0       0       0       0       0       0
      Totals:         0       0       0       0       0       0       0       0       0       0       0       0       0       0       0       0       0
Total ram usage:        0 bytes
 Hardware stack levels used:    1
 Hardware stack levels required when called:    3
 This function calls:
		Nothing
 This function is called by:
		_main
 This function uses a non-reentrant model


 *************** function _normalIncrease *****************
 Defined at:
		line 20 in file "LEDControl.c"
 Parameters:    Size  Location     Type
		None
 Auto vars:     Size  Location     Type
		None
 Return value:  Size  Location     Type
                  1    wreg      void 
 Registers used:
		wreg, status,2, status,0
 Tracked objects:
		On entry : 
		On exit  : 
		Unchanged: 
 Data sizes:     COMRAM   BANK0   BANK1   BANK2   BANK3   BANK4   BANK5   BANK6   BANK7   BANK8   BANK9  BANK10  BANK11  BANK12  BANK13  BANK14  BANK15
      Params:         0       0       0       0       0       0       0       0       0       0       0       0       0       0       0       0       0
      Locals:         0       0       0       0       0       0       0       0       0       0       0       0       0       0       0       0       0
      Temps:          0       0       0       0       0       0       0       0       0       0       0       0       0       0       0       0       0
      Totals:         0       0       0       0       0       0       0       0       0       0       0       0       0       0       0       0       0
Total ram usage:        0 bytes
 Hardware stack levels used:    1
 Hardware stack levels required when called:    3
 This function calls:
		Nothing
 This function is called by:
		_main
 This function uses a non-reentrant model


 *************** function _normalDecrease *****************
 Defined at:
		line 52 in file "LEDControl.c"
 Parameters:    Size  Location     Type
		None
 Auto vars:     Size  Location     Type
		None
 Return value:  Size  Location     Type
                  1    wreg      void 
 Registers used:
		wreg, status,2, status,0
 Tracked objects:
		On entry : 
		On exit  : 
		Unchanged: 
 Data sizes:     COMRAM   BANK0   BANK1   BANK2   BANK3   BANK4   BANK5   BANK6   BANK7   BANK8   BANK9  BANK10  BANK11  BANK12  BANK13  BANK14  BANK15
      Params:         0       0       0       0       0       0       0       0       0       0       0       0       0       0       0       0       0
      Locals:         0       0       0       0       0       0       0       0       0       0       0       0       0       0       0       0       0
      Temps:          0       0       0       0       0       0       0       0       0       0       0       0       0       0       0       0       0
      Totals:         0       0       0       0       0       0       0       0       0       0       0       0       0       0       0       0       0
Total ram usage:        0 bytes
 Hardware stack levels used:    1
 Hardware stack levels required when called:    3
 This function calls:
		Nothing
 This function is called by:
		_main
 This function uses a non-reentrant model


 *************** function _initTmr *****************
 Defined at:
		line 3 in file "initialization.c"
 Parameters:    Size  Location     Type
		None
 Auto vars:     Size  Location     Type
		None
 Return value:  Size  Location     Type
                  1    wreg      void 
 Registers used:
		wreg, status,2, status,0, tblptrl, tblptrh, tblptru, prodl, prodh, cstack
 Tracked objects:
		On entry : 
		On exit  : 
		Unchanged: 
 Data sizes:     COMRAM   BANK0   BANK1   BANK2   BANK3   BANK4   BANK5   BANK6   BANK7   BANK8   BANK9  BANK10  BANK11  BANK12  BANK13  BANK14  BANK15
      Params:         0       0       0       0       0       0       0       0       0       0       0       0       0       0       0       0       0
      Locals:         0       0       0       0       0       0       0       0       0       0       0       0       0       0       0       0       0
      Temps:          0       0       0       0       0       0       0       0       0       0       0       0       0       0       0       0       0
      Totals:         0       0       0       0       0       0       0       0       0       0       0       0       0       0       0       0       0
Total ram usage:        0 bytes
 Hardware stack levels used:    1
 Hardware stack levels required when called:    7
 This function calls:
		_calculateTmr
 This function is called by:
		_main
 This function uses a non-reentrant model


 *************** function _calculateTmr *****************
 Defined at:
		line 3 in file "calculateTmr.c"
 Parameters:    Size  Location     Type
		None
 Auto vars:     Size  Location     Type
		None
 Return value:  Size  Location     Type
                  1    wreg      void 
 Registers used:
		wreg, status,2, status,0, tblptrl, tblptrh, tblptru, prodl, prodh, cstack
 Tracked objects:
		On entry : 
		On exit  : 
		Unchanged: 
 Data sizes:     COMRAM   BANK0   BANK1   BANK2   BANK3   BANK4   BANK5   BANK6   BANK7   BANK8   BANK9  BANK10  BANK11  BANK12  BANK13  BANK14  BANK15
      Params:         0       0       0       0       0       0       0       0       0       0       0       0       0       0       0       0       0
      Locals:         0      16       0       0       0       0       0       0       0       0       0       0       0       0       0       0       0
      Temps:          0       0       0       0       0       0       0       0       0       0       0       0       0       0       0       0       0
      Totals:         0      16       0       0       0       0       0       0       0       0       0       0       0       0       0       0       0
Total ram usage:       16 bytes
 Hardware stack levels used:    1
 Hardware stack levels required when called:    6
 This function calls:
		___flmul
		___flsub
		___fltol
		___xxtofl
		_powf
 This function is called by:
		_main
		_initTmr
 This function uses a non-reentrant model


 *************** function _powf *****************
 Defined at:
		line 52 in file "/opt/microchip/xc8/v2.10/pic/sources/c99/common/powf.c"
 Parameters:    Size  Location     Type
  x               4   40[BANK0 ] float 
  y               4   44[BANK0 ] float 
 Auto vars:     Size  Location     Type
  s2              4  140[BANK1 ] float 
  s_h             4  108[BANK1 ] float 
  t_h             4  104[BANK1 ] float 
  t_l             4   52[BANK1 ] float 
  s_l             4   48[BANK1 ] float 
  __xc8_float_    4  184[BANK1 ] struct .
  z               4  180[BANK1 ] float 
  t               4  176[BANK1 ] float 
  j               4  172[BANK1 ] long 
  ix              4  168[BANK1 ] long 
  k               4  160[BANK1 ] long 
  p_h             4  156[BANK1 ] float 
  is              4  148[BANK1 ] long 
  iy              4  144[BANK1 ] long 
  n               4  136[BANK1 ] long 
  sn              4  132[BANK1 ] float 
  t1              4  128[BANK1 ] float 
  hy              4  124[BANK1 ] long 
  v               4  120[BANK1 ] float 
  u               4  116[BANK1 ] float 
  ax              4  112[BANK1 ] float 
  p_l             4  100[BANK1 ] float 
  hx              4   96[BANK1 ] long 
  s               4   84[BANK1 ] float 
  yisint          4   80[BANK1 ] long 
  r               4   76[BANK1 ] float 
  w               4   68[BANK1 ] float 
  i               4   44[BANK1 ] long 
  y1              4   40[BANK1 ] float 
  z_l             4   36[BANK1 ] float 
  z_h             4   32[BANK1 ] float 
  t2              4   28[BANK1 ] float 
 Return value:  Size  Location     Type
                  4   40[BANK0 ] float 
 Registers used:
		wreg, status,2, status,0, tblptrl, tblptrh, tblptru, prodl, prodh, cstack
 Tracked objects:
		On entry : 
		On exit  : 
		Unchanged: 
 Data sizes:     COMRAM   BANK0   BANK1   BANK2   BANK3   BANK4   BANK5   BANK6   BANK7   BANK8   BANK9  BANK10  BANK11  BANK12  BANK13  BANK14  BANK15
      Params:         0       8       0       0       0       0       0       0       0       0       0       0       0       0       0       0       0
      Locals:         0       0     188       0       0       0       0       0       0       0       0       0       0       0       0       0       0
      Temps:          0       9       0       0       0       0       0       0       0       0       0       0       0       0       0       0       0
      Totals:         0      17     188       0       0       0       0       0       0       0       0       0       0       0       0       0       0
Total ram usage:      205 bytes
 Hardware stack levels used:    1
 Hardware stack levels required when called:    5
 This function calls:
		___fladd
		___fldiv
		___flge
		___flmul
		___flneg
		___flsub
		___xxtofl
		_fabsf
		_scalbnf
		_sqrtf
 This function is called by:
		_calculateTmr
 This function uses a non-reentrant model


 *************** function _sqrtf *****************
 Defined at:
		line 22 in file "/opt/microchip/xc8/v2.10/pic/sources/c99/common/sqrtf.c"
 Parameters:    Size  Location     Type
  x               4   77[COMRAM] float 
 Auto vars:     Size  Location     Type
  ix              4   36[BANK0 ] long 
  r               4   32[BANK0 ] unsigned long 
  m               4   28[BANK0 ] long 
  z               4   24[BANK0 ] float 
  t               4   20[BANK0 ] long 
  q               4   16[BANK0 ] long 
  __xc8_float_    4   12[BANK0 ] struct .
  i               4    8[BANK0 ] long 
  s               4    4[BANK0 ] long 
  sign            4    0        long 
 Return value:  Size  Location     Type
                  4   77[COMRAM] float 
 Registers used:
		wreg, status,2, status,0, prodl, prodh, cstack
 Tracked objects:
		On entry : 
		On exit  : 
		Unchanged: 
 Data sizes:     COMRAM   BANK0   BANK1   BANK2   BANK3   BANK4   BANK5   BANK6   BANK7   BANK8   BANK9  BANK10  BANK11  BANK12  BANK13  BANK14  BANK15
      Params:         4       0       0       0       0       0       0       0       0       0       0       0       0       0       0       0       0
      Locals:         0      40       0       0       0       0       0       0       0       0       0       0       0       0       0       0       0
      Temps:          5       0       0       0       0       0       0       0       0       0       0       0       0       0       0       0       0
      Totals:         9      40       0       0       0       0       0       0       0       0       0       0       0       0       0       0       0
Total ram usage:       49 bytes
 Hardware stack levels used:    1
 Hardware stack levels required when called:    4
 This function calls:
		___fladd
		___flge
		___flmul
		_nanf
 This function is called by:
		_powf
 This function uses a non-reentrant model


 *************** function _nanf *****************
 Defined at:
		line 4 in file "/opt/microchip/xc8/v2.10/pic/sources/c99/common/nanf.c"
 Parameters:    Size  Location     Type
  s               2    2[COMRAM] PTR const unsigned char 
		 -> STR_1(1), 
 Auto vars:     Size  Location     Type
  u               4    6[COMRAM] struct .
 Return value:  Size  Location     Type
                  4    2[COMRAM] float 
 Registers used:
		wreg, status,2
 Tracked objects:
		On entry : 
		On exit  : 
		Unchanged: 
 Data sizes:     COMRAM   BANK0   BANK1   BANK2   BANK3   BANK4   BANK5   BANK6   BANK7   BANK8   BANK9  BANK10  BANK11  BANK12  BANK13  BANK14  BANK15
      Params:         4       0       0       0       0       0       0       0       0       0       0       0       0       0       0       0       0
      Locals:         4       0       0       0       0       0       0       0       0       0       0       0       0       0       0       0       0
      Temps:          0       0       0       0       0       0       0       0       0       0       0       0       0       0       0       0       0
      Totals:         8       0       0       0       0       0       0       0       0       0       0       0       0       0       0       0       0
Total ram usage:        8 bytes
 Hardware stack levels used:    1
 Hardware stack levels required when called:    3
 This function calls:
		Nothing
 This function is called by:
		_sqrtf
 This function uses a non-reentrant model


 *************** function ___flge *****************
 Defined at:
		line 4 in file "/opt/microchip/xc8/v2.10/pic/sources/c99/common/flge.c"
 Parameters:    Size  Location     Type
  ff1             4   65[COMRAM] float 
  ff2             4   69[COMRAM] float 
 Auto vars:     Size  Location     Type
		None
 Return value:  Size  Location     Type
		None               void
 Registers used:
		wreg, status,2, status,0
 Tracked objects:
		On entry : 
		On exit  : 
		Unchanged: 
 Data sizes:     COMRAM   BANK0   BANK1   BANK2   BANK3   BANK4   BANK5   BANK6   BANK7   BANK8   BANK9  BANK10  BANK11  BANK12  BANK13  BANK14  BANK15
      Params:         8       0       0       0       0       0       0       0       0       0       0       0       0       0       0       0       0
      Locals:         0       0       0       0       0       0       0       0       0       0       0       0       0       0       0       0       0
      Temps:          4       0       0       0       0       0       0       0       0       0       0       0       0       0       0       0       0
      Totals:        12       0       0       0       0       0       0       0       0       0       0       0       0       0       0       0       0
Total ram usage:       12 bytes
 Hardware stack levels used:    1
 Hardware stack levels required when called:    3
 This function calls:
		Nothing
 This function is called by:
		_powf
		_sqrtf
 This function uses a non-reentrant model


 *************** function _scalbnf *****************
 Defined at:
		line 4 in file "/opt/microchip/xc8/v2.10/pic/sources/c99/common/scalbnf.c"
 Parameters:    Size  Location     Type
  x               4   43[COMRAM] float 
  n               2   47[COMRAM] int 
 Auto vars:     Size  Location     Type
  y               4   57[COMRAM] float 
  u               4   53[COMRAM] struct .
 Return value:  Size  Location     Type
                  4   43[COMRAM] float 
 Registers used:
		wreg, status,2, status,0, prodl, prodh, cstack
 Tracked objects:
		On entry : 
		On exit  : 
		Unchanged: 
 Data sizes:     COMRAM   BANK0   BANK1   BANK2   BANK3   BANK4   BANK5   BANK6   BANK7   BANK8   BANK9  BANK10  BANK11  BANK12  BANK13  BANK14  BANK15
      Params:         6       0       0       0       0       0       0       0       0       0       0       0       0       0       0       0       0
      Locals:         8       0       0       0       0       0       0       0       0       0       0       0       0       0       0       0       0
      Temps:          4       0       0       0       0       0       0       0       0       0       0       0       0       0       0       0       0
      Totals:        18       0       0       0       0       0       0       0       0       0       0       0       0       0       0       0       0
Total ram usage:       18 bytes
 Hardware stack levels used:    1
 Hardware stack levels required when called:    4
 This function calls:
		___flmul
 This function is called by:
		_powf
 This function uses a non-reentrant model


 *************** function ___flmul *****************
 Defined at:
		line 8 in file "/opt/microchip/xc8/v2.10/pic/sources/c99/common/sprcmul.c"
 Parameters:    Size  Location     Type
  b               4   18[COMRAM] float 
  a               4   22[COMRAM] float 
 Auto vars:     Size  Location     Type
  prod            4   37[COMRAM] struct .
  grs             4   31[COMRAM] unsigned long 
  temp            2   41[COMRAM] struct .
  bexp            1   36[COMRAM] unsigned char 
  aexp            1   35[COMRAM] unsigned char 
  sign            1   30[COMRAM] unsigned char 
 Return value:  Size  Location     Type
                  4   18[COMRAM] unsigned char 
 Registers used:
		wreg, status,2, status,0, prodl, prodh
 Tracked objects:
		On entry : 
		On exit  : 
		Unchanged: 
 Data sizes:     COMRAM   BANK0   BANK1   BANK2   BANK3   BANK4   BANK5   BANK6   BANK7   BANK8   BANK9  BANK10  BANK11  BANK12  BANK13  BANK14  BANK15
      Params:         8       0       0       0       0       0       0       0       0       0       0       0       0       0       0       0       0
      Locals:        13       0       0       0       0       0       0       0       0       0       0       0       0       0       0       0       0
      Temps:          4       0       0       0       0       0       0       0       0       0       0       0       0       0       0       0       0
      Totals:        25       0       0       0       0       0       0       0       0       0       0       0       0       0       0       0       0
Total ram usage:       25 bytes
 Hardware stack levels used:    1
 Hardware stack levels required when called:    3
 This function calls:
		Nothing
 This function is called by:
		_calculateTmr
		_powf
		_scalbnf
		_sqrtf
 This function uses a non-reentrant model


 *************** function _fabsf *****************
 Defined at:
		line 4 in file "/opt/microchip/xc8/v2.10/pic/sources/c99/common/fabsf.c"
 Parameters:    Size  Location     Type
  x               4    2[COMRAM] float 
 Auto vars:     Size  Location     Type
  u               4    6[COMRAM] struct .
 Return value:  Size  Location     Type
                  4    2[COMRAM] float 
 Registers used:
		status,2, status,0
 Tracked objects:
		On entry : 
		On exit  : 
		Unchanged: 
 Data sizes:     COMRAM   BANK0   BANK1   BANK2   BANK3   BANK4   BANK5   BANK6   BANK7   BANK8   BANK9  BANK10  BANK11  BANK12  BANK13  BANK14  BANK15
      Params:         4       0       0       0       0       0       0       0       0       0       0       0       0       0       0       0       0
      Locals:         4       0       0       0       0       0       0       0       0       0       0       0       0       0       0       0       0
      Temps:          0       0       0       0       0       0       0       0       0       0       0       0       0       0       0       0       0
      Totals:         8       0       0       0       0       0       0       0       0       0       0       0       0       0       0       0       0
Total ram usage:        8 bytes
 Hardware stack levels used:    1
 Hardware stack levels required when called:    3
 This function calls:
		Nothing
 This function is called by:
		_powf
 This function uses a non-reentrant model


 *************** function ___xxtofl *****************
 Defined at:
		line 10 in file "/opt/microchip/xc8/v2.10/pic/sources/c99/common/xxtofl.c"
 Parameters:    Size  Location     Type
  sign            1    wreg     unsigned char 
  val             4   43[COMRAM] long 
 Auto vars:     Size  Location     Type
  sign            1   51[COMRAM] unsigned char 
  arg             4   53[COMRAM] unsigned long 
  exp             1   52[COMRAM] unsigned char 
 Return value:  Size  Location     Type
                  4   43[COMRAM] unsigned char 
 Registers used:
		wreg, status,2, status,0
 Tracked objects:
		On entry : 
		On exit  : 
		Unchanged: 
 Data sizes:     COMRAM   BANK0   BANK1   BANK2   BANK3   BANK4   BANK5   BANK6   BANK7   BANK8   BANK9  BANK10  BANK11  BANK12  BANK13  BANK14  BANK15
      Params:         4       0       0       0       0       0       0       0       0       0       0       0       0       0       0       0       0
      Locals:         6       0       0       0       0       0       0       0       0       0       0       0       0       0       0       0       0
      Temps:          4       0       0       0       0       0       0       0       0       0       0       0       0       0       0       0       0
      Totals:        14       0       0       0       0       0       0       0       0       0       0       0       0       0       0       0       0
Total ram usage:       14 bytes
 Hardware stack levels used:    1
 Hardware stack levels required when called:    3
 This function calls:
		Nothing
 This function is called by:
		_calculateTmr
		_powf
 This function uses a non-reentrant model


 *************** function ___flsub *****************
 Defined at:
		line 245 in file "/opt/microchip/xc8/v2.10/pic/sources/c99/common/sprcadd.c"
 Parameters:    Size  Location     Type
  b               4   57[COMRAM] unsigned char 
  a               4   61[COMRAM] unsigned char 
 Auto vars:     Size  Location     Type
		None
 Return value:  Size  Location     Type
                  4   57[COMRAM] unsigned char 
 Registers used:
		wreg, status,2, status,0, cstack
 Tracked objects:
		On entry : 
		On exit  : 
		Unchanged: 
 Data sizes:     COMRAM   BANK0   BANK1   BANK2   BANK3   BANK4   BANK5   BANK6   BANK7   BANK8   BANK9  BANK10  BANK11  BANK12  BANK13  BANK14  BANK15
      Params:         8       0       0       0       0       0       0       0       0       0       0       0       0       0       0       0       0
      Locals:         0       0       0       0       0       0       0       0       0       0       0       0       0       0       0       0       0
      Temps:          0       0       0       0       0       0       0       0       0       0       0       0       0       0       0       0       0
      Totals:         8       0       0       0       0       0       0       0       0       0       0       0       0       0       0       0       0
Total ram usage:        8 bytes
 Hardware stack levels used:    1
 Hardware stack levels required when called:    4
 This function calls:
		___fladd
 This function is called by:
		_calculateTmr
		_powf
 This function uses a non-reentrant model


 *************** function ___fladd *****************
 Defined at:
		line 10 in file "/opt/microchip/xc8/v2.10/pic/sources/c99/common/sprcadd.c"
 Parameters:    Size  Location     Type
  b               4    2[COMRAM] unsigned char 
  a               4    6[COMRAM] unsigned char 
 Auto vars:     Size  Location     Type
  grs             1   17[COMRAM] unsigned char 
  bexp            1   16[COMRAM] unsigned char 
  aexp            1   15[COMRAM] unsigned char 
  signs           1   14[COMRAM] unsigned char 
 Return value:  Size  Location     Type
                  4    2[COMRAM] unsigned char 
 Registers used:
		wreg, status,2, status,0
 Tracked objects:
		On entry : 
		On exit  : 
		Unchanged: 
 Data sizes:     COMRAM   BANK0   BANK1   BANK2   BANK3   BANK4   BANK5   BANK6   BANK7   BANK8   BANK9  BANK10  BANK11  BANK12  BANK13  BANK14  BANK15
      Params:         8       0       0       0       0       0       0       0       0       0       0       0       0       0       0       0       0
      Locals:         4       0       0       0       0       0       0       0       0       0       0       0       0       0       0       0       0
      Temps:          4       0       0       0       0       0       0       0       0       0       0       0       0       0       0       0       0
      Totals:        16       0       0       0       0       0       0       0       0       0       0       0       0       0       0       0       0
Total ram usage:       16 bytes
 Hardware stack levels used:    1
 Hardware stack levels required when called:    3
 This function calls:
		Nothing
 This function is called by:
		___flsub
		_powf
		_sqrtf
 This function uses a non-reentrant model


 *************** function ___flneg *****************
 Defined at:
		line 15 in file "/opt/microchip/xc8/v2.10/pic/sources/c99/common/flneg.c"
 Parameters:    Size  Location     Type
  f1              4    2[COMRAM] unsigned char 
 Auto vars:     Size  Location     Type
		None
 Return value:  Size  Location     Type
                  4    2[COMRAM] unsigned char 
 Registers used:
		wreg, status,2, status,0
 Tracked objects:
		On entry : 
		On exit  : 
		Unchanged: 
 Data sizes:     COMRAM   BANK0   BANK1   BANK2   BANK3   BANK4   BANK5   BANK6   BANK7   BANK8   BANK9  BANK10  BANK11  BANK12  BANK13  BANK14  BANK15
      Params:         4       0       0       0       0       0       0       0       0       0       0       0       0       0       0       0       0
      Locals:         0       0       0       0       0       0       0       0       0       0       0       0       0       0       0       0       0
      Temps:          0       0       0       0       0       0       0       0       0       0       0       0       0       0       0       0       0
      Totals:         4       0       0       0       0       0       0       0       0       0       0       0       0       0       0       0       0
Total ram usage:        4 bytes
 Hardware stack levels used:    1
 Hardware stack levels required when called:    3
 This function calls:
		Nothing
 This function is called by:
		_powf
 This function uses a non-reentrant model


 *************** function ___fldiv *****************
 Defined at:
		line 11 in file "/opt/microchip/xc8/v2.10/pic/sources/c99/common/sprcdiv.c"
 Parameters:    Size  Location     Type
  b               4   65[COMRAM] unsigned char 
  a               4   69[COMRAM] unsigned char 
 Auto vars:     Size  Location     Type
  grs             4   84[COMRAM] unsigned long 
  rem             4   77[COMRAM] unsigned long 
  new_exp         2   82[COMRAM] short 
  aexp            1   89[COMRAM] unsigned char 
  bexp            1   88[COMRAM] unsigned char 
  sign            1   81[COMRAM] unsigned char 
 Return value:  Size  Location     Type
                  4   65[COMRAM] unsigned char 
 Registers used:
		wreg, status,2, status,0
 Tracked objects:
		On entry : 
		On exit  : 
		Unchanged: 
 Data sizes:     COMRAM   BANK0   BANK1   BANK2   BANK3   BANK4   BANK5   BANK6   BANK7   BANK8   BANK9  BANK10  BANK11  BANK12  BANK13  BANK14  BANK15
      Params:         8       0       0       0       0       0       0       0       0       0       0       0       0       0       0       0       0
      Locals:        13       0       0       0       0       0       0       0       0       0       0       0       0       0       0       0       0
      Temps:          4       0       0       0       0       0       0       0       0       0       0       0       0       0       0       0       0
      Totals:        25       0       0       0       0       0       0       0       0       0       0       0       0       0       0       0       0
Total ram usage:       25 bytes
 Hardware stack levels used:    1
 Hardware stack levels required when called:    3
 This function calls:
		Nothing
 This function is called by:
		_powf
 This function uses a non-reentrant model


 *************** function ___fltol *****************
 Defined at:
		line 43 in file "/opt/microchip/xc8/v2.10/pic/sources/c99/common/fltol.c"
 Parameters:    Size  Location     Type
  f1              4   57[BANK0 ] unsigned char 
 Auto vars:     Size  Location     Type
  exp1            1   66[BANK0 ] unsigned char 
  sign1           1   65[BANK0 ] unsigned char 
 Return value:  Size  Location     Type
                  4   57[BANK0 ] long 
 Registers used:
		wreg, status,2, status,0
 Tracked objects:
		On entry : 
		On exit  : 
		Unchanged: 
 Data sizes:     COMRAM   BANK0   BANK1   BANK2   BANK3   BANK4   BANK5   BANK6   BANK7   BANK8   BANK9  BANK10  BANK11  BANK12  BANK13  BANK14  BANK15
      Params:         0       4       0       0       0       0       0       0       0       0       0       0       0       0       0       0       0
      Locals:         0       2       0       0       0       0       0       0       0       0       0       0       0       0       0       0       0
      Temps:          0       4       0       0       0       0       0       0       0       0       0       0       0       0       0       0       0
      Totals:         0      10       0       0       0       0       0       0       0       0       0       0       0       0       0       0       0
Total ram usage:       10 bytes
 Hardware stack levels used:    1
 Hardware stack levels required when called:    3
 This function calls:
		Nothing
 This function is called by:
		_calculateTmr
 This function uses a non-reentrant model


 *************** function _initOsc *****************
 Defined at:
		line 22 in file "initialization.c"
 Parameters:    Size  Location     Type
		None
 Auto vars:     Size  Location     Type
		None
 Return value:  Size  Location     Type
                  1    wreg      void 
 Registers used:
		wreg, status,2
 Tracked objects:
		On entry : 
		On exit  : 
		Unchanged: 
 Data sizes:     COMRAM   BANK0   BANK1   BANK2   BANK3   BANK4   BANK5   BANK6   BANK7   BANK8   BANK9  BANK10  BANK11  BANK12  BANK13  BANK14  BANK15
      Params:         0       0       0       0       0       0       0       0       0       0       0       0       0       0       0       0       0
      Locals:         0       0       0       0       0       0       0       0       0       0       0       0       0       0       0       0       0
      Temps:          0       0       0       0       0       0       0       0       0       0       0       0       0       0       0       0       0
      Totals:         0       0       0       0       0       0       0       0       0       0       0       0       0       0       0       0       0
Total ram usage:        0 bytes
 Hardware stack levels used:    1
 Hardware stack levels required when called:    3
 This function calls:
		Nothing
 This function is called by:
		_main
 This function uses a non-reentrant model


 *************** function _initLED *****************
 Defined at:
		line 11 in file "initialization.c"
 Parameters:    Size  Location     Type
		None
 Auto vars:     Size  Location     Type
		None
 Return value:  Size  Location     Type
                  1    wreg      void 
 Registers used:
		wreg, status,2
 Tracked objects:
		On entry : 
		On exit  : 
		Unchanged: 
 Data sizes:     COMRAM   BANK0   BANK1   BANK2   BANK3   BANK4   BANK5   BANK6   BANK7   BANK8   BANK9  BANK10  BANK11  BANK12  BANK13  BANK14  BANK15
      Params:         0       0       0       0       0       0       0       0       0       0       0       0       0       0       0       0       0
      Locals:         0       0       0       0       0       0       0       0       0       0       0       0       0       0       0       0       0
      Temps:          0       0       0       0       0       0       0       0       0       0       0       0       0       0       0       0       0
      Totals:         0       0       0       0       0       0       0       0       0       0       0       0       0       0       0       0       0
Total ram usage:        0 bytes
 Hardware stack levels used:    1
 Hardware stack levels required when called:    3
 This function calls:
		Nothing
 This function is called by:
		_main
 This function uses a non-reentrant model


 *************** function _initButton *****************
 Defined at:
		line 16 in file "initialization.c"
 Parameters:    Size  Location     Type
		None
 Auto vars:     Size  Location     Type
		None
 Return value:  Size  Location     Type
                  1    wreg      void 
 Registers used:
		wreg, status,2
 Tracked objects:
		On entry : 
		On exit  : 
		Unchanged: 
 Data sizes:     COMRAM   BANK0   BANK1   BANK2   BANK3   BANK4   BANK5   BANK6   BANK7   BANK8   BANK9  BANK10  BANK11  BANK12  BANK13  BANK14  BANK15
      Params:         0       0       0       0       0       0       0       0       0       0       0       0       0       0       0       0       0
      Locals:         0       0       0       0       0       0       0       0       0       0       0       0       0       0       0       0       0
      Temps:          0       0       0       0       0       0       0       0       0       0       0       0       0       0       0       0       0
      Totals:         0       0       0       0       0       0       0       0       0       0       0       0       0       0       0       0       0
Total ram usage:        0 bytes
 Hardware stack levels used:    1
 Hardware stack levels required when called:    3
 This function calls:
		Nothing
 This function is called by:
		_main
 This function uses a non-reentrant model


 *************** function _init *****************
 Defined at:
		line 5 in file "LEDControl.c"
 Parameters:    Size  Location     Type
		None
 Auto vars:     Size  Location     Type
		None
 Return value:  Size  Location     Type
                  1    wreg      void 
 Registers used:
		wreg, status,2, status,0
 Tracked objects:
		On entry : 
		On exit  : 
		Unchanged: 
 Data sizes:     COMRAM   BANK0   BANK1   BANK2   BANK3   BANK4   BANK5   BANK6   BANK7   BANK8   BANK9  BANK10  BANK11  BANK12  BANK13  BANK14  BANK15
      Params:         0       0       0       0       0       0       0       0       0       0       0       0       0       0       0       0       0
      Locals:         0       0       0       0       0       0       0       0       0       0       0       0       0       0       0       0       0
      Temps:          0       0       0       0       0       0       0       0       0       0       0       0       0       0       0       0       0
      Totals:         0       0       0       0       0       0       0       0       0       0       0       0       0       0       0       0       0
Total ram usage:        0 bytes
 Hardware stack levels used:    1
 Hardware stack levels required when called:    3
 This function calls:
		Nothing
 This function is called by:
		_main
 This function uses a non-reentrant model


 *************** function _fastIncrease *****************
 Defined at:
		line 42 in file "LEDControl.c"
 Parameters:    Size  Location     Type
		None
 Auto vars:     Size  Location     Type
		None
 Return value:  Size  Location     Type
                  1    wreg      void 
 Registers used:
		wreg, status,2, status,0
 Tracked objects:
		On entry : 
		On exit  : 
		Unchanged: 
 Data sizes:     COMRAM   BANK0   BANK1   BANK2   BANK3   BANK4   BANK5   BANK6   BANK7   BANK8   BANK9  BANK10  BANK11  BANK12  BANK13  BANK14  BANK15
      Params:         0       0       0       0       0       0       0       0       0       0       0       0       0       0       0       0       0
      Locals:         0       0       0       0       0       0       0       0       0       0       0       0       0       0       0       0       0
      Temps:          0       0       0       0       0       0       0       0       0       0       0       0       0       0       0       0       0
      Totals:         0       0       0       0       0       0       0       0       0       0       0       0       0       0       0       0       0
Total ram usage:        0 bytes
 Hardware stack levels used:    1
 Hardware stack levels required when called:    3
 This function calls:
		Nothing
 This function is called by:
		_main
 This function uses a non-reentrant model


 *************** function _fastDecrease *****************
 Defined at:
		line 74 in file "LEDControl.c"
 Parameters:    Size  Location     Type
		None
 Auto vars:     Size  Location     Type
		None
 Return value:  Size  Location     Type
                  1    wreg      void 
 Registers used:
		wreg, status,2, status,0
 Tracked objects:
		On entry : 
		On exit  : 
		Unchanged: 
 Data sizes:     COMRAM   BANK0   BANK1   BANK2   BANK3   BANK4   BANK5   BANK6   BANK7   BANK8   BANK9  BANK10  BANK11  BANK12  BANK13  BANK14  BANK15
      Params:         0       0       0       0       0       0       0       0       0       0       0       0       0       0       0       0       0
      Locals:         0       0       0       0       0       0       0       0       0       0       0       0       0       0       0       0       0
      Temps:          0       0       0       0       0       0       0       0       0       0       0       0       0       0       0       0       0
      Totals:         0       0       0       0       0       0       0       0       0       0       0       0       0       0       0       0       0
Total ram usage:        0 bytes
 Hardware stack levels used:    1
 Hardware stack levels required when called:    3
 This function calls:
		Nothing
 This function is called by:
		_main
 This function uses a non-reentrant model


 *************** function _ITR *****************
 Defined at:
		line 4 in file "interruptTmr.c"
 Parameters:    Size  Location     Type
		None
 Auto vars:     Size  Location     Type
		None
 Return value:  Size  Location     Type
                  1    wreg      void 
 Registers used:
		wreg, status,2, status,0, cstack
 Tracked objects:
		On entry : 
		On exit  : 
		Unchanged: 
 Data sizes:     COMRAM   BANK0   BANK1   BANK2   BANK3   BANK4   BANK5   BANK6   BANK7   BANK8   BANK9  BANK10  BANK11  BANK12  BANK13  BANK14  BANK15
      Params:         0       0       0       0       0       0       0       0       0       0       0       0       0       0       0       0       0
      Locals:         0       0       0       0       0       0       0       0       0       0       0       0       0       0       0       0       0
      Temps:          0       0       0       0       0       0       0       0       0       0       0       0       0       0       0       0       0
      Totals:         0       0       0       0       0       0       0       0       0       0       0       0       0       0       0       0       0
Total ram usage:        0 bytes
 Hardware stack levels used:    1
 Hardware stack levels required when called:    2
 This function calls:
		_button
 This function is called by:
		Interrupt level 2
 This function uses a non-reentrant model


 *************** function _button *****************
 Defined at:
		line 3 in file "buttonProcess.c"
 Parameters:    Size  Location     Type
		None
 Auto vars:     Size  Location     Type
  checkD          1    1[COMRAM] unsigned char 
  checkI          1    0[COMRAM] unsigned char 
 Return value:  Size  Location     Type
                  1    wreg      void 
 Registers used:
		wreg, status,2, status,0, cstack
 Tracked objects:
		On entry : 
		On exit  : 
		Unchanged: 
 Data sizes:     COMRAM   BANK0   BANK1   BANK2   BANK3   BANK4   BANK5   BANK6   BANK7   BANK8   BANK9  BANK10  BANK11  BANK12  BANK13  BANK14  BANK15
      Params:         0       0       0       0       0       0       0       0       0       0       0       0       0       0       0       0       0
      Locals:         2       0       0       0       0       0       0       0       0       0       0       0       0       0       0       0       0
      Temps:          0       0       0       0       0       0       0       0       0       0       0       0       0       0       0       0       0
      Totals:         2       0       0       0       0       0       0       0       0       0       0       0       0       0       0       0       0
Total ram usage:        2 bytes
 Hardware stack levels used:    1
 Hardware stack levels required when called:    1
 This function calls:
		_readButtonD
		_readButtonI
 This function is called by:
		_ITR
 This function uses a non-reentrant model


 *************** function _readButtonI *****************
 Defined at:
		line 17 in file "readButton.c"
 Parameters:    Size  Location     Type
		None
 Auto vars:     Size  Location     Type
		None
 Return value:  Size  Location     Type
                  1    wreg      unsigned char 
 Registers used:
		wreg, status,2, status,0
 Tracked objects:
		On entry : 
		On exit  : 
		Unchanged: 
 Data sizes:     COMRAM   BANK0   BANK1   BANK2   BANK3   BANK4   BANK5   BANK6   BANK7   BANK8   BANK9  BANK10  BANK11  BANK12  BANK13  BANK14  BANK15
      Params:         0       0       0       0       0       0       0       0       0       0       0       0       0       0       0       0       0
      Locals:         0       0       0       0       0       0       0       0       0       0       0       0       0       0       0       0       0
      Temps:          0       0       0       0       0       0       0       0       0       0       0       0       0       0       0       0       0
      Totals:         0       0       0       0       0       0       0       0       0       0       0       0       0       0       0       0       0
Total ram usage:        0 bytes
 Hardware stack levels used:    1
 This function calls:
		Nothing
 This function is called by:
		_button
 This function uses a non-reentrant model


 *************** function _readButtonD *****************
 Defined at:
		line 4 in file "readButton.c"
 Parameters:    Size  Location     Type
		None
 Auto vars:     Size  Location     Type
		None
 Return value:  Size  Location     Type
                  1    wreg      unsigned char 
 Registers used:
		wreg, status,2, status,0
 Tracked objects:
		On entry : 
		On exit  : 
		Unchanged: 
 Data sizes:     COMRAM   BANK0   BANK1   BANK2   BANK3   BANK4   BANK5   BANK6   BANK7   BANK8   BANK9  BANK10  BANK11  BANK12  BANK13  BANK14  BANK15
      Params:         0       0       0       0       0       0       0       0       0       0       0       0       0       0       0       0       0
      Locals:         0       0       0       0       0       0       0       0       0       0       0       0       0       0       0       0       0
      Temps:          0       0       0       0       0       0       0       0       0       0       0       0       0       0       0       0       0
      Totals:         0       0       0       0       0       0       0       0       0       0       0       0       0       0       0       0       0
Total ram usage:        0 bytes
 Hardware stack levels used:    1
 This function calls:
		Nothing
 This function is called by:
		_button
 This function uses a non-reentrant model



MODULE INFORMATION

Module		Function		Class		Link	Load	Size
buttonProcess.c
		_button        		CODE           	5122	0000	277

buttonProcess.c estimated size: 277

/opt/microchip/xc8/v2.10/pic/sources/c99/common/flge.c
		___flge        		CODE           	533E	0000	261

/opt/microchip/xc8/v2.10/pic/sources/c99/common/flge.c estimated size: 261

/opt/microchip/xc8/v2.10/pic/sources/c99/common/xxtofl.c
		___xxtofl      		CODE           	4E2A	0000	437

/opt/microchip/xc8/v2.10/pic/sources/c99/common/xxtofl.c estimated size: 437

/opt/microchip/xc8/v2.10/pic/sources/c99/common/nanf.c
		_nanf          		CODE           	591E	0000	35

/opt/microchip/xc8/v2.10/pic/sources/c99/common/nanf.c estimated size: 35

/opt/microchip/xc8/v2.10/pic/sources/c99/common/sqrtf.c
		_sqrtf         		CODE           	3AB2	0000	1217

/opt/microchip/xc8/v2.10/pic/sources/c99/common/sqrtf.c estimated size: 1217

/opt/microchip/xc8/v2.10/pic/sources/c99/common/fltol.c
		___fltol       		CODE           	5236	0000	265

/opt/microchip/xc8/v2.10/pic/sources/c99/common/fltol.c estimated size: 265

initialization.c
		_initOsc       		CODE           	598C	0000	7
		_initTmr       		CODE           	5962	0000	23
		_initButton    		CODE           	5982	0000	11
		_initLED       		CODE           	5978	0000	11

initialization.c estimated size: 52

/opt/microchip/xc8/v2.10/pic/sources/c99/common/sprcmul.c
		___flmul       		CODE           	4432	0000	1067

/opt/microchip/xc8/v2.10/pic/sources/c99/common/sprcmul.c estimated size: 1067

/opt/microchip/xc8/v2.10/pic/sources/c99/common/sprcdiv.c
		___fldiv       		CODE           	485C	0000	923

/opt/microchip/xc8/v2.10/pic/sources/c99/common/sprcdiv.c estimated size: 923

shared
		_L5            		SMALLCONST     	0000	0000	0
		_P3            		SMALLCONST     	0000	0000	0
		_L6            		SMALLCONST     	0000	0000	0
		_P4            		SMALLCONST     	0000	0000	0
		_P5            		SMALLCONST     	0000	0000	0
		_lg2_l         		SMALLCONST     	0000	0000	0
		_ivln2_l       		SMALLCONST     	0000	0000	0
		_ivln2         		SMALLCONST     	0000	0000	0
		__initialization		CODE           	5878	0000	49
		_bp            		SMALLCONST     	1069	0000	9
		_cp            		SMALLCONST     	0000	0000	0
		_cp_h          		SMALLCONST     	0000	0000	0
		_dp_h          		SMALLCONST     	1009	0000	9
		_lg2           		SMALLCONST     	0000	0000	0
		_lg2_h         		SMALLCONST     	0000	0000	0
		_ivln2_h       		SMALLCONST     	0000	0000	0
		_tiny          		SMALLCONST     	0000	0000	0
		sqrtf@tiny     		SMALLCONST     	0000	0000	0
		_ovt           		SMALLCONST     	0000	0000	0
		_huge          		SMALLCONST     	0000	0000	0
		_two24         		SMALLCONST     	0000	0000	0
		_cp_l          		SMALLCONST     	0000	0000	0
		_dp_l          		SMALLCONST     	1001	0000	9
		_L1            		SMALLCONST     	0000	0000	0
		_L2            		SMALLCONST     	0000	0000	0
		_L3            		SMALLCONST     	0000	0000	0
		_P1            		SMALLCONST     	0000	0000	0
		_L4            		SMALLCONST     	0000	0000	0
		_P2            		SMALLCONST     	0000	0000	0

shared estimated size: 76

readButton.c
		_readButtonD   		CODE           	57FC	0000	65
		_readButtonI   		CODE           	57BC	0000	65

readButton.c estimated size: 130

interruptTmr.c
		_ITR           		CODE           	0008	0000	41

interruptTmr.c estimated size: 41

calculateTmr.c
		_calculateTmr  		CODE           	4FDE	0000	325

calculateTmr.c estimated size: 325

LEDControl.c
		_init          		CODE           	5584	0000	123
		_slowIncrease  		CODE           	56D0	0000	101
		_normalIncrease		CODE           	583C	0000	61
		_slowDecrease  		CODE           	54E6	0000	159
		_fastIncrease  		CODE           	577A	0000	67
		_fastDecrease  		CODE           	55FE	0000	109
		_normalDecrease		CODE           	566A	0000	103

LEDControl.c estimated size: 723

/opt/microchip/xc8/v2.10/pic/sources/c99/common/flneg.c
		___flneg       		CODE           	58B2	0000	57

/opt/microchip/xc8/v2.10/pic/sources/c99/common/flneg.c estimated size: 57

/opt/microchip/xc8/v2.10/pic/sources/c99/common/fabsf.c
		_fabsf         		CODE           	58EA	0000	53

/opt/microchip/xc8/v2.10/pic/sources/c99/common/fabsf.c estimated size: 53

/opt/microchip/xc8/v2.10/pic/sources/c99/common/powf.c
		_powf          		CODE           	1080	0000	10803

/opt/microchip/xc8/v2.10/pic/sources/c99/common/powf.c estimated size: 10803

main.c
		_main          		CODE           	5442	0000	165

main.c estimated size: 165

/opt/microchip/xc8/v2.10/pic/sources/c99/common/scalbnf.c
		_scalbnf       		CODE           	4BF6	0000	565

/opt/microchip/xc8/v2.10/pic/sources/c99/common/scalbnf.c estimated size: 565

/opt/microchip/xc8/v2.10/pic/sources/c99/common/sprcadd.c
		___flsub       		CODE           	5734	0000	71
		___fladd       		CODE           	3F72	0000	1217

/opt/microchip/xc8/v2.10/pic/sources/c99/common/sprcadd.c estimated size: 1288

