Microchip MPLAB XC8 Compiler V2.10 ()

Linker command line:

-W-3 --edf=/opt/microchip/xc8/v2.10/pic/dat/en_msgs.txt -cs \
  -h+dist/default/debug/Lab4.X.debug.sym \
  --cmf=dist/default/debug/Lab4.X.debug.cmf -z -Q18F8722 -o/tmp/xcXlEQGrM \
  --defsym=__MPLAB_BUILD=1 -Mdist/default/debug/Lab4.X.debug.map -E1 \
  -ver=XC8 --acfsm=1493 -ASTACK=03C0h-0EF3h -pstack=STACK \
  -ACODE=00h-01FD2Fh -ACONST=00h-01FD2Fh \
  -ASMALLCONST=01000h-010FFhx493,01FD00h-01FD2Fh \
  -AMEDIUMCONST=01000h-0FFFFh,011000h-01FD2Fh -ACOMRAM=01h-05Fh \
  -AABS1=00h-0EF3h,0F00h-0F5Fh -ABIGRAM=01h-0EF3h,0F00h-0F5Fh \
  -ARAM=060h-0FFh,0100h-01FFhx13,0E00h-0EF3h,0F00h-0F5Fh -ABANK0=060h-0FFh \
  -ABANK1=0100h-01FFh -ABANK2=0200h-02FFh -ABANK3=0300h-03FFh \
  -ABANK4=0400h-04FFh -ABANK5=0500h-05FFh -ABANK6=0600h-06FFh \
  -ABANK7=0700h-07FFh -ABANK8=0800h-08FFh -ABANK9=0900h-09FFh \
  -ABANK10=0A00h-0AFFh -ABANK11=0B00h-0BFFh -ABANK12=0C00h-0CFFh \
  -ABANK13=0D00h-0DFFh -ABANK14=0E00h-0EF3h -ABANK15=0F00h-0F5Fh \
  -ASFR=0F60h-0F9Bh,0F9Dh-0FD3h,0FD5h-0FDAh,0FE0h-0FE2h,0FE8h-0FEAh,0FF0h-0FFCh \
  -preset_vec=00h,intcode=08h,intcodelo,powerup,init -pramtop=01000h \
  -psmallconst=SMALLCONST -pmediumconst=MEDIUMCONST -pconst=CONST \
  -AFARRAM=00h-00h -ACONFIG=0300000h-030000Dh -pconfig=CONFIG \
  -AIDLOC=0200000h-0200007h -pidloc=IDLOC -AEEDATA=0F00000h-0F003FFh \
  -peeprom_data=EEDATA \
  -prdata=COMRAM,nvrram=COMRAM,nvbit=COMRAM,rbss=COMRAM,rbit=COMRAM \
  -pfarbss=FARRAM,fardata=FARRAM,nvFARRAM=FARRAM \
  -pintsave_regs=BIGRAM,bigbss=BIGRAM,bigdata=BIGRAM -pbss=RAM \
  -pidata=CODE,irdata=CODE,ibigdata=CODE,ifardata=CODE -prparam=COMRAM \
  /tmp/xcXP9Fecr.o dist/default/debug/Lab4.X.debug.o 

Object code version is 3.11

Machine type is 18F8722

Call graph: (short form)




                Name                               Link     Load   Length Selector   Space Scale
/tmp/xcXP9Fecr.o
                init                                  E        E        4        4       0
                reset_vec                             0        0        4        0       0
                idloc                            200000   200000        8   200000       0
                config                           300000   300000        E   300000       0
dist/default/debug/Lab4.X.debug.o
                intcode                               8        8        6        4       0
                temp                                 4A       4A        1        1       1
                smallconst                         1000     1000       80      800       0
                text34                             643E     643E       26      840       0
                text33                             60B6     60B6       E4      840       0
                text32                             64E8     64E8        6      840       0
                intcode_body                       624C     624C       7A      840       0
                text30                             5EA8     5EA8      108      840       0
                text29                             4EEA     4EEA      39C      840       0
                text28                             630E     630E       38      840       0
                text27                             4142     4142      4C2      840       0
                text26                             62C6     62C6       48      840       0
                text25                             57BC     57BC      1B8      840       0
                text24                             63B2     63B2       34      840       0
                text23                             4AC0     4AC0      42A      840       0
                text22                             5588     5588      234      840       0
                text21                             5FB0     5FB0      106      840       0
                text20                             6464     6464       22      840       0
                text19                             4604     4604      4BC      840       0
                text18                             1080     1080     2A5C      840       0
                text17                             5974     5974      16E      840       0
                text16                             5C38     5C38      14E      840       0
                text15                             64D2     64D2        A      840       0
                text14                             6418     6418       26      840       0
                text13                             5D86     5D86      122      840       0
                text12                             3ADC     3ADC      666      840       0
                text11                             619A     619A       B2      840       0
                text10                             64E2     64E2        6      840       0
                text9                              64DC     64DC        6      840       0
                text8                              64C8     64C8        A      840       0
                text7                              64BE     64BE        A      840       0
                text6                              63E6     63E6       32      840       0
                text5                              637C     637C       36      840       0
                text4                              5286     5286      302      840       0
                text3                              649A     649A       14      840       0
                text2                              6486     6486       14      840       0
                text1                              5AE2     5AE2      156      840       0
                text0                              64AE     64AE       10      840       0
                cstackCOMRAM                          1        1       37        1       1
                cstackBANK0                          60       60       76       60       1
                cstackBANK1                         100      100       CC      100       1
                bssBIGRAM                           1CC      1CC      1F4      1CC       1
                bssBANK0                             D6       D6       1B       60       1
                bssCOMRAM                            38       38        E        1       1
                cinit                              6346     6346       36      840       0
                nvBANK0                              F1       F1        2       60       1
                nvCOMRAM                             46       46        4        1       1

TOTAL           Name                               Link     Load   Length     Space
        CLASS   STACK          

        CLASS   CODE           
                intcode                               8        8        6         0
                init                                  E        E        4         0
                reset_vec                             0        0        4         0
                text34                             643E     643E       26         0
                text33                             60B6     60B6       E4         0
                text32                             64E8     64E8        6         0
                intcode_body                       624C     624C       7A         0
                text30                             5EA8     5EA8      108         0
                text29                             4EEA     4EEA      39C         0
                text28                             630E     630E       38         0
                text27                             4142     4142      4C2         0
                text26                             62C6     62C6       48         0
                text25                             57BC     57BC      1B8         0
                text24                             63B2     63B2       34         0
                text23                             4AC0     4AC0      42A         0
                text22                             5588     5588      234         0
                text21                             5FB0     5FB0      106         0
                text20                             6464     6464       22         0
                text19                             4604     4604      4BC         0
                text18                             1080     1080     2A5C         0
                text17                             5974     5974      16E         0
                text16                             5C38     5C38      14E         0
                text15                             64D2     64D2        A         0
                text14                             6418     6418       26         0
                text13                             5D86     5D86      122         0
                text12                             3ADC     3ADC      666         0
                text11                             619A     619A       B2         0
                text10                             64E2     64E2        6         0
                text9                              64DC     64DC        6         0
                text8                              64C8     64C8        A         0
                text7                              64BE     64BE        A         0
                text6                              63E6     63E6       32         0
                text5                              637C     637C       36         0
                text4                              5286     5286      302         0
                text3                              649A     649A       14         0
                text2                              6486     6486       14         0
                text1                              5AE2     5AE2      156         0
                text0                              64AE     64AE       10         0
                cinit                              6346     6346       36         0

        CLASS   CONST          

        CLASS   SMALLCONST     
                smallconst                         1000     1000       80         0

        CLASS   MEDIUMCONST    

        CLASS   COMRAM         
                temp                                 4A       4A        1         1
                cstackCOMRAM                          1        1       37         1
                bssCOMRAM                            38       38        E         1
                nvCOMRAM                             46       46        4         1

        CLASS   ABS1           

        CLASS   BIGRAM         
                bssBIGRAM                           1CC      1CC      1F4         1

        CLASS   RAM            

        CLASS   BANK0          
                cstackBANK0                          60       60       76         1
                bssBANK0                             D6       D6       1B         1
                nvBANK0                              F1       F1        2         1

        CLASS   BANK1          
                cstackBANK1                         100      100       CC         1

        CLASS   BANK2          

        CLASS   BANK3          

        CLASS   BANK4          

        CLASS   BANK5          

        CLASS   BANK6          

        CLASS   BANK7          

        CLASS   BANK8          

        CLASS   BANK9          

        CLASS   BANK10         

        CLASS   BANK11         

        CLASS   BANK12         

        CLASS   BANK13         

        CLASS   BANK14         

        CLASS   BANK15         

        CLASS   SFR            

        CLASS   FARRAM         

        CLASS   CONFIG         
                config                           300000   300000        E         0

        CLASS   IDLOC          
                idloc                            200000   200000        8         0

        CLASS   EEDATA         



SEGMENTS        Name                           Load    Length   Top    Selector   Space  Class

                reset_vec                      000000  000004  000004         0       0  CODE    
                cstackCOMRAM                   000001  00004A  00004B         1       1  COMRAM  
                intcode                        000008  00000A  000012         4       0  CODE    
                cstackBANK0                    000060  000093  0000F3        60       1  BANK0   
                cstackBANK1                    000100  0000CC  0001CC       100       1  BANK1   
                bssBIGRAM                      0001CC  0001F4  0003C0       1CC       1  BIGRAM  
                smallconst                     001000  000080  001080       800       0  SMALLCON
                text18                         001080  00546E  0064EE       840       0  CODE    
                idloc                          200000  000008  200008    200000       0  IDLOC   
                config                         300000  00000E  30000E    300000       0  CONFIG  


UNUSED ADDRESS RANGES

        Name                Unused          Largest block    Delta
        BANK0            0000F3-0000FF                D
        BANK10           000A00-000AFF              100
        BANK11           000B00-000BFF              100
        BANK12           000C00-000CFF              100
        BANK13           000D00-000DFF              100
        BANK14           000E00-000EF3               F4
        BANK15           000F00-000F5F               60
        BANK3            0003C0-0003FF               40
        BANK4            000400-0004FF              100
        BANK5            000500-0005FF              100
        BANK6            000600-0006FF              100
        BANK7            000700-0007FF              100
        BANK8            000800-0008FF              100
        BANK9            000900-0009FF              100
        BIGRAM           00004B-00005F               15
                         0000F3-0000FF                D
                         0003C0-000EF3              B34
                         000F00-000F5F               60
        CODE             000004-000007                4
                         000012-000FFF              FEE
                         0064EE-01FD2F            19842
        COMRAM           00004B-00005F               15
        CONST            000004-000007                4
                         000012-000FFF              FEE
                         0064EE-01FD2F            19842
        EEDATA           F00000-F003FF              400
        MEDIUMCONST      0064EE-00FFFF             9B12
                         011000-01FD2F             ED30
        RAM              0000F3-0000FF                D
                         0003C0-000EF3              100
                         000F00-000F5F               60
        SFR              000F60-000F9B               3C
                         000F9D-000FD3               37
                         000FD5-000FDA                6
                         000FE0-000FE2                3
                         000FE8-000FEA                3
                         000FF0-000FFC                D
        SMALLCONST       0064EE-01FD2F              100
        STACK            0003C0-000EF3              B34

                                  Symbol Table

?___fladd                     cstackBANK0  000066
?___fldiv                     cstackBANK0  00007E
?___flmul                     cstackCOMRAM 000015
?___flneg                     cstackCOMRAM 000015
?___flsub                     cstackBANK0  000076
?___fltol                     cstackBANK0  0000CC
?___wmul                      cstackCOMRAM 000015
?___xxtofl                    cstackCOMRAM 00002E
?_fabsf                       cstackCOMRAM 000015
?_nanf                        cstackCOMRAM 000015
?_powf                        cstackBANK0  0000BB
?_scalbnf                     cstackCOMRAM 00002E
?_sqrtf                       cstackBANK0  00008A
?i2___wmul                    cstackCOMRAM 000001
Sched_Update@temp             cstackCOMRAM 00000F
_INTCONbits                   (abs)        000FF2
_ISR                          intcode      000008
_LATD                         (abs)        000F8C
_LATD0                        (abs)        007C60
_LATD1                        (abs)        007C61
_LATD2                        (abs)        007C62
_LATD3                        (abs)        007C63
_LATD4                        (abs)        007C64
_LATD5                        (abs)        007C65
_LATD6                        (abs)        007C66
_LATD7                        (abs)        007C67
_OSCCON                       (abs)        000FD3
_PIE1bits                     (abs)        000F9D
_PIR1bits                     (abs)        000F9E
_Sched_Update                 text33       0060B6
_System_init                  text5        00637C
_T0CON                        (abs)        000FD5
_T1CON                        (abs)        000FCD
_TMR0                         (abs)        000FD6
_TMR1                         (abs)        000FCE
_TMR1H                        (abs)        000FCF
_TMR1L                        (abs)        000FCE
_TRISD                        (abs)        000F95
__CFG_BOREN$OFF               (abs)        000000
__CFG_FCMEN$OFF               (abs)        000000
__CFG_IESO$OFF                (abs)        000000
__CFG_LVP$OFF                 (abs)        000000
__CFG_MCLRE$ON                (abs)        000000
__CFG_OSC$INTIO7              (abs)        000000
__CFG_PWRT$OFF                (abs)        000000
__CFG_WDT$OFF                 (abs)        000000
__CFG_XINST$OFF               (abs)        000000
__HRAM                        (abs)        000000
__Habs1                       abs1         000000
__Hbank0                      bank0        000000
__Hbank1                      bank1        000000
__Hbank10                     bank10       000000
__Hbank11                     bank11       000000
__Hbank12                     bank12       000000
__Hbank13                     bank13       000000
__Hbank14                     bank14       000000
__Hbank15                     bank15       000000
__Hbank2                      bank2        000000
__Hbank3                      bank3        000000
__Hbank4                      bank4        000000
__Hbank5                      bank5        000000
__Hbank6                      bank6        000000
__Hbank7                      bank7        000000
__Hbank8                      bank8        000000
__Hbank9                      bank9        000000
__Hbigbss                     bigbss       000000
__Hbigdata                    bigdata      000000
__Hbigram                     bigram       000000
__Hbss                        bss          000000
__HbssBANK0                   bssBANK0     000000
__HbssBIGRAM                  bssBIGRAM    000000
__HbssCOMRAM                  bssCOMRAM    000000
__Hcinit                      cinit        000000
__Hclrtext                    clrtext      000000
__Hcomram                     comram       000000
__Hconfig                     config       30000E
__Hconst                      const        000000
__HcstackBANK0                cstackBANK0  000000
__HcstackBANK1                cstackBANK1  000000
__HcstackCOMRAM               cstackCOMRAM 000000
__Hdata                       data         000000
__Heeprom_data                eeprom_data  000000
__Hfarbss                     farbss       000000
__Hfardata                    fardata      000000
__Hibigdata                   ibigdata     000000
__Hidata                      idata        000000
__Hidloc                      idloc        200008
__Hifardata                   ifardata     000000
__Hinit                       init         000012
__Hintcode                    intcode      00000E
__Hintcode_body               intcode_body 000000
__Hintcodelo                  intcodelo    00000E
__Hintentry                   intentry     000000
__Hintret                     intret       000000
__Hintsave_regs               intsave_regs 000000
__Hirdata                     irdata       000000
__Hmediumconst                mediumconst  000000
__HnvBANK0                    nvBANK0      000000
__HnvCOMRAM                   nvCOMRAM     000000
__HnvFARRAM                   nvFARRAM     000000
__Hnvbit                      nvbit        000000
__Hnvrram                     nvrram       000000
__Hparam                      rparam       000000
__Hpowerup                    powerup      00000E
__Hram                        ram          000000
__Hramtop                     ramtop       001000
__Hrbit                       rbit         000000
__Hrbss                       rbss         000000
__Hrdata                      rdata        000000
__Hreset_vec                  reset_vec    000004
__Hrparam                     rparam       000000
__Hsfr                        sfr          000000
__Hsmallconst                 smallconst   001080
__Hspace_0                    (abs)        30000E
__Hspace_1                    (abs)        0003C0
__Hspace_2                    (abs)        000000
__Hstack                      stack        000000
__Hstruct                     struct       000000
__Htemp                       temp         00004B
__Htext                       text         000000
__Htext0                      text0        000000
__Htext1                      text1        000000
__Htext10                     text10       000000
__Htext11                     text11       000000
__Htext12                     text12       000000
__Htext13                     text13       000000
__Htext14                     text14       000000
__Htext15                     text15       000000
__Htext16                     text16       000000
__Htext17                     text17       000000
__Htext18                     text18       000000
__Htext19                     text19       000000
__Htext2                      text2        000000
__Htext20                     text20       000000
__Htext21                     text21       000000
__Htext22                     text22       000000
__Htext23                     text23       000000
__Htext24                     text24       000000
__Htext25                     text25       000000
__Htext26                     text26       000000
__Htext27                     text27       000000
__Htext28                     text28       000000
__Htext29                     text29       000000
__Htext3                      text3        000000
__Htext30                     text30       000000
__Htext32                     text32       000000
__Htext33                     text33       000000
__Htext34                     text34       000000
__Htext35                     text35       000000
__Htext4                      text4        000000
__Htext5                      text5        000000
__Htext6                      text6        000000
__Htext7                      text7        000000
__Htext8                      text8        000000
__Htext9                      text9        000000
__LRAM                        (abs)        000001
__Labs1                       abs1         000000
__Lbank0                      bank0        000000
__Lbank1                      bank1        000000
__Lbank10                     bank10       000000
__Lbank11                     bank11       000000
__Lbank12                     bank12       000000
__Lbank13                     bank13       000000
__Lbank14                     bank14       000000
__Lbank15                     bank15       000000
__Lbank2                      bank2        000000
__Lbank3                      bank3        000000
__Lbank4                      bank4        000000
__Lbank5                      bank5        000000
__Lbank6                      bank6        000000
__Lbank7                      bank7        000000
__Lbank8                      bank8        000000
__Lbank9                      bank9        000000
__Lbigbss                     bigbss       000000
__Lbigdata                    bigdata      000000
__Lbigram                     bigram       000000
__Lbss                        bss          000000
__LbssBANK0                   bssBANK0     000000
__LbssBIGRAM                  bssBIGRAM    000000
__LbssCOMRAM                  bssCOMRAM    000000
__Lcinit                      cinit        000000
__Lclrtext                    clrtext      000000
__Lcomram                     comram       000000
__Lconfig                     config       300000
__Lconst                      const        000000
__LcstackBANK0                cstackBANK0  000000
__LcstackBANK1                cstackBANK1  000000
__LcstackCOMRAM               cstackCOMRAM 000000
__Ldata                       data         000000
__Leeprom_data                eeprom_data  000000
__Lfarbss                     farbss       000000
__Lfardata                    fardata      000000
__Libigdata                   ibigdata     000000
__Lidata                      idata        000000
__Lidloc                      idloc        200000
__Lifardata                   ifardata     000000
__Linit                       init         00000E
__Lintcode                    intcode      000008
__Lintcode_body               intcode_body 000000
__Lintcodelo                  intcodelo    00000E
__Lintentry                   intentry     000000
__Lintret                     intret       000000
__Lintsave_regs               intsave_regs 000000
__Lirdata                     irdata       000000
__Lmediumconst                mediumconst  000000
__LnvBANK0                    nvBANK0      000000
__LnvCOMRAM                   nvCOMRAM     000000
__LnvFARRAM                   nvFARRAM     000000
__Lnvbit                      nvbit        000000
__Lnvrram                     nvrram       000000
__Lparam                      rparam       000000
__Lpowerup                    powerup      00000E
__Lram                        ram          000000
__Lramtop                     ramtop       001000
__Lrbit                       rbit         000000
__Lrbss                       rbss         000000
__Lrdata                      rdata        000000
__Lreset_vec                  reset_vec    000000
__Lrparam                     rparam       000000
__Lsfr                        sfr          000000
__Lsmallconst                 smallconst   001000
__Lspace_0                    (abs)        000000
__Lspace_1                    (abs)        000000
__Lspace_2                    (abs)        000000
__Lstack                      stack        000000
__Lstruct                     struct       000000
__Ltemp                       temp         00004A
__Ltext                       text         000000
__Ltext0                      text0        000000
__Ltext1                      text1        000000
__Ltext10                     text10       000000
__Ltext11                     text11       000000
__Ltext12                     text12       000000
__Ltext13                     text13       000000
__Ltext14                     text14       000000
__Ltext15                     text15       000000
__Ltext16                     text16       000000
__Ltext17                     text17       000000
__Ltext18                     text18       000000
__Ltext19                     text19       000000
__Ltext2                      text2        000000
__Ltext20                     text20       000000
__Ltext21                     text21       000000
__Ltext22                     text22       000000
__Ltext23                     text23       000000
__Ltext24                     text24       000000
__Ltext25                     text25       000000
__Ltext26                     text26       000000
__Ltext27                     text27       000000
__Ltext28                     text28       000000
__Ltext29                     text29       000000
__Ltext3                      text3        000000
__Ltext30                     text30       000000
__Ltext32                     text32       000000
__Ltext33                     text33       000000
__Ltext34                     text34       000000
__Ltext35                     text35       000000
__Ltext4                      text4        000000
__Ltext5                      text5        000000
__Ltext6                      text6        000000
__Ltext7                      text7        000000
__Ltext8                      text8        000000
__Ltext9                      text9        000000
__S0                          (abs)        30000E
__S1                          (abs)        0003C0
__S2                          (abs)        000000
___extmem_base                (abs)        020000
___fladd                      text27       004142
___fladd@a                    cstackBANK0  00006A
___fladd@aexp                 cstackBANK0  000073
___fladd@b                    cstackBANK0  000066
___fladd@bexp                 cstackBANK0  000074
___fladd@grs                  cstackBANK0  000075
___fladd@signs                cstackBANK0  000072
___fldiv                      text29       004EEA
___fldiv@a                    cstackBANK0  000082
___fldiv@aexp                 cstackBANK0  000096
___fldiv@b                    cstackBANK0  00007E
___fldiv@bexp                 cstackBANK0  000095
___fldiv@grs                  cstackBANK0  000091
___fldiv@new_exp              cstackBANK0  00008F
___fldiv@rem                  cstackBANK0  00008A
___fldiv@sign                 cstackBANK0  00008E
___flge                       text21       005FB0
___flge@ff1                   cstackBANK0  00007E
___flge@ff2                   cstackBANK0  000082
___flmul                      text23       004AC0
___flmul@a                    cstackCOMRAM 000019
___flmul@aexp                 cstackCOMRAM 000022
___flmul@b                    cstackCOMRAM 000015
___flmul@bexp                 cstackCOMRAM 000027
___flmul@grs                  cstackCOMRAM 000023
___flmul@prod                 cstackCOMRAM 000028
___flmul@sign                 cstackCOMRAM 000021
___flmul@temp                 cstackCOMRAM 00002C
___flneg                      text28       00630E
___flneg@f1                   cstackCOMRAM 000015
___flsub                      text26       0062C6
___flsub@a                    cstackBANK0  00007A
___flsub@b                    cstackBANK0  000076
___fltol                      text30       005EA8
___fltol@exp1                 cstackBANK0  0000D5
___fltol@f1                   cstackBANK0  0000CC
___fltol@sign1                cstackBANK0  0000D4
___inthi_sp                   stack        000000
___intlo_sp                   stack        000000
___param_bank                 (abs)        000000
___rparam_used                (abs)        000001
___sp                         stack        000000
___wmul                       text14       006418
___wmul@multiplicand          cstackCOMRAM 000017
___wmul@multiplier            cstackCOMRAM 000015
___wmul@product               cstackCOMRAM 000019
___xxtofl                     text25       0057BC
___xxtofl@arg                 cstackBANK0  000062
___xxtofl@exp                 cstackBANK0  000061
___xxtofl@sign                cstackBANK0  000060
___xxtofl@val                 cstackCOMRAM 00002E
__accesstop                   (abs)        000060
__activetblptr                (abs)        000003
__end_of_ISR                  intcode_body 0062C6
__end_of_L1                   smallconst   00105D
__end_of_L2                   smallconst   001059
__end_of_L3                   smallconst   001055
__end_of_L4                   smallconst   001051
__end_of_L5                   smallconst   00104D
__end_of_L6                   smallconst   001049
__end_of_P1                   smallconst   001045
__end_of_P2                   smallconst   001041
__end_of_P3                   smallconst   00103D
__end_of_P4                   smallconst   001039
__end_of_P5                   smallconst   001035
__end_of_Sched_Update         text33       00619A
__end_of_System_init          text5        0063B2
__end_of___fladd              text27       004604
__end_of___fldiv              text29       005286
__end_of___flge               text21       0060B6
__end_of___flmul              text23       004EEA
__end_of___flneg              text28       006346
__end_of___flsub              text26       00630E
__end_of___fltol              text30       005FB0
__end_of___wmul               text14       00643E
__end_of___xxtofl             text25       005974
__end_of__initialization      cinit        006372
__end_of_add_task             text12       004142
__end_of_bp                   smallconst   001071
__end_of_calculate_init_tmr0  text17       005AE2
__end_of_calculate_init_tmr1  text16       005D86
__end_of_cp                   smallconst   001021
__end_of_cp_h                 smallconst   00107D
__end_of_cp_l                 smallconst   001079
__end_of_dispatch_task        text1        005C38
__end_of_dp_h                 smallconst   001011
__end_of_dp_l                 smallconst   001009
__end_of_fabsf                text24       0063E6
__end_of_huge                 smallconst   001065
__end_of_init_LED             text15       0064DC
__end_of_init_arr_task        text13       005EA8
__end_of_init_task            text11       00624C
__end_of_interrupt_init       text10       0064E8
__end_of_ivln2                smallconst   00101D
__end_of_ivln2_h              smallconst   001075
__end_of_ivln2_l              smallconst   001019
__end_of_lg2                  smallconst   001031
__end_of_lg2_h                smallconst   00102D
__end_of_lg2_l                smallconst   001029
__end_of_main                 text0        0064BE
__end_of_nanf                 text20       006486
__end_of_osc_init             text9        0064E2
__end_of_ovt                  smallconst   001025
__end_of_powf                 text18       003ADC
__end_of_remove_task          text4        005588
__end_of_scalbnf              text22       0057BC
__end_of_sqrtf                text19       004AC0
__end_of_start_timer          text6        006418
__end_of_timer_ISR            text32       0064EE
__end_of_tiny                 smallconst   001061
__end_of_tmr0_init            text8        0064D2
__end_of_tmr1_init            text7        0064C8
__end_of_toggle_LED_0         text2        00649A
__end_of_toggle_LED_4         text3        0064AE
__end_of_two24                smallconst   001069
__end_ofi2___wmul             text34       006464
__end_ofsqrtf@tiny            smallconst   001015
__initialization              cinit        006346
__mediumconst                 mediumconst  000000
__pbssBANK0                   bssBANK0     0000D6
__pbssBIGRAM                  bssBIGRAM    0001CC
__pbssCOMRAM                  bssCOMRAM    000038
__pcinit                      cinit        006346
__pcstackBANK0                cstackBANK0  000060
__pcstackBANK1                cstackBANK1  000100
__pcstackCOMRAM               cstackCOMRAM 000001
__pintcode                    intcode      000008
__pintcode_body               intcode_body 00624C
__pnvBANK0                    nvBANK0      0000F1
__pnvCOMRAM                   nvCOMRAM     000046
__psmallconst                 smallconst   001000
__ptext0                      text0        0064AE
__ptext1                      text1        005AE2
__ptext10                     text10       0064E2
__ptext11                     text11       00619A
__ptext12                     text12       003ADC
__ptext13                     text13       005D86
__ptext14                     text14       006418
__ptext15                     text15       0064D2
__ptext16                     text16       005C38
__ptext17                     text17       005974
__ptext18                     text18       001080
__ptext19                     text19       004604
__ptext2                      text2        006486
__ptext20                     text20       006464
__ptext21                     text21       005FB0
__ptext22                     text22       005588
__ptext23                     text23       004AC0
__ptext24                     text24       0063B2
__ptext25                     text25       0057BC
__ptext26                     text26       0062C6
__ptext27                     text27       004142
__ptext28                     text28       00630E
__ptext29                     text29       004EEA
__ptext3                      text3        00649A
__ptext30                     text30       005EA8
__ptext32                     text32       0064E8
__ptext33                     text33       0060B6
__ptext34                     text34       00643E
__ptext35                     text35       000000
__ptext4                      text4        005286
__ptext5                      text5        00637C
__ptext6                      text6        0063E6
__ptext7                      text7        0064BE
__ptext8                      text8        0064C8
__ptext9                      text9        0064DC
__ramtop                      ramtop       001000
__size_of_ISR                 (abs)        000000
__size_of_Sched_Update        (abs)        000000
__size_of_System_init         (abs)        000000
__size_of___fladd             (abs)        000000
__size_of___fldiv             (abs)        000000
__size_of___flge              (abs)        000000
__size_of___flmul             (abs)        000000
__size_of___flneg             (abs)        000000
__size_of___flsub             (abs)        000000
__size_of___fltol             (abs)        000000
__size_of___wmul              (abs)        000000
__size_of___xxtofl            (abs)        000000
__size_of_add_task            (abs)        000000
__size_of_calculate_init_tmr0 (abs)        000000
__size_of_calculate_init_tmr1 (abs)        000000
__size_of_dispatch_task       (abs)        000000
__size_of_fabsf               (abs)        000000
__size_of_init_LED            (abs)        000000
__size_of_init_arr_task       (abs)        000000
__size_of_init_task           (abs)        000000
__size_of_interrupt_init      (abs)        000000
__size_of_main                (abs)        000000
__size_of_nanf                (abs)        000000
__size_of_osc_init            (abs)        000000
__size_of_powf                (abs)        000000
__size_of_remove_task         (abs)        000000
__size_of_scalbnf             (abs)        000000
__size_of_sqrtf               (abs)        000000
__size_of_start_timer         (abs)        000000
__size_of_timer_ISR           (abs)        000000
__size_of_tmr0_init           (abs)        000000
__size_of_tmr1_init           (abs)        000000
__size_of_toggle_LED_0        (abs)        000000
__size_of_toggle_LED_4        (abs)        000000
__size_ofi2___wmul            (abs)        000000
__smallconst                  smallconst   001000
_add_task                     text12       003ADC
_arr_task                     bssBIGRAM    0001CC
_bp                           smallconst   001069
_calculate_init_tmr0          text17       005974
_calculate_init_tmr0$1293     cstackBANK1  0001BC
_calculate_init_tmr0$1294     cstackBANK1  0001C0
_calculate_init_tmr0$1295     cstackBANK1  0001C4
_calculate_init_tmr0$1296     cstackBANK1  0001C8
_calculate_init_tmr1          text16       005C38
_calculate_init_tmr1$1297     cstackBANK1  0001BC
_calculate_init_tmr1$1298     cstackBANK1  0001C0
_calculate_init_tmr1$1299     cstackBANK1  0001C4
_calculate_init_tmr1$1300     cstackBANK1  0001C8
_count                        bssCOMRAM    00003C
_current_time                 bssCOMRAM    000044
_dispatch_task                text1        005AE2
_dp_h                         smallconst   001009
_dp_l                         smallconst   001001
_errno                        bssBANK0     0000EF
_fabsf                        text24       0063B2
_init_LED                     text15       0064D2
_init_arr_task                text13       005D86
_init_task                    text11       00619A
_interrupt_init               text10       0064E2
_list_head                    bssCOMRAM    000040
_main                         text0        0064AE
_nanf                         text20       006464
_osc_init                     text9        0064DC
_powf                         text18       001080
_powf$1301                    cstackBANK1  0001A4
_powf$1302                    cstackBANK1  000154
_powf$1303                    cstackBANK1  000148
_powf$1304                    cstackBANK1  000198
_powf$1305                    cstackBANK1  000138
_powf$1306                    cstackBANK1  000100
_powf$1307                    cstackBANK1  000104
_powf$1308                    cstackBANK1  000158
_powf$1309                    cstackBANK1  00013C
_powf$1310                    cstackBANK1  000140
_powf$1311                    cstackBANK1  000108
_powf$1312                    cstackBANK1  00010C
_powf$1313                    cstackBANK1  000110
_powf$1314                    cstackBANK1  000114
_powf$1315                    cstackBANK1  000118
_remove_task                  text4        005286
_scalbnf                      text22       005588
_size                         bssCOMRAM    00003E
_sqrtf                        text19       004604
_start_timer                  text6        0063E6
_tempNode                     bssBANK0     0000D6
_test                         bssCOMRAM    000042
_timer0Counter                nvCOMRAM     000046
_timer1Counter                nvBANK0      0000F1
_timer_ISR                    text32       0064E8
_tmr0_init                    text8        0064C8
_tmr1_init                    text7        0064BE
_toggle_LED_0                 text2        006486
_toggle_LED_4                 text3        00649A
add_task@callback             cstackCOMRAM 00002B
add_task@cur                  cstackBANK0  000066
add_task@data                 cstackCOMRAM 00002E
add_task@delay                cstackCOMRAM 00001B
add_task@index                cstackBANK0  000068
add_task@period               cstackCOMRAM 000023
add_task@pre                  cstackBANK0  000064
add_task@temp                 cstackBANK0  000060
add_task@temp_193             cstackBANK0  000062
btemp                         temp         00004A
end_of_initialization         cinit        006372
fabsf@F463                    bssCOMRAM    000038
fabsf@u                       cstackCOMRAM 000019
fabsf@x                       cstackCOMRAM 000015
i2___wmul                     text34       00643E
i2___wmul@multiplicand        cstackCOMRAM 000003
i2___wmul@multiplier          cstackCOMRAM 000001
i2___wmul@product             cstackCOMRAM 000005
init_arr_task@index           cstackCOMRAM 00001B
int$flags                     temp         00004A
int_func                      intcode_body 00624C
intlevel0                     text         000000
intlevel1                     text         000000
intlevel2                     text         000000
intlevel3                     text         000000
nanf@s                        cstackCOMRAM 000015
nanf@u                        cstackCOMRAM 000019
powf@__xc8_float_word         cstackBANK1  0001B8
powf@ax                       cstackBANK1  000170
powf@hx                       cstackBANK1  000160
powf@hy                       cstackBANK1  00017C
powf@i                        cstackBANK1  00012C
powf@is                       cstackBANK1  000194
powf@ix                       cstackBANK1  0001A8
powf@iy                       cstackBANK1  000190
powf@j                        cstackBANK1  0001AC
powf@k                        cstackBANK1  0001A0
powf@n                        cstackBANK1  000180
powf@p_h                      cstackBANK1  00019C
powf@p_l                      cstackBANK1  000164
powf@r                        cstackBANK1  00014C
powf@s                        cstackBANK1  00015C
powf@s2                       cstackBANK1  00018C
powf@s_h                      cstackBANK1  00016C
powf@s_l                      cstackBANK1  000130
powf@sn                       cstackBANK1  000188
powf@t                        cstackBANK1  0001B0
powf@t1                       cstackBANK1  000184
powf@t2                       cstackBANK1  00011C
powf@t_h                      cstackBANK1  000168
powf@t_l                      cstackBANK1  000134
powf@u                        cstackBANK1  000174
powf@v                        cstackBANK1  000178
powf@w                        cstackBANK1  000144
powf@x                        cstackBANK0  0000BB
powf@y                        cstackBANK0  0000BF
powf@y1                       cstackBANK1  000128
powf@yisint                   cstackBANK1  000150
powf@z                        cstackBANK1  0001B4
powf@z_h                      cstackBANK1  000120
powf@z_l                      cstackBANK1  000124
remove_task@cur               cstackCOMRAM 000029
remove_task@delay             cstackCOMRAM 000023
remove_task@id                cstackCOMRAM 00001B
remove_task@pos               cstackCOMRAM 000027
remove_task@pre               cstackCOMRAM 000025
scalbnf@n                     cstackCOMRAM 000032
scalbnf@u                     cstackBANK0  000060
scalbnf@x                     cstackCOMRAM 00002E
scalbnf@y                     cstackBANK0  000064
sqrtf@__xc8_float_word        cstackBANK0  00009F
sqrtf@i                       cstackBANK0  00009B
sqrtf@ix                      cstackBANK0  0000B7
sqrtf@m                       cstackBANK0  0000AF
sqrtf@q                       cstackBANK0  0000A3
sqrtf@r                       cstackBANK0  0000B3
sqrtf@s                       cstackBANK0  000097
sqrtf@t                       cstackBANK0  0000A7
sqrtf@x                       cstackBANK0  00008A
sqrtf@z                       cstackBANK0  0000AB
stackhi                       (abs)        000EF3
stacklo                       (abs)        0003C0
start                         init         00000E
start_initialization          cinit        006346
start_timer@timer_opt         cstackCOMRAM 000015
ttemp5                        temp         00004B
ttemp6                        temp         00004E
ttemp7                        temp         000052
wtemp8                        temp         00004B


FUNCTION INFORMATION:

 *************** function _main *****************
 Defined at:
		line 13 in file "main.c"
 Parameters:    Size  Location     Type
		None
 Auto vars:     Size  Location     Type
		None
 Return value:  Size  Location     Type
                  1    wreg      void 
 Registers used:
		wreg, fsr1l, fsr1h, fsr2l, fsr2h, status,2, status,0, pclath, tosl, tblptrl, tblptrh, tblptru, prodl, prodh, cstack
 Tracked objects:
		On entry : 
		On exit  : 
		Unchanged: 
 Data sizes:     COMRAM   BANK0   BANK1   BANK2   BANK3   BANK4   BANK5   BANK6   BANK7   BANK8   BANK9  BANK10  BANK11  BANK12  BANK13  BANK14  BANK15
      Params:         0       0       0       0       0       0       0       0       0       0       0       0       0       0       0       0       0
      Locals:         0       0       0       0       0       0       0       0       0       0       0       0       0       0       0       0       0
      Temps:          0       0       0       0       0       0       0       0       0       0       0       0       0       0       0       0       0
      Totals:         0       0       0       0       0       0       0       0       0       0       0       0       0       0       0       0       0
Total ram usage:        0 bytes
 Hardware stack levels required when called:    9
 This function calls:
		_System_init
		_dispatch_task
 This function is called by:
		Startup code after reset
 This function uses a non-reentrant model


 *************** function _dispatch_task *****************
 Defined at:
		line 139 in file "Linked_List.c"
 Parameters:    Size  Location     Type
		None
 Auto vars:     Size  Location     Type
		None
 Return value:  Size  Location     Type
                  1    wreg      void 
 Registers used:
		wreg, fsr1l, fsr1h, fsr2l, fsr2h, status,2, status,0, pclath, tosl, prodl, prodh, cstack
 Tracked objects:
		On entry : 
		On exit  : 
		Unchanged: 
 Data sizes:     COMRAM   BANK0   BANK1   BANK2   BANK3   BANK4   BANK5   BANK6   BANK7   BANK8   BANK9  BANK10  BANK11  BANK12  BANK13  BANK14  BANK15
      Params:         0       0       0       0       0       0       0       0       0       0       0       0       0       0       0       0       0
      Locals:         0       0       0       0       0       0       0       0       0       0       0       0       0       0       0       0       0
      Temps:          0       2       0       0       0       0       0       0       0       0       0       0       0       0       0       0       0
      Totals:         0       2       0       0       0       0       0       0       0       0       0       0       0       0       0       0       0
Total ram usage:        2 bytes
 Hardware stack levels used:    1
 Hardware stack levels required when called:    6
 This function calls:
		___wmul
		_add_task
		_remove_task
		_toggle_LED_0
		_toggle_LED_4
 This function is called by:
		_main
 This function uses a non-reentrant model


 *************** function _toggle_LED_0 *****************
 Defined at:
		line 4 in file "Task.c"
 Parameters:    Size  Location     Type
		None
 Auto vars:     Size  Location     Type
		None
 Return value:  Size  Location     Type
                  1    wreg      void 
 Registers used:
		None
 Tracked objects:
		On entry : 
		On exit  : 
		Unchanged: 
 Data sizes:     COMRAM   BANK0   BANK1   BANK2   BANK3   BANK4   BANK5   BANK6   BANK7   BANK8   BANK9  BANK10  BANK11  BANK12  BANK13  BANK14  BANK15
      Params:         0       0       0       0       0       0       0       0       0       0       0       0       0       0       0       0       0
      Locals:         0       0       0       0       0       0       0       0       0       0       0       0       0       0       0       0       0
      Temps:          0       0       0       0       0       0       0       0       0       0       0       0       0       0       0       0       0
      Totals:         0       0       0       0       0       0       0       0       0       0       0       0       0       0       0       0       0
Total ram usage:        0 bytes
 Hardware stack levels used:    1
 Hardware stack levels required when called:    4
 This function calls:
		Nothing
 This function is called by:
		_init_task
		_dispatch_task
 This function uses a non-reentrant model


 *************** function _toggle_LED_4 *****************
 Defined at:
		line 20 in file "Task.c"
 Parameters:    Size  Location     Type
		None
 Auto vars:     Size  Location     Type
		None
 Return value:  Size  Location     Type
                  1    wreg      void 
 Registers used:
		None
 Tracked objects:
		On entry : 
		On exit  : 
		Unchanged: 
 Data sizes:     COMRAM   BANK0   BANK1   BANK2   BANK3   BANK4   BANK5   BANK6   BANK7   BANK8   BANK9  BANK10  BANK11  BANK12  BANK13  BANK14  BANK15
      Params:         0       0       0       0       0       0       0       0       0       0       0       0       0       0       0       0       0
      Locals:         0       0       0       0       0       0       0       0       0       0       0       0       0       0       0       0       0
      Temps:          0       0       0       0       0       0       0       0       0       0       0       0       0       0       0       0       0
      Totals:         0       0       0       0       0       0       0       0       0       0       0       0       0       0       0       0       0
Total ram usage:        0 bytes
 Hardware stack levels used:    1
 Hardware stack levels required when called:    4
 This function calls:
		Nothing
 This function is called by:
		_init_task
		_dispatch_task
 This function uses a non-reentrant model


 *************** function _remove_task *****************
 Defined at:
		line 107 in file "Linked_List.c"
 Parameters:    Size  Location     Type
  id              4   26[COMRAM] unsigned long 
 Auto vars:     Size  Location     Type
  pos             2   38[COMRAM] int 
  delay           2   34[COMRAM] int 
  cur             2   40[COMRAM] int 
  pre             2   36[COMRAM] int 
 Return value:  Size  Location     Type
                  1    wreg      void 
 Registers used:
		wreg, fsr1l, fsr1h, fsr2l, fsr2h, status,2, status,0, prodl, prodh, cstack
 Tracked objects:
		On entry : 
		On exit  : 
		Unchanged: 
 Data sizes:     COMRAM   BANK0   BANK1   BANK2   BANK3   BANK4   BANK5   BANK6   BANK7   BANK8   BANK9  BANK10  BANK11  BANK12  BANK13  BANK14  BANK15
      Params:         4       0       0       0       0       0       0       0       0       0       0       0       0       0       0       0       0
      Locals:         8       0       0       0       0       0       0       0       0       0       0       0       0       0       0       0       0
      Temps:          4       0       0       0       0       0       0       0       0       0       0       0       0       0       0       0       0
      Totals:        16       0       0       0       0       0       0       0       0       0       0       0       0       0       0       0       0
Total ram usage:       16 bytes
 Hardware stack levels used:    1
 Hardware stack levels required when called:    5
 This function calls:
		___wmul
 This function is called by:
		_dispatch_task
 This function uses a non-reentrant model


 *************** function _System_init *****************
 Defined at:
		line 39 in file "System_init.c"
 Parameters:    Size  Location     Type
		None
 Auto vars:     Size  Location     Type
		None
 Return value:  Size  Location     Type
                  1    wreg      void 
 Registers used:
		wreg, fsr2l, fsr2h, status,2, status,0, tblptrl, tblptrh, tblptru, prodl, prodh, cstack
 Tracked objects:
		On entry : 
		On exit  : 
		Unchanged: 
 Data sizes:     COMRAM   BANK0   BANK1   BANK2   BANK3   BANK4   BANK5   BANK6   BANK7   BANK8   BANK9  BANK10  BANK11  BANK12  BANK13  BANK14  BANK15
      Params:         0       0       0       0       0       0       0       0       0       0       0       0       0       0       0       0       0
      Locals:         0       0       0       0       0       0       0       0       0       0       0       0       0       0       0       0       0
      Temps:          0       0       0       0       0       0       0       0       0       0       0       0       0       0       0       0       0
      Totals:         0       0       0       0       0       0       0       0       0       0       0       0       0       0       0       0       0
Total ram usage:        0 bytes
 Hardware stack levels used:    1
 Hardware stack levels required when called:    8
 This function calls:
		_calculate_init_tmr0
		_calculate_init_tmr1
		_init_LED
		_init_arr_task
		_init_task
		_interrupt_init
		_osc_init
		_start_timer
 This function is called by:
		_main
 This function uses a non-reentrant model


 *************** function _start_timer *****************
 Defined at:
		line 16 in file "Driver.c"
 Parameters:    Size  Location     Type
  timer_opt       2   20[COMRAM] unsigned int 
 Auto vars:     Size  Location     Type
		None
 Return value:  Size  Location     Type
                  1    wreg      void 
 Registers used:
		wreg, status,2, status,0, cstack
 Tracked objects:
		On entry : 
		On exit  : 
		Unchanged: 
 Data sizes:     COMRAM   BANK0   BANK1   BANK2   BANK3   BANK4   BANK5   BANK6   BANK7   BANK8   BANK9  BANK10  BANK11  BANK12  BANK13  BANK14  BANK15
      Params:         2       0       0       0       0       0       0       0       0       0       0       0       0       0       0       0       0
      Locals:         0       0       0       0       0       0       0       0       0       0       0       0       0       0       0       0       0
      Temps:          0       0       0       0       0       0       0       0       0       0       0       0       0       0       0       0       0
      Totals:         2       0       0       0       0       0       0       0       0       0       0       0       0       0       0       0       0
Total ram usage:        2 bytes
 Hardware stack levels used:    1
 Hardware stack levels required when called:    5
 This function calls:
		_tmr0_init
		_tmr1_init
 This function is called by:
		_System_init
 This function uses a non-reentrant model


 *************** function _tmr1_init *****************
 Defined at:
		line 10 in file "Driver.c"
 Parameters:    Size  Location     Type
		None
 Auto vars:     Size  Location     Type
		None
 Return value:  Size  Location     Type
                  1    wreg      void 
 Registers used:
		wreg, status,2
 Tracked objects:
		On entry : 
		On exit  : 
		Unchanged: 
 Data sizes:     COMRAM   BANK0   BANK1   BANK2   BANK3   BANK4   BANK5   BANK6   BANK7   BANK8   BANK9  BANK10  BANK11  BANK12  BANK13  BANK14  BANK15
      Params:         0       0       0       0       0       0       0       0       0       0       0       0       0       0       0       0       0
      Locals:         0       0       0       0       0       0       0       0       0       0       0       0       0       0       0       0       0
      Temps:          0       0       0       0       0       0       0       0       0       0       0       0       0       0       0       0       0
      Totals:         0       0       0       0       0       0       0       0       0       0       0       0       0       0       0       0       0
Total ram usage:        0 bytes
 Hardware stack levels used:    1
 Hardware stack levels required when called:    4
 This function calls:
		Nothing
 This function is called by:
		_start_timer
 This function uses a non-reentrant model


 *************** function _tmr0_init *****************
 Defined at:
		line 4 in file "Driver.c"
 Parameters:    Size  Location     Type
		None
 Auto vars:     Size  Location     Type
		None
 Return value:  Size  Location     Type
                  1    wreg      void 
 Registers used:
		wreg, status,2
 Tracked objects:
		On entry : 
		On exit  : 
		Unchanged: 
 Data sizes:     COMRAM   BANK0   BANK1   BANK2   BANK3   BANK4   BANK5   BANK6   BANK7   BANK8   BANK9  BANK10  BANK11  BANK12  BANK13  BANK14  BANK15
      Params:         0       0       0       0       0       0       0       0       0       0       0       0       0       0       0       0       0
      Locals:         0       0       0       0       0       0       0       0       0       0       0       0       0       0       0       0       0
      Temps:          0       0       0       0       0       0       0       0       0       0       0       0       0       0       0       0       0
      Totals:         0       0       0       0       0       0       0       0       0       0       0       0       0       0       0       0       0
Total ram usage:        0 bytes
 Hardware stack levels used:    1
 Hardware stack levels required when called:    4
 This function calls:
		Nothing
 This function is called by:
		_start_timer
 This function uses a non-reentrant model


 *************** function _osc_init *****************
 Defined at:
		line 7 in file "System_init.c"
 Parameters:    Size  Location     Type
		None
 Auto vars:     Size  Location     Type
		None
 Return value:  Size  Location     Type
                  1    wreg      void 
 Registers used:
		wreg, status,2
 Tracked objects:
		On entry : 
		On exit  : 
		Unchanged: 
 Data sizes:     COMRAM   BANK0   BANK1   BANK2   BANK3   BANK4   BANK5   BANK6   BANK7   BANK8   BANK9  BANK10  BANK11  BANK12  BANK13  BANK14  BANK15
      Params:         0       0       0       0       0       0       0       0       0       0       0       0       0       0       0       0       0
      Locals:         0       0       0       0       0       0       0       0       0       0       0       0       0       0       0       0       0
      Temps:          0       0       0       0       0       0       0       0       0       0       0       0       0       0       0       0       0
      Totals:         0       0       0       0       0       0       0       0       0       0       0       0       0       0       0       0       0
Total ram usage:        0 bytes
 Hardware stack levels used:    1
 Hardware stack levels required when called:    4
 This function calls:
		Nothing
 This function is called by:
		_System_init
 This function uses a non-reentrant model


 *************** function _interrupt_init *****************
 Defined at:
		line 16 in file "System_init.c"
 Parameters:    Size  Location     Type
		None
 Auto vars:     Size  Location     Type
		None
 Return value:  Size  Location     Type
                  1    wreg      void 
 Registers used:
		None
 Tracked objects:
		On entry : 
		On exit  : 
		Unchanged: 
 Data sizes:     COMRAM   BANK0   BANK1   BANK2   BANK3   BANK4   BANK5   BANK6   BANK7   BANK8   BANK9  BANK10  BANK11  BANK12  BANK13  BANK14  BANK15
      Params:         0       0       0       0       0       0       0       0       0       0       0       0       0       0       0       0       0
      Locals:         0       0       0       0       0       0       0       0       0       0       0       0       0       0       0       0       0
      Temps:          0       0       0       0       0       0       0       0       0       0       0       0       0       0       0       0       0
      Totals:         0       0       0       0       0       0       0       0       0       0       0       0       0       0       0       0       0
Total ram usage:        0 bytes
 Hardware stack levels used:    1
 Hardware stack levels required when called:    4
 This function calls:
		Nothing
 This function is called by:
		_System_init
 This function uses a non-reentrant model


 *************** function _init_task *****************
 Defined at:
		line 21 in file "System_init.c"
 Parameters:    Size  Location     Type
		None
 Auto vars:     Size  Location     Type
		None
 Return value:  Size  Location     Type
                  1    wreg      void 
 Registers used:
		wreg, fsr2l, fsr2h, status,2, status,0, prodl, prodh, cstack
 Tracked objects:
		On entry : 
		On exit  : 
		Unchanged: 
 Data sizes:     COMRAM   BANK0   BANK1   BANK2   BANK3   BANK4   BANK5   BANK6   BANK7   BANK8   BANK9  BANK10  BANK11  BANK12  BANK13  BANK14  BANK15
      Params:         0       0       0       0       0       0       0       0       0       0       0       0       0       0       0       0       0
      Locals:         0       0       0       0       0       0       0       0       0       0       0       0       0       0       0       0       0
      Temps:          0       0       0       0       0       0       0       0       0       0       0       0       0       0       0       0       0
      Totals:         0       0       0       0       0       0       0       0       0       0       0       0       0       0       0       0       0
Total ram usage:        0 bytes
 Hardware stack levels used:    1
 Hardware stack levels required when called:    6
 This function calls:
		_add_task
 This function is called by:
		_System_init
 This function uses a non-reentrant model


 *************** function _add_task *****************
 Defined at:
		line 18 in file "Linked_List.c"
 Parameters:    Size  Location     Type
  delay           8   26[COMRAM] unsigned long long 
  period          8   34[COMRAM] unsigned long long 
  callback        3   42[COMRAM] PTR FTN()void 
		 -> toggle_LED_4(1), NULL(0), toggle_LED_0(1), 
  data            2   45[COMRAM] PTR void 
		 -> NULL(0), 
 Auto vars:     Size  Location     Type
  temp            2    2[BANK0 ] int 
  temp            2    0[BANK0 ] int 
  cur             2    6[BANK0 ] int 
  pre             2    4[BANK0 ] int 
  index           2    8[BANK0 ] int 
 Return value:  Size  Location     Type
                  8   26[COMRAM] unsigned long long 
 Registers used:
		wreg, fsr2l, fsr2h, status,2, status,0, prodl, prodh, cstack
 Tracked objects:
		On entry : 
		On exit  : 
		Unchanged: 
 Data sizes:     COMRAM   BANK0   BANK1   BANK2   BANK3   BANK4   BANK5   BANK6   BANK7   BANK8   BANK9  BANK10  BANK11  BANK12  BANK13  BANK14  BANK15
      Params:        21       0       0       0       0       0       0       0       0       0       0       0       0       0       0       0       0
      Locals:         0      10       0       0       0       0       0       0       0       0       0       0       0       0       0       0       0
      Temps:          8       0       0       0       0       0       0       0       0       0       0       0       0       0       0       0       0
      Totals:        29      10       0       0       0       0       0       0       0       0       0       0       0       0       0       0       0
Total ram usage:       39 bytes
 Hardware stack levels used:    1
 Hardware stack levels required when called:    5
 This function calls:
		___wmul
 This function is called by:
		_init_task
		_dispatch_task
 This function uses a non-reentrant model


 *************** function _init_arr_task *****************
 Defined at:
		line 5 in file "Linked_List.c"
 Parameters:    Size  Location     Type
		None
 Auto vars:     Size  Location     Type
  index           2   26[COMRAM] int 
 Return value:  Size  Location     Type
                  1    wreg      void 
 Registers used:
		wreg, fsr2l, fsr2h, status,2, status,0, prodl, prodh, cstack
 Tracked objects:
		On entry : 
		On exit  : 
		Unchanged: 
 Data sizes:     COMRAM   BANK0   BANK1   BANK2   BANK3   BANK4   BANK5   BANK6   BANK7   BANK8   BANK9  BANK10  BANK11  BANK12  BANK13  BANK14  BANK15
      Params:         0       0       0       0       0       0       0       0       0       0       0       0       0       0       0       0       0
      Locals:         2       0       0       0       0       0       0       0       0       0       0       0       0       0       0       0       0
      Temps:          0       0       0       0       0       0       0       0       0       0       0       0       0       0       0       0       0
      Totals:         2       0       0       0       0       0       0       0       0       0       0       0       0       0       0       0       0
Total ram usage:        2 bytes
 Hardware stack levels used:    1
 Hardware stack levels required when called:    5
 This function calls:
		___wmul
 This function is called by:
		_System_init
 This function uses a non-reentrant model


 *************** function ___wmul *****************
 Defined at:
		line 15 in file "/opt/microchip/xc8/v2.10/pic/sources/c99/common/Umul16.c"
 Parameters:    Size  Location     Type
  multiplier      2   20[COMRAM] unsigned int 
  multiplicand    2   22[COMRAM] unsigned int 
 Auto vars:     Size  Location     Type
  product         2   24[COMRAM] unsigned int 
 Return value:  Size  Location     Type
                  2   20[COMRAM] unsigned int 
 Registers used:
		wreg, status,2, status,0, prodl, prodh
 Tracked objects:
		On entry : 
		On exit  : 
		Unchanged: 
 Data sizes:     COMRAM   BANK0   BANK1   BANK2   BANK3   BANK4   BANK5   BANK6   BANK7   BANK8   BANK9  BANK10  BANK11  BANK12  BANK13  BANK14  BANK15
      Params:         4       0       0       0       0       0       0       0       0       0       0       0       0       0       0       0       0
      Locals:         2       0       0       0       0       0       0       0       0       0       0       0       0       0       0       0       0
      Temps:          0       0       0       0       0       0       0       0       0       0       0       0       0       0       0       0       0
      Totals:         6       0       0       0       0       0       0       0       0       0       0       0       0       0       0       0       0
Total ram usage:        6 bytes
 Hardware stack levels used:    1
 Hardware stack levels required when called:    4
 This function calls:
		Nothing
 This function is called by:
		_init_arr_task
		_add_task
		_remove_task
		_dispatch_task
 This function uses a non-reentrant model


 *************** function _init_LED *****************
 Defined at:
		line 11 in file "System_init.c"
 Parameters:    Size  Location     Type
		None
 Auto vars:     Size  Location     Type
		None
 Return value:  Size  Location     Type
                  1    wreg      void 
 Registers used:
		wreg, status,2
 Tracked objects:
		On entry : 
		On exit  : 
		Unchanged: 
 Data sizes:     COMRAM   BANK0   BANK1   BANK2   BANK3   BANK4   BANK5   BANK6   BANK7   BANK8   BANK9  BANK10  BANK11  BANK12  BANK13  BANK14  BANK15
      Params:         0       0       0       0       0       0       0       0       0       0       0       0       0       0       0       0       0
      Locals:         0       0       0       0       0       0       0       0       0       0       0       0       0       0       0       0       0
      Temps:          0       0       0       0       0       0       0       0       0       0       0       0       0       0       0       0       0
      Totals:         0       0       0       0       0       0       0       0       0       0       0       0       0       0       0       0       0
Total ram usage:        0 bytes
 Hardware stack levels used:    1
 Hardware stack levels required when called:    4
 This function calls:
		Nothing
 This function is called by:
		_System_init
 This function uses a non-reentrant model


 *************** function _calculate_init_tmr1 *****************
 Defined at:
		line 33 in file "System_init.c"
 Parameters:    Size  Location     Type
		None
 Auto vars:     Size  Location     Type
		None
 Return value:  Size  Location     Type
                  1    wreg      void 
 Registers used:
		wreg, status,2, status,0, tblptrl, tblptrh, tblptru, prodl, prodh, cstack
 Tracked objects:
		On entry : 
		On exit  : 
		Unchanged: 
 Data sizes:     COMRAM   BANK0   BANK1   BANK2   BANK3   BANK4   BANK5   BANK6   BANK7   BANK8   BANK9  BANK10  BANK11  BANK12  BANK13  BANK14  BANK15
      Params:         0       0       0       0       0       0       0       0       0       0       0       0       0       0       0       0       0
      Locals:         0       0      16       0       0       0       0       0       0       0       0       0       0       0       0       0       0
      Temps:          0       0       0       0       0       0       0       0       0       0       0       0       0       0       0       0       0
      Totals:         0       0      16       0       0       0       0       0       0       0       0       0       0       0       0       0       0
Total ram usage:       16 bytes
 Hardware stack levels used:    1
 Hardware stack levels required when called:    7
 This function calls:
		___flmul
		___flsub
		___fltol
		___xxtofl
		_powf
 This function is called by:
		_System_init
 This function uses a non-reentrant model


 *************** function _calculate_init_tmr0 *****************
 Defined at:
		line 27 in file "System_init.c"
 Parameters:    Size  Location     Type
		None
 Auto vars:     Size  Location     Type
		None
 Return value:  Size  Location     Type
                  1    wreg      void 
 Registers used:
		wreg, status,2, status,0, tblptrl, tblptrh, tblptru, prodl, prodh, cstack
 Tracked objects:
		On entry : 
		On exit  : 
		Unchanged: 
 Data sizes:     COMRAM   BANK0   BANK1   BANK2   BANK3   BANK4   BANK5   BANK6   BANK7   BANK8   BANK9  BANK10  BANK11  BANK12  BANK13  BANK14  BANK15
      Params:         0       0       0       0       0       0       0       0       0       0       0       0       0       0       0       0       0
      Locals:         0       0      16       0       0       0       0       0       0       0       0       0       0       0       0       0       0
      Temps:          0       0       0       0       0       0       0       0       0       0       0       0       0       0       0       0       0
      Totals:         0       0      16       0       0       0       0       0       0       0       0       0       0       0       0       0       0
Total ram usage:       16 bytes
 Hardware stack levels used:    1
 Hardware stack levels required when called:    7
 This function calls:
		___fladd
		___flmul
		___flsub
		___fltol
		___xxtofl
		_powf
 This function is called by:
		_System_init
 This function uses a non-reentrant model


 *************** function _powf *****************
 Defined at:
		line 52 in file "/opt/microchip/xc8/v2.10/pic/sources/c99/common/powf.c"
 Parameters:    Size  Location     Type
  x               4   91[BANK0 ] float 
  y               4   95[BANK0 ] float 
 Auto vars:     Size  Location     Type
  s2              4  140[BANK1 ] float 
  s_h             4  108[BANK1 ] float 
  t_h             4  104[BANK1 ] float 
  t_l             4   52[BANK1 ] float 
  s_l             4   48[BANK1 ] float 
  __xc8_float_    4  184[BANK1 ] struct .
  z               4  180[BANK1 ] float 
  t               4  176[BANK1 ] float 
  j               4  172[BANK1 ] long 
  ix              4  168[BANK1 ] long 
  k               4  160[BANK1 ] long 
  p_h             4  156[BANK1 ] float 
  is              4  148[BANK1 ] long 
  iy              4  144[BANK1 ] long 
  sn              4  136[BANK1 ] float 
  t1              4  132[BANK1 ] float 
  n               4  128[BANK1 ] long 
  hy              4  124[BANK1 ] long 
  v               4  120[BANK1 ] float 
  u               4  116[BANK1 ] float 
  ax              4  112[BANK1 ] float 
  p_l             4  100[BANK1 ] float 
  hx              4   96[BANK1 ] long 
  s               4   92[BANK1 ] float 
  yisint          4   80[BANK1 ] long 
  r               4   76[BANK1 ] float 
  w               4   68[BANK1 ] float 
  i               4   44[BANK1 ] long 
  y1              4   40[BANK1 ] float 
  z_l             4   36[BANK1 ] float 
  z_h             4   32[BANK1 ] float 
  t2              4   28[BANK1 ] float 
 Return value:  Size  Location     Type
                  4   91[BANK0 ] float 
 Registers used:
		wreg, status,2, status,0, tblptrl, tblptrh, tblptru, prodl, prodh, cstack
 Tracked objects:
		On entry : 
		On exit  : 
		Unchanged: 
 Data sizes:     COMRAM   BANK0   BANK1   BANK2   BANK3   BANK4   BANK5   BANK6   BANK7   BANK8   BANK9  BANK10  BANK11  BANK12  BANK13  BANK14  BANK15
      Params:         0       8       0       0       0       0       0       0       0       0       0       0       0       0       0       0       0
      Locals:         0       0     188       0       0       0       0       0       0       0       0       0       0       0       0       0       0
      Temps:          0       9       0       0       0       0       0       0       0       0       0       0       0       0       0       0       0
      Totals:         0      17     188       0       0       0       0       0       0       0       0       0       0       0       0       0       0
Total ram usage:      205 bytes
 Hardware stack levels used:    1
 Hardware stack levels required when called:    6
 This function calls:
		___fladd
		___fldiv
		___flge
		___flmul
		___flneg
		___flsub
		___xxtofl
		_fabsf
		_scalbnf
		_sqrtf
 This function is called by:
		_calculate_init_tmr0
		_calculate_init_tmr1
 This function uses a non-reentrant model


 *************** function _sqrtf *****************
 Defined at:
		line 22 in file "/opt/microchip/xc8/v2.10/pic/sources/c99/common/sqrtf.c"
 Parameters:    Size  Location     Type
  x               4   42[BANK0 ] float 
 Auto vars:     Size  Location     Type
  ix              4   87[BANK0 ] long 
  r               4   83[BANK0 ] unsigned long 
  m               4   79[BANK0 ] long 
  z               4   75[BANK0 ] float 
  t               4   71[BANK0 ] long 
  q               4   67[BANK0 ] long 
  __xc8_float_    4   63[BANK0 ] struct .
  i               4   59[BANK0 ] long 
  s               4   55[BANK0 ] long 
  sign            4    0        long 
 Return value:  Size  Location     Type
                  4   42[BANK0 ] float 
 Registers used:
		wreg, status,2, status,0, prodl, prodh, cstack
 Tracked objects:
		On entry : 
		On exit  : 
		Unchanged: 
 Data sizes:     COMRAM   BANK0   BANK1   BANK2   BANK3   BANK4   BANK5   BANK6   BANK7   BANK8   BANK9  BANK10  BANK11  BANK12  BANK13  BANK14  BANK15
      Params:         0       4       0       0       0       0       0       0       0       0       0       0       0       0       0       0       0
      Locals:         0      40       0       0       0       0       0       0       0       0       0       0       0       0       0       0       0
      Temps:          0       5       0       0       0       0       0       0       0       0       0       0       0       0       0       0       0
      Totals:         0      49       0       0       0       0       0       0       0       0       0       0       0       0       0       0       0
Total ram usage:       49 bytes
 Hardware stack levels used:    1
 Hardware stack levels required when called:    5
 This function calls:
		___fladd
		___flge
		___flmul
		_nanf
 This function is called by:
		_powf
 This function uses a non-reentrant model


 *************** function _nanf *****************
 Defined at:
		line 4 in file "/opt/microchip/xc8/v2.10/pic/sources/c99/common/nanf.c"
 Parameters:    Size  Location     Type
  s               2   20[COMRAM] PTR const unsigned char 
		 -> STR_1(1), 
 Auto vars:     Size  Location     Type
  u               4   24[COMRAM] struct .
 Return value:  Size  Location     Type
                  4   20[COMRAM] float 
 Registers used:
		wreg, status,2
 Tracked objects:
		On entry : 
		On exit  : 
		Unchanged: 
 Data sizes:     COMRAM   BANK0   BANK1   BANK2   BANK3   BANK4   BANK5   BANK6   BANK7   BANK8   BANK9  BANK10  BANK11  BANK12  BANK13  BANK14  BANK15
      Params:         4       0       0       0       0       0       0       0       0       0       0       0       0       0       0       0       0
      Locals:         4       0       0       0       0       0       0       0       0       0       0       0       0       0       0       0       0
      Temps:          0       0       0       0       0       0       0       0       0       0       0       0       0       0       0       0       0
      Totals:         8       0       0       0       0       0       0       0       0       0       0       0       0       0       0       0       0
Total ram usage:        8 bytes
 Hardware stack levels used:    1
 Hardware stack levels required when called:    4
 This function calls:
		Nothing
 This function is called by:
		_sqrtf
 This function uses a non-reentrant model


 *************** function ___flge *****************
 Defined at:
		line 4 in file "/opt/microchip/xc8/v2.10/pic/sources/c99/common/flge.c"
 Parameters:    Size  Location     Type
  ff1             4   30[BANK0 ] float 
  ff2             4   34[BANK0 ] float 
 Auto vars:     Size  Location     Type
		None
 Return value:  Size  Location     Type
		None               void
 Registers used:
		wreg, status,2, status,0
 Tracked objects:
		On entry : 
		On exit  : 
		Unchanged: 
 Data sizes:     COMRAM   BANK0   BANK1   BANK2   BANK3   BANK4   BANK5   BANK6   BANK7   BANK8   BANK9  BANK10  BANK11  BANK12  BANK13  BANK14  BANK15
      Params:         0       8       0       0       0       0       0       0       0       0       0       0       0       0       0       0       0
      Locals:         0       0       0       0       0       0       0       0       0       0       0       0       0       0       0       0       0
[...]
      Params:         4       0       0       0       0       0       0       0       0       0       0       0       0       0       0       0       0
      Locals:         0       6       0       0       0       0       0       0       0       0       0       0       0       0       0       0       0
      Temps:          4       0       0       0       0       0       0       0       0       0       0       0       0       0       0       0       0
      Totals:         8       6       0       0       0       0       0       0       0       0       0       0       0       0       0       0       0
Total ram usage:       14 bytes
 Hardware stack levels used:    1
 Hardware stack levels required when called:    4
 This function calls:
		Nothing
 This function is called by:
		_calculate_init_tmr0
		_calculate_init_tmr1
		_powf
 This function uses a non-reentrant model


 *************** function ___flsub *****************
 Defined at:
		line 245 in file "/opt/microchip/xc8/v2.10/pic/sources/c99/common/sprcadd.c"
 Parameters:    Size  Location     Type
  b               4   22[BANK0 ] unsigned char 
  a               4   26[BANK0 ] unsigned char 
 Auto vars:     Size  Location     Type
		None
 Return value:  Size  Location     Type
                  4   22[BANK0 ] unsigned char 
 Registers used:
		wreg, status,2, status,0, cstack
 Tracked objects:
		On entry : 
		On exit  : 
		Unchanged: 
 Data sizes:     COMRAM   BANK0   BANK1   BANK2   BANK3   BANK4   BANK5   BANK6   BANK7   BANK8   BANK9  BANK10  BANK11  BANK12  BANK13  BANK14  BANK15
      Params:         0       8       0       0       0       0       0       0       0       0       0       0       0       0       0       0       0
      Locals:         0       0       0       0       0       0       0       0       0       0       0       0       0       0       0       0       0
      Temps:          0       0       0       0       0       0       0       0       0       0       0       0       0       0       0       0       0
      Totals:         0       8       0       0       0       0       0       0       0       0       0       0       0       0       0       0       0
Total ram usage:        8 bytes
 Hardware stack levels used:    1
 Hardware stack levels required when called:    5
 This function calls:
		___fladd
 This function is called by:
		_calculate_init_tmr0
		_calculate_init_tmr1
		_powf
 This function uses a non-reentrant model


 *************** function ___fladd *****************
 Defined at:
		line 10 in file "/opt/microchip/xc8/v2.10/pic/sources/c99/common/sprcadd.c"
 Parameters:    Size  Location     Type
  b               4    6[BANK0 ] unsigned char 
  a               4   10[BANK0 ] unsigned char 
 Auto vars:     Size  Location     Type
  grs             1   21[BANK0 ] unsigned char 
  bexp            1   20[BANK0 ] unsigned char 
  aexp            1   19[BANK0 ] unsigned char 
  signs           1   18[BANK0 ] unsigned char 
 Return value:  Size  Location     Type
                  4    6[BANK0 ] unsigned char 
 Registers used:
		wreg, status,2, status,0
 Tracked objects:
		On entry : 
		On exit  : 
		Unchanged: 
 Data sizes:     COMRAM   BANK0   BANK1   BANK2   BANK3   BANK4   BANK5   BANK6   BANK7   BANK8   BANK9  BANK10  BANK11  BANK12  BANK13  BANK14  BANK15
      Params:         0       8       0       0       0       0       0       0       0       0       0       0       0       0       0       0       0
      Locals:         0       4       0       0       0       0       0       0       0       0       0       0       0       0       0       0       0
      Temps:          0       4       0       0       0       0       0       0       0       0       0       0       0       0       0       0       0
      Totals:         0      16       0       0       0       0       0       0       0       0       0       0       0       0       0       0       0
Total ram usage:       16 bytes
 Hardware stack levels used:    1
 Hardware stack levels required when called:    4
 This function calls:
		Nothing
 This function is called by:
		_calculate_init_tmr0
		___flsub
		_powf
		_sqrtf
 This function uses a non-reentrant model


 *************** function ___flneg *****************
 Defined at:
		line 15 in file "/opt/microchip/xc8/v2.10/pic/sources/c99/common/flneg.c"
 Parameters:    Size  Location     Type
  f1              4   20[COMRAM] unsigned char 
 Auto vars:     Size  Location     Type
		None
 Return value:  Size  Location     Type
                  4   20[COMRAM] unsigned char 
 Registers used:
		wreg, status,2, status,0
 Tracked objects:
		On entry : 
		On exit  : 
		Unchanged: 
 Data sizes:     COMRAM   BANK0   BANK1   BANK2   BANK3   BANK4   BANK5   BANK6   BANK7   BANK8   BANK9  BANK10  BANK11  BANK12  BANK13  BANK14  BANK15
      Params:         4       0       0       0       0       0       0       0       0       0       0       0       0       0       0       0       0
      Locals:         0       0       0       0       0       0       0       0       0       0       0       0       0       0       0       0       0
      Temps:          0       0       0       0       0       0       0       0       0       0       0       0       0       0       0       0       0
      Totals:         4       0       0       0       0       0       0       0       0       0       0       0       0       0       0       0       0
Total ram usage:        4 bytes
 Hardware stack levels used:    1
 Hardware stack levels required when called:    4
 This function calls:
		Nothing
 This function is called by:
		_powf
 This function uses a non-reentrant model


 *************** function ___fldiv *****************
 Defined at:
		line 11 in file "/opt/microchip/xc8/v2.10/pic/sources/c99/common/sprcdiv.c"
 Parameters:    Size  Location     Type
  b               4   30[BANK0 ] unsigned char 
  a               4   34[BANK0 ] unsigned char 
 Auto vars:     Size  Location     Type
  grs             4   49[BANK0 ] unsigned long 
  rem             4   42[BANK0 ] unsigned long 
  new_exp         2   47[BANK0 ] short 
  aexp            1   54[BANK0 ] unsigned char 
  bexp            1   53[BANK0 ] unsigned char 
  sign            1   46[BANK0 ] unsigned char 
 Return value:  Size  Location     Type
                  4   30[BANK0 ] unsigned char 
 Registers used:
		wreg, status,2, status,0
 Tracked objects:
		On entry : 
		On exit  : 
		Unchanged: 
 Data sizes:     COMRAM   BANK0   BANK1   BANK2   BANK3   BANK4   BANK5   BANK6   BANK7   BANK8   BANK9  BANK10  BANK11  BANK12  BANK13  BANK14  BANK15
      Params:         0       8       0       0       0       0       0       0       0       0       0       0       0       0       0       0       0
      Locals:         0      13       0       0       0       0       0       0       0       0       0       0       0       0       0       0       0
      Temps:          0       4       0       0       0       0       0       0       0       0       0       0       0       0       0       0       0
      Totals:         0      25       0       0       0       0       0       0       0       0       0       0       0       0       0       0       0
Total ram usage:       25 bytes
 Hardware stack levels used:    1
 Hardware stack levels required when called:    4
 This function calls:
		Nothing
 This function is called by:
		_powf
 This function uses a non-reentrant model


 *************** function ___fltol *****************
 Defined at:
		line 43 in file "/opt/microchip/xc8/v2.10/pic/sources/c99/common/fltol.c"
 Parameters:    Size  Location     Type
  f1              4  108[BANK0 ] unsigned char 
 Auto vars:     Size  Location     Type
  exp1            1  117[BANK0 ] unsigned char 
  sign1           1  116[BANK0 ] unsigned char 
 Return value:  Size  Location     Type
                  4  108[BANK0 ] long 
 Registers used:
		wreg, status,2, status,0
 Tracked objects:
		On entry : 
		On exit  : 
		Unchanged: 
 Data sizes:     COMRAM   BANK0   BANK1   BANK2   BANK3   BANK4   BANK5   BANK6   BANK7   BANK8   BANK9  BANK10  BANK11  BANK12  BANK13  BANK14  BANK15
      Params:         0       4       0       0       0       0       0       0       0       0       0       0       0       0       0       0       0
      Locals:         0       2       0       0       0       0       0       0       0       0       0       0       0       0       0       0       0
      Temps:          0       4       0       0       0       0       0       0       0       0       0       0       0       0       0       0       0
      Totals:         0      10       0       0       0       0       0       0       0       0       0       0       0       0       0       0       0
Total ram usage:       10 bytes
 Hardware stack levels used:    1
 Hardware stack levels required when called:    4
 This function calls:
		Nothing
 This function is called by:
		_calculate_init_tmr0
		_calculate_init_tmr1
 This function uses a non-reentrant model


 *************** function _ISR *****************
 Defined at:
		line 5 in file "Interrupt.c"
 Parameters:    Size  Location     Type
		None
 Auto vars:     Size  Location     Type
		None
 Return value:  Size  Location     Type
                  1    wreg      void 
 Registers used:
		wreg, fsr2l, fsr2h, status,2, status,0, prodl, prodh, cstack
 Tracked objects:
		On entry : 
		On exit  : 
		Unchanged: 
 Data sizes:     COMRAM   BANK0   BANK1   BANK2   BANK3   BANK4   BANK5   BANK6   BANK7   BANK8   BANK9  BANK10  BANK11  BANK12  BANK13  BANK14  BANK15
      Params:         0       0       0       0       0       0       0       0       0       0       0       0       0       0       0       0       0
      Locals:         0       0       0       0       0       0       0       0       0       0       0       0       0       0       0       0       0
      Temps:          4       0       0       0       0       0       0       0       0       0       0       0       0       0       0       0       0
      Totals:         4       0       0       0       0       0       0       0       0       0       0       0       0       0       0       0       0
Total ram usage:        4 bytes
 Hardware stack levels used:    1
 Hardware stack levels required when called:    3
 This function calls:
		_timer_ISR
 This function is called by:
		Interrupt level 2
 This function uses a non-reentrant model


 *************** function _timer_ISR *****************
 Defined at:
		line 29 in file "Driver.c"
 Parameters:    Size  Location     Type
		None
 Auto vars:     Size  Location     Type
		None
 Return value:  Size  Location     Type
                  1    wreg      void 
 Registers used:
		wreg, fsr2l, fsr2h, status,2, status,0, prodl, prodh, cstack
 Tracked objects:
		On entry : 
		On exit  : 
		Unchanged: 
 Data sizes:     COMRAM   BANK0   BANK1   BANK2   BANK3   BANK4   BANK5   BANK6   BANK7   BANK8   BANK9  BANK10  BANK11  BANK12  BANK13  BANK14  BANK15
      Params:         0       0       0       0       0       0       0       0       0       0       0       0       0       0       0       0       0
      Locals:         0       0       0       0       0       0       0       0       0       0       0       0       0       0       0       0       0
      Temps:          0       0       0       0       0       0       0       0       0       0       0       0       0       0       0       0       0
      Totals:         0       0       0       0       0       0       0       0       0       0       0       0       0       0       0       0       0
Total ram usage:        0 bytes
 Hardware stack levels used:    1
 Hardware stack levels required when called:    2
 This function calls:
		_Sched_Update
 This function is called by:
		_ISR
 This function uses a non-reentrant model


 *************** function _Sched_Update *****************
 Defined at:
		line 93 in file "Linked_List.c"
 Parameters:    Size  Location     Type
		None
 Auto vars:     Size  Location     Type
  temp            2   14[COMRAM] int 
 Return value:  Size  Location     Type
                  1    wreg      void 
 Registers used:
		wreg, fsr2l, fsr2h, status,2, status,0, prodl, prodh, cstack
 Tracked objects:
		On entry : 
		On exit  : 
		Unchanged: 
 Data sizes:     COMRAM   BANK0   BANK1   BANK2   BANK3   BANK4   BANK5   BANK6   BANK7   BANK8   BANK9  BANK10  BANK11  BANK12  BANK13  BANK14  BANK15
      Params:         0       0       0       0       0       0       0       0       0       0       0       0       0       0       0       0       0
      Locals:         2       0       0       0       0       0       0       0       0       0       0       0       0       0       0       0       0
      Temps:          8       0       0       0       0       0       0       0       0       0       0       0       0       0       0       0       0
      Totals:        10       0       0       0       0       0       0       0       0       0       0       0       0       0       0       0       0
Total ram usage:       10 bytes
 Hardware stack levels used:    1
 Hardware stack levels required when called:    1
 This function calls:
		i2___wmul
 This function is called by:
		_timer_ISR
 This function uses a non-reentrant model


 *************** function i2___wmul *****************
 Defined at:
		line 15 in file "/opt/microchip/xc8/v2.10/pic/sources/c99/common/Umul16.c"
 Parameters:    Size  Location     Type
  multiplier      2    0[COMRAM] unsigned int 
  multiplicand    2    2[COMRAM] unsigned int 
 Auto vars:     Size  Location     Type
  __wmul          2    4[COMRAM] unsigned int 
 Return value:  Size  Location     Type
                  2    0[COMRAM] unsigned int 
 Registers used:
		wreg, status,2, status,0, prodl, prodh
 Tracked objects:
		On entry : 
		On exit  : 
		Unchanged: 
 Data sizes:     COMRAM   BANK0   BANK1   BANK2   BANK3   BANK4   BANK5   BANK6   BANK7   BANK8   BANK9  BANK10  BANK11  BANK12  BANK13  BANK14  BANK15
      Params:         4       0       0       0       0       0       0       0       0       0       0       0       0       0       0       0       0
      Locals:         2       0       0       0       0       0       0       0       0       0       0       0       0       0       0       0       0
      Temps:          0       0       0       0       0       0       0       0       0       0       0       0       0       0       0       0       0
      Totals:         6       0       0       0       0       0       0       0       0       0       0       0       0       0       0       0       0
Total ram usage:        6 bytes
 Hardware stack levels used:    1
 This function calls:
		Nothing
 This function is called by:
		_Sched_Update
 This function uses a non-reentrant model



MODULE INFORMATION

Module		Function		Class		Link	Load	Size
/opt/microchip/xc8/v2.10/pic/sources/c99/common/flge.c
		___flge        		CODE           	5FB0	0000	263

/opt/microchip/xc8/v2.10/pic/sources/c99/common/flge.c estimated size: 263

/opt/microchip/xc8/v2.10/pic/sources/c99/common/xxtofl.c
		___xxtofl      		CODE           	57BC	0000	441

/opt/microchip/xc8/v2.10/pic/sources/c99/common/xxtofl.c estimated size: 441

/opt/microchip/xc8/v2.10/pic/sources/c99/common/nanf.c
		_nanf          		CODE           	6464	0000	35

/opt/microchip/xc8/v2.10/pic/sources/c99/common/nanf.c estimated size: 35

/opt/microchip/xc8/v2.10/pic/sources/c99/common/sqrtf.c
		_sqrtf         		CODE           	4604	0000	1213

/opt/microchip/xc8/v2.10/pic/sources/c99/common/sqrtf.c estimated size: 1213

/opt/microchip/xc8/v2.10/pic/sources/c99/common/fltol.c
		___fltol       		CODE           	5EA8	0000	265

/opt/microchip/xc8/v2.10/pic/sources/c99/common/fltol.c estimated size: 265

/opt/microchip/xc8/v2.10/pic/sources/c99/common/sprcmul.c
		___flmul       		CODE           	4AC0	0000	1067

/opt/microchip/xc8/v2.10/pic/sources/c99/common/sprcmul.c estimated size: 1067

System_init.c
		_init_LED      		CODE           	64D2	0000	11
		_init_task     		CODE           	619A	0000	179
		_calculate_init_tmr0		CODE           	5974	0000	367
		_calculate_init_tmr1		CODE           	5C38	0000	335
		_osc_init      		CODE           	64DC	0000	7
		_System_init   		CODE           	637C	0000	55
		_interrupt_init		CODE           	64E2	0000	7

System_init.c estimated size: 961

/opt/microchip/xc8/v2.10/pic/sources/c99/common/sprcdiv.c
		___fldiv       		CODE           	4EEA	0000	925

/opt/microchip/xc8/v2.10/pic/sources/c99/common/sprcdiv.c estimated size: 925

shared
		_L5            		SMALLCONST     	0000	0000	0
		_P3            		SMALLCONST     	0000	0000	0
		_L6            		SMALLCONST     	0000	0000	0
		_P4            		SMALLCONST     	0000	0000	0
		_P5            		SMALLCONST     	0000	0000	0
		_lg2_l         		SMALLCONST     	0000	0000	0
		i2___wmul      		CODE           	643E	0000	39
		_ivln2_l       		SMALLCONST     	0000	0000	0
		_ivln2         		SMALLCONST     	0000	0000	0
		__initialization		CODE           	6346	0000	45
		_bp            		SMALLCONST     	1069	0000	9
		_cp            		SMALLCONST     	0000	0000	0
		_cp_h          		SMALLCONST     	0000	0000	0
		_dp_h          		SMALLCONST     	1009	0000	9
		_lg2           		SMALLCONST     	0000	0000	0
		_lg2_h         		SMALLCONST     	0000	0000	0
		_ivln2_h       		SMALLCONST     	0000	0000	0
		_tiny          		SMALLCONST     	0000	0000	0
		sqrtf@tiny     		SMALLCONST     	0000	0000	0
		_ovt           		SMALLCONST     	0000	0000	0
		_huge          		SMALLCONST     	0000	0000	0
		_two24         		SMALLCONST     	0000	0000	0
		_cp_l          		SMALLCONST     	0000	0000	0
		_dp_l          		SMALLCONST     	1001	0000	9
		_L1            		SMALLCONST     	0000	0000	0
		_L2            		SMALLCONST     	0000	0000	0
		_L3            		SMALLCONST     	0000	0000	0
		_P1            		SMALLCONST     	0000	0000	0
		_L4            		SMALLCONST     	0000	0000	0
		_P2            		SMALLCONST     	0000	0000	0

shared estimated size: 111

Interrupt.c
		_ISR           		CODE           	0008	0000	129

Interrupt.c estimated size: 129

Driver.c
		_start_timer   		CODE           	63E6	0000	51
		_timer_ISR     		CODE           	64E8	0000	7
		_tmr0_init     		CODE           	64C8	0000	11
		_tmr1_init     		CODE           	64BE	0000	11

Driver.c estimated size: 80

Linked_List.c
		_remove_task   		CODE           	5286	0000	771
		_add_task      		CODE           	3ADC	0000	1639
		_init_arr_task 		CODE           	5D86	0000	291
		_Sched_Update  		CODE           	60B6	0000	229
		_dispatch_task 		CODE           	5AE2	0000	343

Linked_List.c estimated size: 3273

/opt/microchip/xc8/v2.10/pic/sources/c99/common/flneg.c
		___flneg       		CODE           	630E	0000	57

/opt/microchip/xc8/v2.10/pic/sources/c99/common/flneg.c estimated size: 57

/opt/microchip/xc8/v2.10/pic/sources/c99/common/fabsf.c
		_fabsf         		CODE           	63B2	0000	53

/opt/microchip/xc8/v2.10/pic/sources/c99/common/fabsf.c estimated size: 53

/opt/microchip/xc8/v2.10/pic/sources/c99/common/powf.c
		_powf          		CODE           	1080	0000	10845

/opt/microchip/xc8/v2.10/pic/sources/c99/common/powf.c estimated size: 10845

/opt/microchip/xc8/v2.10/pic/sources/c99/common/Umul16.c
		___wmul        		CODE           	6418	0000	39

/opt/microchip/xc8/v2.10/pic/sources/c99/common/Umul16.c estimated size: 39

main.c
		_main          		CODE           	64AE	0000	17

main.c estimated size: 17

Task.c
		_toggle_LED_0  		CODE           	6486	0000	21
		_toggle_LED_4  		CODE           	649A	0000	21

Task.c estimated size: 42

/opt/microchip/xc8/v2.10/pic/sources/c99/common/scalbnf.c
		_scalbnf       		CODE           	5588	0000	565

/opt/microchip/xc8/v2.10/pic/sources/c99/common/scalbnf.c estimated size: 565

/opt/microchip/xc8/v2.10/pic/sources/c99/common/sprcadd.c
		___flsub       		CODE           	62C6	0000	73
		___fladd       		CODE           	4142	0000	1219

/opt/microchip/xc8/v2.10/pic/sources/c99/common/sprcadd.c estimated size: 1292

